2025-08-08 17:40:35,293 - openevolve.controller - INFO - Logging to openevolve_output/level1_74_conv_transposed_1D_dilated/logs/openevolve_20250808_174035.log
2025-08-08 17:40:35,293 - openevolve.controller - INFO - Set random seed to 42 for reproducibility
2025-08-08 17:40:35,333 - openevolve.llm.ensemble - INFO - Initialized LLM ensemble with models: deepseek (weight: 0.80), deepseek (weight: 0.20)
2025-08-08 17:40:35,373 - openevolve.llm.ensemble - INFO - Initialized LLM ensemble with models: deepseek (weight: 0.80), deepseek (weight: 0.20)
2025-08-08 17:40:35,373 - openevolve.prompt.sampler - INFO - Set custom templates: system=evaluator_system_message, user=None
2025-08-08 17:40:35,374 - openevolve.database - INFO - Initialized program database with 0 programs
2025-08-08 17:40:35,395 - openevolve.evaluator - INFO - Successfully loaded evaluation function from openevolve_output/level1_74_conv_transposed_1D_dilated/evaluation.py
2025-08-08 17:40:35,396 - openevolve.evaluator - INFO - Initialized evaluator with openevolve_output/level1_74_conv_transposed_1D_dilated/evaluation.py
2025-08-08 17:40:35,396 - openevolve.controller - INFO - Initialized OpenEvolve with /tmp/2a3b37e012b84a44abf75870524bd466.py
2025-08-08 17:40:35,396 - openevolve.controller - INFO - Adding initial program to database
2025-08-08 17:40:35,396 - openevolve.RemoteSpeedupEvaluator - INFO - [level1_74_conv_transposed_1D_dilated] verify_plus payload: reference_code(1788 chars) + custom_code(1912 chars)
2025-08-08 17:40:38,163 - openevolve.RemoteSpeedupEvaluator - INFO - [level1_74_conv_transposed_1D_dilated] verify_plus request success
2025-08-08 17:40:38,163 - openevolve.RemoteSpeedupEvaluator - INFO - [level1_74_conv_transposed_1D_dilated] verify_plus response: {"id":"level1_74_conv_transposed_1D_dilated","result":{"compiled":true,"correctness":true,"metadata":{"hardware":"NVIDIA L20Y","device":"cuda:0","correctness_trials":"(5 / 5)","reference_timing_ms":0.0612,"speed_up":1.246,"custom_timing":0.0491},"runtime":0.0491,"runtime_stats":{"mean":0.0491,"std":0.00262,"min":0.0467,"max":0.071,"num_trials":100,"hardware":"NVIDIA L20Y","device":"cuda:0"}}}
2025-08-08 17:40:38,164 - openevolve.evaluator - INFO - Evaluated program 927e0d6d-bfeb-477e-a470-241000fd5ff2 in 2.77s: compiled=1.0000, correctness=1.0000, stage=reference code, passed=0.0000, score=0.0000, speed_up=1.0000, runtime_ms=0.0491, meta={'hardware': 'NVIDIA L20Y', 'device': 'cuda:0', 'correctness_trials': '(5 / 5)', 'reference_timing_ms': 0.0612, 'speed_up': 1.246, 'custom_timing': 0.0491}
2025-08-08 17:40:38,164 - openevolve.database - INFO - New MAP-Elites cell occupied: {'score': 0, 'complexity': 1}
2025-08-08 17:40:38,179 - openevolve.threaded_parallel - INFO - Initializing threaded evaluation pool with 3 workers
2025-08-08 17:40:38,180 - openevolve.threaded_parallel - INFO - Started thread pool with 3 threads
2025-08-08 17:40:38,180 - openevolve.threaded_parallel - INFO - Started improved parallel controller
2025-08-08 17:40:38,180 - openevolve.controller - INFO - Using island-based evolution with 3 islands
2025-08-08 17:40:38,180 - openevolve.database - INFO - Island Status:
2025-08-08 17:40:38,180 - openevolve.database - INFO -  * Island 0: 1 programs, best=0.0000, avg=0.0000, diversity=0.00, gen=0 (best: 927e0d6d-bfeb-477e-a470-241000fd5ff2)
2025-08-08 17:40:38,180 - openevolve.database - INFO -    Island 1: 0 programs, best=0.0000, avg=0.0000, diversity=0.00, gen=0
2025-08-08 17:40:38,180 - openevolve.database - INFO -    Island 2: 0 programs, best=0.0000, avg=0.0000, diversity=0.00, gen=0
2025-08-08 17:40:38,180 - openevolve.threaded_parallel - INFO - Starting improved parallel evolution from iteration 0 for 30 iterations (total: 30)
2025-08-08 17:40:38,317 - openevolve.llm.ensemble - INFO - Initialized LLM ensemble with models: deepseek (weight: 0.80), deepseek (weight: 0.20)
2025-08-08 17:40:38,327 - openevolve.llm.ensemble - INFO - Initialized LLM ensemble with models: deepseek (weight: 0.80), deepseek (weight: 0.20)
2025-08-08 17:40:38,341 - openevolve.llm.ensemble - INFO - Initialized LLM ensemble with models: deepseek (weight: 0.80), deepseek (weight: 0.20)
2025-08-08 17:40:38,451 - openevolve.llm.ensemble - INFO - Initialized LLM ensemble with models: deepseek (weight: 0.80), deepseek (weight: 0.20)
2025-08-08 17:40:38,452 - openevolve.prompt.sampler - INFO - Set custom templates: system=evaluator_system_message, user=None
2025-08-08 17:40:38,454 - openevolve.evaluator - INFO - Successfully loaded evaluation function from openevolve_output/level1_74_conv_transposed_1D_dilated/evaluation.py
2025-08-08 17:40:38,454 - openevolve.evaluator - INFO - Initialized evaluator with openevolve_output/level1_74_conv_transposed_1D_dilated/evaluation.py
2025-08-08 17:40:38,457 - openevolve.llm.ensemble - INFO - Sampled model: deepseek
2025-08-08 17:40:38,463 - openevolve.llm.ensemble - INFO - Initialized LLM ensemble with models: deepseek (weight: 0.80), deepseek (weight: 0.20)
2025-08-08 17:40:38,463 - openevolve.prompt.sampler - INFO - Set custom templates: system=evaluator_system_message, user=None
2025-08-08 17:40:38,465 - openevolve.evaluator - INFO - Successfully loaded evaluation function from openevolve_output/level1_74_conv_transposed_1D_dilated/evaluation.py
2025-08-08 17:40:38,465 - openevolve.evaluator - INFO - Initialized evaluator with openevolve_output/level1_74_conv_transposed_1D_dilated/evaluation.py
2025-08-08 17:40:38,467 - openevolve.llm.ensemble - INFO - Sampled model: deepseek
2025-08-08 17:40:38,470 - openevolve.llm.ensemble - INFO - Initialized LLM ensemble with models: deepseek (weight: 0.80), deepseek (weight: 0.20)
2025-08-08 17:40:38,470 - openevolve.prompt.sampler - INFO - Set custom templates: system=evaluator_system_message, user=None
2025-08-08 17:40:38,472 - openevolve.evaluator - INFO - Successfully loaded evaluation function from openevolve_output/level1_74_conv_transposed_1D_dilated/evaluation.py
2025-08-08 17:40:38,472 - openevolve.evaluator - INFO - Initialized evaluator with openevolve_output/level1_74_conv_transposed_1D_dilated/evaluation.py
2025-08-08 17:40:38,474 - openevolve.llm.ensemble - INFO - Sampled model: deepseek
2025-08-08 17:53:13,097 - openevolve.RemoteSpeedupEvaluator - INFO - [level1_74_conv_transposed_1D_dilated] triton key words check pass
2025-08-08 17:53:13,098 - openevolve.RemoteSpeedupEvaluator - INFO - [level1_74_conv_transposed_1D_dilated] verify_plus payload: reference_code(1788 chars) + custom_code(4620 chars)
2025-08-08 17:53:15,718 - openevolve.RemoteSpeedupEvaluator - INFO - [level1_74_conv_transposed_1D_dilated] verify_plus request success
2025-08-08 17:53:15,718 - openevolve.RemoteSpeedupEvaluator - INFO - [level1_74_conv_transposed_1D_dilated] verify_plus response: {"id":"level1_74_conv_transposed_1D_dilated","result":{"error":"name 'math' is not defined\nTraceback (most recent call last):\n  File \"/cpfs01/shared/llm_kernel/hujiakai/KernelLLM/validation_api_server/evaluator.py\", line 173, in _verification_worker\n    result: KernelExecResult = eval_kernel_against_ref(\n  File \"/cpfs01/shared/llm_kernel/hujiakai/KernelLLM/validation_api_server/helpers/evaluations.py\", line 484, in eval_kernel_against_ref\n    custom_model = ModelNew(*init_args, **init_kwargs)\n  File \"/tmp/tmp82do41gf.py\", line 25, in __init__\n    nn.init.kaiming_uniform_(self.weight, a=math.sqrt(5))\nNameError: name 'math' is not defined\n"}}
2025-08-08 17:53:15,718 - openevolve.RemoteSpeedupEvaluator - INFO - [level1_74_conv_transposed_1D_dilated] âœ˜ compile_error
2025-08-08 17:53:15,718 - openevolve.RemoteSpeedupEvaluator - INFO - [level1_74_conv_transposed_1D_dilated_b9d512] execute payload: {id:level1_74_conv_transposed_1D_dilated_b9d512, device_type:NV_LY_20}
2025-08-08 17:53:18,028 - openevolve.RemoteSpeedupEvaluator - INFO - [level1_74_conv_transposed_1D_dilated_b9d512] execute request success
2025-08-08 17:53:18,028 - openevolve.RemoteSpeedupEvaluator - INFO - [level1_74_conv_transposed_1D_dilated_b9d512] execute response: {"id":"level1_74_conv_transposed_1D_dilated_b9d512","exit_code":"1","content":"[Child] ç»‘å®š GPU 4, torch sees 1 device(s)\n\n[Exception]\nTraceback (most recent call last):\n  File \"/cpfs01/shared/llm_kernel/hujiakai/KernelLLM/validation_api_server/code_executor.py\", line 77, in _exec_worker\n    raise RuntimeError(\nRuntimeError: ç¼ºå°‘ Model / get_init_inputs / get_inputs å®šä¹‰ï¼Œæ— æ³• KernelBench\n"}
2025-08-08 17:53:18,029 - openevolve.evaluator - INFO - Evaluated program 344da7f5-82be-4cb5-91b2-1bbe38400325 in 4.93s: compiled=0.0000, correctness=0.0000, score=1.0000, stage=compile_error, compile_log=name 'math' is not defined
Traceback (most recent call last):
  File "/cpfs01/shared/llm_kernel/hujiakai/KernelLLM/validation_api_server/evaluator.py", line 173, in _verification_worker
    result: KernelExecResult = eval_kernel_against_ref(
  File "/cpfs01/shared/llm_kernel/hujiakai/KernelLLM/validation_api_server/helpers/evaluations.py", line 484, in eval_kernel_against_ref
    custom_model = ModelNew(*init_args, **init_kwargs)
  File "/tmp/tmp82do41gf.py", line 25, in __init__
    nn.init.kaiming_uniform_(self.weight, a=math.sqrt(5))
NameError: name 'math' is not defined
, exec_log=[Child] ç»‘å®š GPU 4, torch sees 1 device(s)

[Exception]
Traceback (most recent call last):
  File "/cpfs01/shared/llm_kernel/hujiakai/KernelLLM/validation_api_server/code_executor.py", line 77, in _exec_worker
    raise RuntimeError(
RuntimeError: ç¼ºå°‘ Model / get_init_inputs / get_inputs å®šä¹‰ï¼Œæ— æ³• KernelBench
, exit_code=1
2025-08-08 17:53:18,032 - openevolve.llm.ensemble - INFO - Sampled model: deepseek
2025-08-08 17:53:18,033 - openevolve.database - INFO - New MAP-Elites cell occupied: {'score': 9, 'complexity': 9}
2025-08-08 17:53:18,033 - openevolve.database - INFO - New best program 344da7f5-82be-4cb5-91b2-1bbe38400325 replaces 927e0d6d-bfeb-477e-a470-241000fd5ff2
2025-08-08 17:53:18,062 - openevolve.threaded_parallel - INFO - Iteration 2: Program 344da7f5-82be-4cb5-91b2-1bbe38400325 (parent: 927e0d6d-bfeb-477e-a470-241000fd5ff2) completed in 759.56s
2025-08-08 17:53:18,062 - openevolve.threaded_parallel - INFO - Metrics: compiled=0.0000, correctness=0.0000, score=1.0000, stage=compile_error, compile_log=name 'math' is not defined
Traceback (most recent call last):
  File "/cpfs01/shared/llm_kernel/hujiakai/KernelLLM/validation_api_server/evaluator.py", line 173, in _verification_worker
    result: KernelExecResult = eval_kernel_against_ref(
  File "/cpfs01/shared/llm_kernel/hujiakai/KernelLLM/validation_api_server/helpers/evaluations.py", line 484, in eval_kernel_against_ref
    custom_model = ModelNew(*init_args, **init_kwargs)
  File "/tmp/tmp82do41gf.py", line 25, in __init__
    nn.init.kaiming_uniform_(self.weight, a=math.sqrt(5))
NameError: name 'math' is not defined
, exec_log=[Child] ç»‘å®š GPU 4, torch sees 1 device(s)

[Exception]
Traceback (most recent call last):
  File "/cpfs01/shared/llm_kernel/hujiakai/KernelLLM/validation_api_server/code_executor.py", line 77, in _exec_worker
    raise RuntimeError(
RuntimeError: ç¼ºå°‘ Model / get_init_inputs / get_inputs å®šä¹‰ï¼Œæ— æ³• KernelBench
, exit_code=1
2025-08-08 17:53:18,062 - openevolve.threaded_parallel - INFO - ðŸŒŸ New best solution found at iteration 2: 344da7f5-82be-4cb5-91b2-1bbe38400325
2025-08-08 17:57:38,919 - openevolve.RemoteSpeedupEvaluator - INFO - [level1_74_conv_transposed_1D_dilated] triton key words check pass
2025-08-08 17:57:38,920 - openevolve.RemoteSpeedupEvaluator - INFO - [level1_74_conv_transposed_1D_dilated] verify_plus payload: reference_code(1788 chars) + custom_code(3769 chars)
2025-08-08 17:57:42,016 - openevolve.RemoteSpeedupEvaluator - INFO - [level1_74_conv_transposed_1D_dilated] verify_plus request success
2025-08-08 17:57:42,017 - openevolve.RemoteSpeedupEvaluator - INFO - [level1_74_conv_transposed_1D_dilated] verify_plus response: {"id":"level1_74_conv_transposed_1D_dilated","result":{"compiled":true,"correctness":false,"metadata":{"hardware":"NVIDIA L20Y","device":"cuda:4","runtime_error":"Traceback (most recent call last):\n  File \"/cpfs01/shared/llm_kernel/hujiakai/KernelLLM/validation_api_server/helpers/evaluations.py\", line 720, in run_and_check_correctness\n    output_new = model_new(*inputs)\n  File \"/home/lijiaxing/.conda/envs/api/lib/python3.10/site-packages/torch/nn/modules/module.py\", line 1773, in _wrapped_call_impl\n    return self._call_impl(*args, **kwargs)\n  File \"/home/lijiaxing/.conda/envs/api/lib/python3.10/site-packages/torch/nn/modules/module.py\", line 1784, in _call_impl\n    return forward_call(*args, **kwargs)\n  File \"/tmp/tmphxtc9iir.py\", line 69, in forward\n    conv_transpose1d_k
2025-08-08 17:57:42,017 - openevolve.RemoteSpeedupEvaluator - INFO - [level1_74_conv_transposed_1D_dilated] âœ˜ wrong_answer
2025-08-08 17:57:42,017 - openevolve.evaluator - INFO - Evaluated program ffadcf52-d969-4762-9a6a-9d9358fa6a13 in 3.10s: compiled=1.0000, correctness=0.0000, score=10.0000, stage=wrong_answer, verify_payload={'id': 'level1_74_conv_transposed_1D_dilated', 'result': {'compiled': True, 'correctness': False, 'metadata': {'hardware': 'NVIDIA L20Y', 'device': 'cuda:4', 'runtime_error': 'Traceback (most recent call last):\n  File "/cpfs01/shared/llm_kernel/hujiakai/KernelLLM/validation_api_server/helpers/evaluations.py", line 720, in run_and_check_correctness\n    output_new = model_new(*inputs)\n  File "/home/lijiaxing/.conda/envs/api/lib/python3.10/site-packages/torch/nn/modules/module.py", line 1773, in _wrapped_call_impl\n    return self._call_impl(*args, **kwargs)\n  File "/home/lijiaxing/.conda/envs/api/lib/python3.10/site-packages/torch/nn/modules/module.py", line 1784, in _call_impl\n    return forward_call(*args, **kwargs)\n  File "/tmp/tmphxtc9iir.py", line 69, in forward\n    conv_transpose1d_kernel[grid](\n  File "/home/lijiaxing/.conda/envs/api/lib/python3.10/site-packages/triton/runtime/jit.py", line 390, in <lambda>\n    return lambda *args, **kwargs: self.run(grid=grid, warmup=False, *args, **kwargs)\n  File "/home/lijiaxing/.conda/envs/api/lib/python3.10/site-packages/triton/runtime/jit.py", line 594, in run\n    kernel = self.compile(src, target=target, options=options.__dict__)\n  File "/home/lijiaxing/.conda/envs/api/lib/python3.10/site-packages/triton/compiler/compiler.py", line 339, in compile\n    module = src.make_ir(options, codegen_fns, module_map, context)\n  File "/home/lijiaxing/.conda/envs/api/lib/python3.10/site-packages/triton/compiler/compiler.py", line 83, in make_ir\n    return ast_to_ttir(self.fn, self, context=context, options=options, codegen_fns=codegen_fns,\ntriton.compiler.errors.CompilationError: at 14:28:\n    w_ptr,\n    output_ptr,\n    B, C_in, L_in, C_out, L_out, K, \n    stride, padding, dilation,\n    stride_xb, stride_xc, stride_xl,\n    stride_wic, stride_woc, stride_wk,\n    stride_ob, stride_oc, stride_ol,\n    BLOCK_SIZE: tl.constexpr,\n    BLOCK_K: tl.constexpr,\n):\n    pid = tl.program_id(0)\n    pid_b = pid // (C_out * triton.cdiv(L_out, BLOCK_SIZE))\n                            ^\nValueError(\'Did you forget to add @triton.jit ? (`_semantic` argument must be provided outside of JIT functions.)\')\n\n\nThe above exception was the direct cause of the following exception:\n\nTraceback (most recent call last):\n  File "/home/lijiaxing/.conda/envs/api/lib/python3.10/site-packages/triton/__init__.py", line 63, in cdiv\n    return (x + y - 1) // y\n  File "/home/lijiaxing/.conda/envs/api/lib/python3.10/site-packages/triton/language/core.py", line 40, in wrapper\n    raise ValueError("Did you forget to add @triton.jit ? "\nValueError: Did you forget to add @triton.jit ? (`_semantic` argument must be provided outside of JIT functions.)\n', 'runtime_error_name': 'triton.compiler.errors.CompilationError', 'reference_timing_ms': 0.0612, 'speed_up': -1.0, 'custom_timing': -1.0}, 'runtime': -1.0, 'runtime_stats': {}}}
2025-08-08 17:57:42,020 - openevolve.llm.ensemble - INFO - Sampled model: deepseek
2025-08-08 17:57:42,027 - openevolve.database - INFO - New MAP-Elites cell occupied: {'score': 9, 'complexity': 6}
2025-08-08 17:57:42,027 - openevolve.database - INFO - New best program ffadcf52-d969-4762-9a6a-9d9358fa6a13 replaces 344da7f5-82be-4cb5-91b2-1bbe38400325
2025-08-08 17:57:42,040 - openevolve.threaded_parallel - INFO - Iteration 0: Program ffadcf52-d969-4762-9a6a-9d9358fa6a13 (parent: 927e0d6d-bfeb-477e-a470-241000fd5ff2) completed in 1023.54s
2025-08-08 17:57:42,040 - openevolve.threaded_parallel - INFO - Metrics: compiled=1.0000, correctness=0.0000, score=10.0000, stage=wrong_answer, verify_payload={'id': 'level1_74_conv_transposed_1D_dilated', 'result': {'compiled': True, 'correctness': False, 'metadata': {'hardware': 'NVIDIA L20Y', 'device': 'cuda:4', 'runtime_error': 'Traceback (most recent call last):\n  File "/cpfs01/shared/llm_kernel/hujiakai/KernelLLM/validation_api_server/helpers/evaluations.py", line 720, in run_and_check_correctness\n    output_new = model_new(*inputs)\n  File "/home/lijiaxing/.conda/envs/api/lib/python3.10/site-packages/torch/nn/modules/module.py", line 1773, in _wrapped_call_impl\n    return self._call_impl(*args, **kwargs)\n  File "/home/lijiaxing/.conda/envs/api/lib/python3.10/site-packages/torch/nn/modules/module.py", line 1784, in _call_impl\n    return forward_call(*args, **kwargs)\n  File "/tmp/tmphxtc9iir.py", line 69, in forward\n    conv_transpose1d_kernel[grid](\n  File "/home/lijiaxing/.conda/envs/api/lib/python3.10/site-packages/triton/runtime/jit.py", line 390, in <lambda>\n    return lambda *args, **kwargs: self.run(grid=grid, warmup=False, *args, **kwargs)\n  File "/home/lijiaxing/.conda/envs/api/lib/python3.10/site-packages/triton/runtime/jit.py", line 594, in run\n    kernel = self.compile(src, target=target, options=options.__dict__)\n  File "/home/lijiaxing/.conda/envs/api/lib/python3.10/site-packages/triton/compiler/compiler.py", line 339, in compile\n    module = src.make_ir(options, codegen_fns, module_map, context)\n  File "/home/lijiaxing/.conda/envs/api/lib/python3.10/site-packages/triton/compiler/compiler.py", line 83, in make_ir\n    return ast_to_ttir(self.fn, self, context=context, options=options, codegen_fns=codegen_fns,\ntriton.compiler.errors.CompilationError: at 14:28:\n    w_ptr,\n    output_ptr,\n    B, C_in, L_in, C_out, L_out, K, \n    stride, padding, dilation,\n    stride_xb, stride_xc, stride_xl,\n    stride_wic, stride_woc, stride_wk,\n    stride_ob, stride_oc, stride_ol,\n    BLOCK_SIZE: tl.constexpr,\n    BLOCK_K: tl.constexpr,\n):\n    pid = tl.program_id(0)\n    pid_b = pid // (C_out * triton.cdiv(L_out, BLOCK_SIZE))\n                            ^\nValueError(\'Did you forget to add @triton.jit ? (`_semantic` argument must be provided outside of JIT functions.)\')\n\n\nThe above exception was the direct cause of the following exception:\n\nTraceback (most recent call last):\n  File "/home/lijiaxing/.conda/envs/api/lib/python3.10/site-packages/triton/__init__.py", line 63, in cdiv\n    return (x + y - 1) // y\n  File "/home/lijiaxing/.conda/envs/api/lib/python3.10/site-packages/triton/language/core.py", line 40, in wrapper\n    raise ValueError("Did you forget to add @triton.jit ? "\nValueError: Did you forget to add @triton.jit ? (`_semantic` argument must be provided outside of JIT functions.)\n', 'runtime_error_name': 'triton.compiler.errors.CompilationError', 'reference_timing_ms': 0.0612, 'speed_up': -1.0, 'custom_timing': -1.0}, 'runtime': -1.0, 'runtime_stats': {}}}
2025-08-08 17:57:42,040 - openevolve.threaded_parallel - INFO - ðŸŒŸ New best solution found at iteration 0: ffadcf52-d969-4762-9a6a-9d9358fa6a13
2025-08-08 17:57:42,040 - openevolve.threaded_parallel - INFO - Checkpoint interval reached at iteration 0
2025-08-08 17:57:42,040 - openevolve.database - INFO - Island Status:
2025-08-08 17:57:42,040 - openevolve.database - INFO -  * Island 0: 3 programs, best=10.0000, avg=3.6667, diversity=585.07, gen=2 (best: ffadcf52-d969-4762-9a6a-9d9358fa6a13)
2025-08-08 17:57:42,040 - openevolve.database - INFO -    Island 1: 0 programs, best=0.0000, avg=0.0000, diversity=0.00, gen=0
2025-08-08 17:57:42,040 - openevolve.database - INFO -    Island 2: 0 programs, best=0.0000, avg=0.0000, diversity=0.00, gen=0
2025-08-08 17:57:42,084 - openevolve.database - INFO - Saved database with 3 programs to openevolve_output/level1_74_conv_transposed_1D_dilated/checkpoints/checkpoint_0
2025-08-08 17:57:42,094 - openevolve.controller - INFO - Saved best program at checkpoint 0 with metrics: compiled=1.0000, correctness=0.0000, score=10.0000, stage=wrong_answer, verify_payload={'id': 'level1_74_conv_transposed_1D_dilated', 'result': {'compiled': True, 'correctness': False, 'metadata': {'hardware': 'NVIDIA L20Y', 'device': 'cuda:4', 'runtime_error': 'Traceback (most recent call last):\n  File "/cpfs01/shared/llm_kernel/hujiakai/KernelLLM/validation_api_server/helpers/evaluations.py", line 720, in run_and_check_correctness\n    output_new = model_new(*inputs)\n  File "/home/lijiaxing/.conda/envs/api/lib/python3.10/site-packages/torch/nn/modules/module.py", line 1773, in _wrapped_call_impl\n    return self._call_impl(*args, **kwargs)\n  File "/home/lijiaxing/.conda/envs/api/lib/python3.10/site-packages/torch/nn/modules/module.py", line 1784, in _call_impl\n    return forward_call(*args, **kwargs)\n  File "/tmp/tmphxtc9iir.py", line 69, in forward\n    conv_transpose1d_kernel[grid](\n  File "/home/lijiaxing/.conda/envs/api/lib/python3.10/site-packages/triton/runtime/jit.py", line 390, in <lambda>\n    return lambda *args, **kwargs: self.run(grid=grid, warmup=False, *args, **kwargs)\n  File "/home/lijiaxing/.conda/envs/api/lib/python3.10/site-packages/triton/runtime/jit.py", line 594, in run\n    kernel = self.compile(src, target=target, options=options.__dict__)\n  File "/home/lijiaxing/.conda/envs/api/lib/python3.10/site-packages/triton/compiler/compiler.py", line 339, in compile\n    module = src.make_ir(options, codegen_fns, module_map, context)\n  File "/home/lijiaxing/.conda/envs/api/lib/python3.10/site-packages/triton/compiler/compiler.py", line 83, in make_ir\n    return ast_to_ttir(self.fn, self, context=context, options=options, codegen_fns=codegen_fns,\ntriton.compiler.errors.CompilationError: at 14:28:\n    w_ptr,\n    output_ptr,\n    B, C_in, L_in, C_out, L_out, K, \n    stride, padding, dilation,\n    stride_xb, stride_xc, stride_xl,\n    stride_wic, stride_woc, stride_wk,\n    stride_ob, stride_oc, stride_ol,\n    BLOCK_SIZE: tl.constexpr,\n    BLOCK_K: tl.constexpr,\n):\n    pid = tl.program_id(0)\n    pid_b = pid // (C_out * triton.cdiv(L_out, BLOCK_SIZE))\n                            ^\nValueError(\'Did you forget to add @triton.jit ? (`_semantic` argument must be provided outside of JIT functions.)\')\n\n\nThe above exception was the direct cause of the following exception:\n\nTraceback (most recent call last):\n  File "/home/lijiaxing/.conda/envs/api/lib/python3.10/site-packages/triton/__init__.py", line 63, in cdiv\n    return (x + y - 1) // y\n  File "/home/lijiaxing/.conda/envs/api/lib/python3.10/site-packages/triton/language/core.py", line 40, in wrapper\n    raise ValueError("Did you forget to add @triton.jit ? "\nValueError: Did you forget to add @triton.jit ? (`_semantic` argument must be provided outside of JIT functions.)\n', 'runtime_error_name': 'triton.compiler.errors.CompilationError', 'reference_timing_ms': 0.0612, 'speed_up': -1.0, 'custom_timing': -1.0}, 'runtime': -1.0, 'runtime_stats': {}}}
2025-08-08 17:57:42,095 - openevolve.controller - INFO - Saved checkpoint at iteration 0 to openevolve_output/level1_74_conv_transposed_1D_dilated/checkpoints/checkpoint_0
2025-08-08 18:00:48,251 - openevolve.RemoteSpeedupEvaluator - INFO - [level1_74_conv_transposed_1D_dilated] triton key words check pass
2025-08-08 18:00:48,252 - openevolve.RemoteSpeedupEvaluator - INFO - [level1_74_conv_transposed_1D_dilated] verify_plus payload: reference_code(1788 chars) + custom_code(4105 chars)
2025-08-08 18:00:51,743 - openevolve.RemoteSpeedupEvaluator - INFO - [level1_74_conv_transposed_1D_dilated] verify_plus request success
2025-08-08 18:00:51,743 - openevolve.RemoteSpeedupEvaluator - INFO - [level1_74_conv_transposed_1D_dilated] verify_plus response: {"id":"level1_74_conv_transposed_1D_dilated","result":{"compiled":true,"correctness":false,"metadata":{"hardware":"NVIDIA L20Y","device":"cuda:3","runtime_error":"Traceback (most recent call last):\n  File \"/cpfs01/shared/llm_kernel/hujiakai/KernelLLM/validation_api_server/helpers/evaluations.py\", line 720, in run_and_check_correctness\n    output_new = model_new(*inputs)\n  File \"/home/lijiaxing/.conda/envs/api/lib/python3.10/site-packages/torch/nn/modules/module.py\", line 1773, in _wrapped_call_impl\n    return self._call_impl(*args, **kwargs)\n  File \"/home/lijiaxing/.conda/envs/api/lib/python3.10/site-packages/torch/nn/modules/module.py\", line 1784, in _call_impl\n    return forward_call(*args, **kwargs)\n  File \"/tmp/tmp2slrf6_2.py\", line 99, in forward\n    _conv_transpose1d_
2025-08-08 18:00:51,743 - openevolve.RemoteSpeedupEvaluator - INFO - [level1_74_conv_transposed_1D_dilated] âœ˜ wrong_answer
2025-08-08 18:00:51,743 - openevolve.evaluator - INFO - Evaluated program 3aa5b006-d8d1-40f2-b497-1cb44f6bc8ad in 3.49s: compiled=1.0000, correctness=0.0000, score=10.0000, stage=wrong_answer, verify_payload={'id': 'level1_74_conv_transposed_1D_dilated', 'result': {'compiled': True, 'correctness': False, 'metadata': {'hardware': 'NVIDIA L20Y', 'device': 'cuda:3', 'runtime_error': 'Traceback (most recent call last):\n  File "/cpfs01/shared/llm_kernel/hujiakai/KernelLLM/validation_api_server/helpers/evaluations.py", line 720, in run_and_check_correctness\n    output_new = model_new(*inputs)\n  File "/home/lijiaxing/.conda/envs/api/lib/python3.10/site-packages/torch/nn/modules/module.py", line 1773, in _wrapped_call_impl\n    return self._call_impl(*args, **kwargs)\n  File "/home/lijiaxing/.conda/envs/api/lib/python3.10/site-packages/torch/nn/modules/module.py", line 1784, in _call_impl\n    return forward_call(*args, **kwargs)\n  File "/tmp/tmp2slrf6_2.py", line 99, in forward\n    _conv_transpose1d_forward[grid](\n  File "/home/lijiaxing/.conda/envs/api/lib/python3.10/site-packages/triton/runtime/jit.py", line 390, in <lambda>\n    return lambda *args, **kwargs: self.run(grid=grid, warmup=False, *args, **kwargs)\n  File "/home/lijiaxing/.conda/envs/api/lib/python3.10/site-packages/triton/runtime/jit.py", line 594, in run\n    kernel = self.compile(src, target=target, options=options.__dict__)\n  File "/home/lijiaxing/.conda/envs/api/lib/python3.10/site-packages/triton/compiler/compiler.py", line 339, in compile\n    module = src.make_ir(options, codegen_fns, module_map, context)\n  File "/home/lijiaxing/.conda/envs/api/lib/python3.10/site-packages/triton/compiler/compiler.py", line 83, in make_ir\n    return ast_to_ttir(self.fn, self, context=context, options=options, codegen_fns=codegen_fns,\ntriton.compiler.errors.CompilationError: at 24:8:\n    pid_oc = tl.program_id(1)\n    pid_block = tl.program_id(2)\n\n    o_idx_start = pid_block * BLOCK_SIZE\n    o_idx_end = tl.minimum(o_idx_start + BLOCK_SIZE, out_length)\n\n    weight_ptr += pid_oc * in_channels * kernel_size\n\n    for o_idx in range(o_idx_start, o_idx_end):\n        acc = 0.0\n\n        for k in tl.static_range(0, kernel_size):\n        ^\nAssertionError(\'int32[] used as tl.static_range end value is not a constexpr\')\n\n\nThe above exception was the direct cause of the following exception:\n\nTraceback (most recent call last):\n  File "/home/lijiaxing/.conda/envs/api/lib/python3.10/site-packages/triton/language/core.py", line 3130, in __init__\n    assert isinstance(arg2, constexpr), f"{arg2} used as tl.static_range end value is not a constexpr"\nAssertionError: int32[] used as tl.static_range end value is not a constexpr\n', 'runtime_error_name': 'triton.compiler.errors.CompilationError', 'reference_timing_ms': 0.0612, 'speed_up': -1.0, 'custom_timing': -1.0}, 'runtime': -1.0, 'runtime_stats': {}}}
2025-08-08 18:00:51,746 - openevolve.database - INFO - New MAP-Elites cell occupied: {'score': 9, 'complexity': 8}
2025-08-08 18:00:51,748 - openevolve.llm.ensemble - INFO - Sampled model: deepseek
2025-08-08 18:00:51,758 - openevolve.threaded_parallel - INFO - Iteration 1: Program 3aa5b006-d8d1-40f2-b497-1cb44f6bc8ad (parent: 927e0d6d-bfeb-477e-a470-241000fd5ff2) completed in 1213.29s
2025-08-08 18:00:51,758 - openevolve.threaded_parallel - INFO - Metrics: compiled=1.0000, correctness=0.0000, score=10.0000, stage=wrong_answer, verify_payload={'id': 'level1_74_conv_transposed_1D_dilated', 'result': {'compiled': True, 'correctness': False, 'metadata': {'hardware': 'NVIDIA L20Y', 'device': 'cuda:3', 'runtime_error': 'Traceback (most recent call last):\n  File "/cpfs01/shared/llm_kernel/hujiakai/KernelLLM/validation_api_server/helpers/evaluations.py", line 720, in run_and_check_correctness\n    output_new = model_new(*inputs)\n  File "/home/lijiaxing/.conda/envs/api/lib/python3.10/site-packages/torch/nn/modules/module.py", line 1773, in _wrapped_call_impl\n    return self._call_impl(*args, **kwargs)\n  File "/home/lijiaxing/.conda/envs/api/lib/python3.10/site-packages/torch/nn/modules/module.py", line 1784, in _call_impl\n    return forward_call(*args, **kwargs)\n  File "/tmp/tmp2slrf6_2.py", line 99, in forward\n    _conv_transpose1d_forward[grid](\n  File "/home/lijiaxing/.conda/envs/api/lib/python3.10/site-packages/triton/runtime/jit.py", line 390, in <lambda>\n    return lambda *args, **kwargs: self.run(grid=grid, warmup=False, *args, **kwargs)\n  File "/home/lijiaxing/.conda/envs/api/lib/python3.10/site-packages/triton/runtime/jit.py", line 594, in run\n    kernel = self.compile(src, target=target, options=options.__dict__)\n  File "/home/lijiaxing/.conda/envs/api/lib/python3.10/site-packages/triton/compiler/compiler.py", line 339, in compile\n    module = src.make_ir(options, codegen_fns, module_map, context)\n  File "/home/lijiaxing/.conda/envs/api/lib/python3.10/site-packages/triton/compiler/compiler.py", line 83, in make_ir\n    return ast_to_ttir(self.fn, self, context=context, options=options, codegen_fns=codegen_fns,\ntriton.compiler.errors.CompilationError: at 24:8:\n    pid_oc = tl.program_id(1)\n    pid_block = tl.program_id(2)\n\n    o_idx_start = pid_block * BLOCK_SIZE\n    o_idx_end = tl.minimum(o_idx_start + BLOCK_SIZE, out_length)\n\n    weight_ptr += pid_oc * in_channels * kernel_size\n\n    for o_idx in range(o_idx_start, o_idx_end):\n        acc = 0.0\n\n        for k in tl.static_range(0, kernel_size):\n        ^\nAssertionError(\'int32[] used as tl.static_range end value is not a constexpr\')\n\n\nThe above exception was the direct cause of the following exception:\n\nTraceback (most recent call last):\n  File "/home/lijiaxing/.conda/envs/api/lib/python3.10/site-packages/triton/language/core.py", line 3130, in __init__\n    assert isinstance(arg2, constexpr), f"{arg2} used as tl.static_range end value is not a constexpr"\nAssertionError: int32[] used as tl.static_range end value is not a constexpr\n', 'runtime_error_name': 'triton.compiler.errors.CompilationError', 'reference_timing_ms': 0.0612, 'speed_up': -1.0, 'custom_timing': -1.0}, 'runtime': -1.0, 'runtime_stats': {}}}
2025-08-08 18:06:16,068 - openevolve.RemoteSpeedupEvaluator - INFO - [level1_74_conv_transposed_1D_dilated] triton key words check pass
2025-08-08 18:06:16,070 - openevolve.RemoteSpeedupEvaluator - INFO - [level1_74_conv_transposed_1D_dilated] verify_plus payload: reference_code(1788 chars) + custom_code(4286 chars)
2025-08-08 18:06:19,009 - openevolve.RemoteSpeedupEvaluator - INFO - [level1_74_conv_transposed_1D_dilated] verify_plus request success
2025-08-08 18:06:19,010 - openevolve.RemoteSpeedupEvaluator - INFO - [level1_74_conv_transposed_1D_dilated] verify_plus response: {"id":"level1_74_conv_transposed_1D_dilated","result":{"compiled":true,"correctness":false,"metadata":{"hardware":"NVIDIA L20Y","device":"cuda:7","runtime_error":"Traceback (most recent call last):\n  File \"/home/lijiaxing/.conda/envs/api/lib/python3.10/site-packages/triton/language/core.py\", line 42, in wrapper\n    return fn(*args, **kwargs)\n  File \"/home/lijiaxing/.conda/envs/api/lib/python3.10/site-packages/triton/language/core.py\", line 2150, in load\n    return _semantic.load(pointer, mask, other, boundary_check, padding_option, cache_modifier, eviction_policy,\n  File \"/home/lijiaxing/.conda/envs/api/lib/python3.10/site-packages/triton/language/semantic.py\", line 1086, in load\n    return self._load_legacy(ptr, mask, other, boundary_check, padding, cache, eviction, is_volatil
2025-08-08 18:06:19,010 - openevolve.RemoteSpeedupEvaluator - INFO - [level1_74_conv_transposed_1D_dilated] âœ˜ wrong_answer
2025-08-08 18:06:19,010 - openevolve.evaluator - INFO - Evaluated program 2d10f64c-69fe-4d63-a57c-0309e33b3a79 in 2.94s: compiled=1.0000, correctness=0.0000, score=10.0000, stage=wrong_answer, verify_payload={'id': 'level1_74_conv_transposed_1D_dilated', 'result': {'compiled': True, 'correctness': False, 'metadata': {'hardware': 'NVIDIA L20Y', 'device': 'cuda:7', 'runtime_error': 'Traceback (most recent call last):\n  File "/home/lijiaxing/.conda/envs/api/lib/python3.10/site-packages/triton/language/core.py", line 42, in wrapper\n    return fn(*args, **kwargs)\n  File "/home/lijiaxing/.conda/envs/api/lib/python3.10/site-packages/triton/language/core.py", line 2150, in load\n    return _semantic.load(pointer, mask, other, boundary_check, padding_option, cache_modifier, eviction_policy,\n  File "/home/lijiaxing/.conda/envs/api/lib/python3.10/site-packages/triton/language/semantic.py", line 1086, in load\n    return self._load_legacy(ptr, mask, other, boundary_check, padding, cache, eviction, is_volatile)\n  File "/home/lijiaxing/.conda/envs/api/lib/python3.10/site-packages/triton/language/semantic.py", line 1017, in _load_legacy\n    raise ValueError(f"Unsupported ptr type {ptr.type.__repr__()} in `tl.load`")\nValueError: Unsupported ptr type <[\'128\'], int64> in `tl.load`\n\nThe above exception was the direct cause of the following exception:\n\nTraceback (most recent call last):\n  File "/cpfs01/shared/llm_kernel/hujiakai/KernelLLM/validation_api_server/helpers/evaluations.py", line 720, in run_and_check_correctness\n    output_new = model_new(*inputs)\n  File "/home/lijiaxing/.conda/envs/api/lib/python3.10/site-packages/torch/nn/modules/module.py", line 1773, in _wrapped_call_impl\n    return self._call_impl(*args, **kwargs)\n  File "/home/lijiaxing/.conda/envs/api/lib/python3.10/site-packages/torch/nn/modules/module.py", line 1784, in _call_impl\n    return forward_call(*args, **kwargs)\n  File "/tmp/tmp7f2p0634.py", line 107, in forward\n    _conv_transpose1d_kernel[grid](\n  File "/home/lijiaxing/.conda/envs/api/lib/python3.10/site-packages/triton/runtime/jit.py", line 390, in <lambda>\n    return lambda *args, **kwargs: self.run(grid=grid, warmup=False, *args, **kwargs)\n  File "/home/lijiaxing/.conda/envs/api/lib/python3.10/site-packages/triton/runtime/jit.py", line 594, in run\n    kernel = self.compile(src, target=target, options=options.__dict__)\n  File "/home/lijiaxing/.conda/envs/api/lib/python3.10/site-packages/triton/compiler/compiler.py", line 339, in compile\n    module = src.make_ir(options, codegen_fns, module_map, context)\n  File "/home/lijiaxing/.conda/envs/api/lib/python3.10/site-packages/triton/compiler/compiler.py", line 83, in make_ir\n    return ast_to_ttir(self.fn, self, context=context, options=options, codegen_fns=codegen_fns,\ntriton.compiler.errors.CompilationError: at 32:24:\n    output_idx = output_start + tl.arange(0, BLOCK_SIZE)\n    mask = output_idx < out_length\n\n    accumulator = tl.zeros((BLOCK_SIZE,), dtype=tl.float32)\n\n    for ic in range(in_channels):\n        for k in range(kernel_size):\n            input_idx = (output_idx + padding - dilation * k) // stride\n            remainder = (output_idx + padding - dilation * k) % stride\n\n            valid = (remainder == 0) & (input_idx >= 0) & (input_idx < in_length) & mask\n            input_val = tl.load(\n                        ^\n\n\nThe above exception was the direct cause of the following exception:\n\nTraceback (most recent call last):\n  File "/home/lijiaxing/.conda/envs/api/lib/python3.10/site-packages/triton/language/core.py", line 42, in wrapper\n    return fn(*args, **kwargs)\n  File "/home/lijiaxing/.conda/envs/api/lib/python3.10/site-packages/triton/language/core.py", line 2150, in load\n    return _semantic.load(pointer, mask, other, boundary_check, padding_option, cache_modifier, eviction_policy,\n  File "/home/lijiaxing/.conda/envs/api/lib/python3.10/site-packages/triton/language/semantic.py", line 1086, in load\n    return self._load_legacy(ptr, mask, other, boundary_check, padding, cache, eviction, is_volatile)\n  File "/home/lijiaxing/.conda/envs/api/lib/python3.10/site-packages/triton/language/semantic.py", line 1017, in _load_legacy\n    raise ValueError(f"Unsupported ptr type {ptr.type.__repr__()} in `tl.load`")\nValueError: Unsupported ptr type <[\'128\'], int64> in `tl.load`\n', 'runtime_error_name': 'triton.compiler.errors.CompilationError', 'reference_timing_ms': 0.0612, 'speed_up': -1.0, 'custom_timing': -1.0}, 'runtime': -1.0, 'runtime_stats': {}}}
2025-08-08 18:06:19,015 - openevolve.llm.ensemble - INFO - Sampled model: deepseek
2025-08-08 18:06:19,033 - openevolve.threaded_parallel - INFO - Iteration 3: Program 2d10f64c-69fe-4d63-a57c-0309e33b3a79 (parent: 927e0d6d-bfeb-477e-a470-241000fd5ff2) completed in 780.98s
2025-08-08 18:06:19,033 - openevolve.threaded_parallel - INFO - Metrics: compiled=1.0000, correctness=0.0000, score=10.0000, stage=wrong_answer, verify_payload={'id': 'level1_74_conv_transposed_1D_dilated', 'result': {'compiled': True, 'correctness': False, 'metadata': {'hardware': 'NVIDIA L20Y', 'device': 'cuda:7', 'runtime_error': 'Traceback (most recent call last):\n  File "/home/lijiaxing/.conda/envs/api/lib/python3.10/site-packages/triton/language/core.py", line 42, in wrapper\n    return fn(*args, **kwargs)\n  File "/home/lijiaxing/.conda/envs/api/lib/python3.10/site-packages/triton/language/core.py", line 2150, in load\n    return _semantic.load(pointer, mask, other, boundary_check, padding_option, cache_modifier, eviction_policy,\n  File "/home/lijiaxing/.conda/envs/api/lib/python3.10/site-packages/triton/language/semantic.py", line 1086, in load\n    return self._load_legacy(ptr, mask, other, boundary_check, padding, cache, eviction, is_volatile)\n  File "/home/lijiaxing/.conda/envs/api/lib/python3.10/site-packages/triton/language/semantic.py", line 1017, in _load_legacy\n    raise ValueError(f"Unsupported ptr type {ptr.type.__repr__()} in `tl.load`")\nValueError: Unsupported ptr type <[\'128\'], int64> in `tl.load`\n\nThe above exception was the direct cause of the following exception:\n\nTraceback (most recent call last):\n  File "/cpfs01/shared/llm_kernel/hujiakai/KernelLLM/validation_api_server/helpers/evaluations.py", line 720, in run_and_check_correctness\n    output_new = model_new(*inputs)\n  File "/home/lijiaxing/.conda/envs/api/lib/python3.10/site-packages/torch/nn/modules/module.py", line 1773, in _wrapped_call_impl\n    return self._call_impl(*args, **kwargs)\n  File "/home/lijiaxing/.conda/envs/api/lib/python3.10/site-packages/torch/nn/modules/module.py", line 1784, in _call_impl\n    return forward_call(*args, **kwargs)\n  File "/tmp/tmp7f2p0634.py", line 107, in forward\n    _conv_transpose1d_kernel[grid](\n  File "/home/lijiaxing/.conda/envs/api/lib/python3.10/site-packages/triton/runtime/jit.py", line 390, in <lambda>\n    return lambda *args, **kwargs: self.run(grid=grid, warmup=False, *args, **kwargs)\n  File "/home/lijiaxing/.conda/envs/api/lib/python3.10/site-packages/triton/runtime/jit.py", line 594, in run\n    kernel = self.compile(src, target=target, options=options.__dict__)\n  File "/home/lijiaxing/.conda/envs/api/lib/python3.10/site-packages/triton/compiler/compiler.py", line 339, in compile\n    module = src.make_ir(options, codegen_fns, module_map, context)\n  File "/home/lijiaxing/.conda/envs/api/lib/python3.10/site-packages/triton/compiler/compiler.py", line 83, in make_ir\n    return ast_to_ttir(self.fn, self, context=context, options=options, codegen_fns=codegen_fns,\ntriton.compiler.errors.CompilationError: at 32:24:\n    output_idx = output_start + tl.arange(0, BLOCK_SIZE)\n    mask = output_idx < out_length\n\n    accumulator = tl.zeros((BLOCK_SIZE,), dtype=tl.float32)\n\n    for ic in range(in_channels):\n        for k in range(kernel_size):\n            input_idx = (output_idx + padding - dilation * k) // stride\n            remainder = (output_idx + padding - dilation * k) % stride\n\n            valid = (remainder == 0) & (input_idx >= 0) & (input_idx < in_length) & mask\n            input_val = tl.load(\n                        ^\n\n\nThe above exception was the direct cause of the following exception:\n\nTraceback (most recent call last):\n  File "/home/lijiaxing/.conda/envs/api/lib/python3.10/site-packages/triton/language/core.py", line 42, in wrapper\n    return fn(*args, **kwargs)\n  File "/home/lijiaxing/.conda/envs/api/lib/python3.10/site-packages/triton/language/core.py", line 2150, in load\n    return _semantic.load(pointer, mask, other, boundary_check, padding_option, cache_modifier, eviction_policy,\n  File "/home/lijiaxing/.conda/envs/api/lib/python3.10/site-packages/triton/language/semantic.py", line 1086, in load\n    return self._load_legacy(ptr, mask, other, boundary_check, padding, cache, eviction, is_volatile)\n  File "/home/lijiaxing/.conda/envs/api/lib/python3.10/site-packages/triton/language/semantic.py", line 1017, in _load_legacy\n    raise ValueError(f"Unsupported ptr type {ptr.type.__repr__()} in `tl.load`")\nValueError: Unsupported ptr type <[\'128\'], int64> in `tl.load`\n', 'runtime_error_name': 'triton.compiler.errors.CompilationError', 'reference_timing_ms': 0.0612, 'speed_up': -1.0, 'custom_timing': -1.0}, 'runtime': -1.0, 'runtime_stats': {}}}
2025-08-08 18:06:19,033 - openevolve.threaded_parallel - INFO - Checkpoint interval reached at iteration 3
2025-08-08 18:06:19,034 - openevolve.database - INFO - Island Status:
2025-08-08 18:06:19,034 - openevolve.database - INFO -    Island 0: 4 programs, best=10.0000, avg=5.2500, diversity=529.82, gen=2 (best: ffadcf52-d969-4762-9a6a-9d9358fa6a13)
2025-08-08 18:06:19,034 - openevolve.database - INFO -    Island 1: 1 programs, best=10.0000, avg=10.0000, diversity=0.00, gen=1 (best: 2d10f64c-69fe-4d63-a57c-0309e33b3a79)
2025-08-08 18:06:19,034 - openevolve.database - INFO -  * Island 2: 0 programs, best=0.0000, avg=0.0000, diversity=0.00, gen=1
2025-08-08 18:06:19,140 - openevolve.database - INFO - Saved database with 5 programs to openevolve_output/level1_74_conv_transposed_1D_dilated/checkpoints/checkpoint_3
2025-08-08 18:06:19,151 - openevolve.controller - INFO - Saved best program at checkpoint 3 with metrics: compiled=1.0000, correctness=0.0000, score=10.0000, stage=wrong_answer, verify_payload={'id': 'level1_74_conv_transposed_1D_dilated', 'result': {'compiled': True, 'correctness': False, 'metadata': {'hardware': 'NVIDIA L20Y', 'device': 'cuda:4', 'runtime_error': 'Traceback (most recent call last):\n  File "/cpfs01/shared/llm_kernel/hujiakai/KernelLLM/validation_api_server/helpers/evaluations.py", line 720, in run_and_check_correctness\n    output_new = model_new(*inputs)\n  File "/home/lijiaxing/.conda/envs/api/lib/python3.10/site-packages/torch/nn/modules/module.py", line 1773, in _wrapped_call_impl\n    return self._call_impl(*args, **kwargs)\n  File "/home/lijiaxing/.conda/envs/api/lib/python3.10/site-packages/torch/nn/modules/module.py", line 1784, in _call_impl\n    return forward_call(*args, **kwargs)\n  File "/tmp/tmphxtc9iir.py", line 69, in forward\n    conv_transpose1d_kernel[grid](\n  File "/home/lijiaxing/.conda/envs/api/lib/python3.10/site-packages/triton/runtime/jit.py", line 390, in <lambda>\n    return lambda *args, **kwargs: self.run(grid=grid, warmup=False, *args, **kwargs)\n  File "/home/lijiaxing/.conda/envs/api/lib/python3.10/site-packages/triton/runtime/jit.py", line 594, in run\n    kernel = self.compile(src, target=target, options=options.__dict__)\n  File "/home/lijiaxing/.conda/envs/api/lib/python3.10/site-packages/triton/compiler/compiler.py", line 339, in compile\n    module = src.make_ir(options, codegen_fns, module_map, context)\n  File "/home/lijiaxing/.conda/envs/api/lib/python3.10/site-packages/triton/compiler/compiler.py", line 83, in make_ir\n    return ast_to_ttir(self.fn, self, context=context, options=options, codegen_fns=codegen_fns,\ntriton.compiler.errors.CompilationError: at 14:28:\n    w_ptr,\n    output_ptr,\n    B, C_in, L_in, C_out, L_out, K, \n    stride, padding, dilation,\n    stride_xb, stride_xc, stride_xl,\n    stride_wic, stride_woc, stride_wk,\n    stride_ob, stride_oc, stride_ol,\n    BLOCK_SIZE: tl.constexpr,\n    BLOCK_K: tl.constexpr,\n):\n    pid = tl.program_id(0)\n    pid_b = pid // (C_out * triton.cdiv(L_out, BLOCK_SIZE))\n                            ^\nValueError(\'Did you forget to add @triton.jit ? (`_semantic` argument must be provided outside of JIT functions.)\')\n\n\nThe above exception was the direct cause of the following exception:\n\nTraceback (most recent call last):\n  File "/home/lijiaxing/.conda/envs/api/lib/python3.10/site-packages/triton/__init__.py", line 63, in cdiv\n    return (x + y - 1) // y\n  File "/home/lijiaxing/.conda/envs/api/lib/python3.10/site-packages/triton/language/core.py", line 40, in wrapper\n    raise ValueError("Did you forget to add @triton.jit ? "\nValueError: Did you forget to add @triton.jit ? (`_semantic` argument must be provided outside of JIT functions.)\n', 'runtime_error_name': 'triton.compiler.errors.CompilationError', 'reference_timing_ms': 0.0612, 'speed_up': -1.0, 'custom_timing': -1.0}, 'runtime': -1.0, 'runtime_stats': {}}}
2025-08-08 18:06:19,151 - openevolve.controller - INFO - Saved checkpoint at iteration 3 to openevolve_output/level1_74_conv_transposed_1D_dilated/checkpoints/checkpoint_3
2025-08-08 18:07:52,391 - openevolve.RemoteSpeedupEvaluator - INFO - [level1_74_conv_transposed_1D_dilated] âœ˜ invalid_answer 'import triton' is not found
2025-08-08 18:07:52,393 - openevolve.evaluator - INFO - Evaluated program b64530d5-571d-4f72-8298-19ca5eccc799 in 0.00s: compiled=0.0000, correctness=0.0000, score=-100.0000, stage=no_valid_triton_code, feedback=You need to generate real and valid triton code for the core function. The key word 'import triton' is not found.
2025-08-08 18:07:52,396 - openevolve.llm.ensemble - INFO - Sampled model: deepseek
2025-08-08 18:07:52,400 - openevolve.database - INFO - New MAP-Elites cell occupied: {'score': -1000, 'complexity': 0}
2025-08-08 18:07:52,406 - openevolve.threaded_parallel - INFO - Iteration 4: Program b64530d5-571d-4f72-8298-19ca5eccc799 (parent: 927e0d6d-bfeb-477e-a470-241000fd5ff2) completed in 610.37s
2025-08-08 18:07:52,406 - openevolve.threaded_parallel - INFO - Metrics: compiled=0.0000, correctness=0.0000, score=-100.0000, stage=no_valid_triton_code, feedback=You need to generate real and valid triton code for the core function. The key word 'import triton' is not found.
2025-08-08 18:10:15,992 - openevolve.RemoteSpeedupEvaluator - INFO - [level1_74_conv_transposed_1D_dilated] âœ˜ invalid_answer 'import triton' is not found
2025-08-08 18:10:15,993 - openevolve.evaluator - INFO - Evaluated program 78c1d2f8-c3dd-4b7f-b979-0ff71f3a4a9b in 0.00s: compiled=0.0000, correctness=0.0000, score=-100.0000, stage=no_valid_triton_code, feedback=You need to generate real and valid triton code for the core function. The key word 'import triton' is not found.
2025-08-08 18:10:15,996 - openevolve.llm.ensemble - INFO - Sampled model: deepseek
2025-08-08 18:10:16,009 - openevolve.threaded_parallel - INFO - Iteration 5: Program 78c1d2f8-c3dd-4b7f-b979-0ff71f3a4a9b (parent: ffadcf52-d969-4762-9a6a-9d9358fa6a13) completed in 564.25s
2025-08-08 18:10:16,009 - openevolve.threaded_parallel - INFO - Metrics: compiled=0.0000, correctness=0.0000, score=-100.0000, stage=no_valid_triton_code, feedback=You need to generate real and valid triton code for the core function. The key word 'import triton' is not found.
2025-08-08 18:13:20,277 - openevolve.RemoteSpeedupEvaluator - INFO - [level1_74_conv_transposed_1D_dilated] triton key words check pass
2025-08-08 18:13:20,278 - openevolve.RemoteSpeedupEvaluator - INFO - [level1_74_conv_transposed_1D_dilated] verify_plus payload: reference_code(1788 chars) + custom_code(3987 chars)
2025-08-08 18:13:23,694 - openevolve.RemoteSpeedupEvaluator - INFO - [level1_74_conv_transposed_1D_dilated] verify_plus request success
2025-08-08 18:13:23,694 - openevolve.RemoteSpeedupEvaluator - INFO - [level1_74_conv_transposed_1D_dilated] verify_plus response: {"id":"level1_74_conv_transposed_1D_dilated","result":{"compiled":true,"correctness":false,"metadata":{"hardware":"NVIDIA L20Y","device":"cuda:1","runtime_error":"Traceback (most recent call last):\n  File \"/home/lijiaxing/.conda/envs/api/lib/python3.10/site-packages/triton/language/core.py\", line 42, in wrapper\n    return fn(*args, **kwargs)\n  File \"/home/lijiaxing/.conda/envs/api/lib/python3.10/site-packages/triton/language/core.py\", line 1654, in arange\n    return _semantic.arange(start, end)\n  File \"/home/lijiaxing/.conda/envs/api/lib/python3.10/site-packages/triton/language/semantic.py\", line 574, in arange\n    raise ValueError(\"arange's arguments must be of type tl.constexpr\")\nValueError: arange's arguments must be of type tl.constexpr\n\nThe above exception was the dir
2025-08-08 18:13:23,694 - openevolve.RemoteSpeedupEvaluator - INFO - [level1_74_conv_transposed_1D_dilated] âœ˜ wrong_answer
2025-08-08 18:13:23,695 - openevolve.evaluator - INFO - Evaluated program 68630893-35b6-4821-a623-a5ccbf191460 in 3.42s: compiled=1.0000, correctness=0.0000, score=10.0000, stage=wrong_answer, verify_payload={'id': 'level1_74_conv_transposed_1D_dilated', 'result': {'compiled': True, 'correctness': False, 'metadata': {'hardware': 'NVIDIA L20Y', 'device': 'cuda:1', 'runtime_error': 'Traceback (most recent call last):\n  File "/home/lijiaxing/.conda/envs/api/lib/python3.10/site-packages/triton/language/core.py", line 42, in wrapper\n    return fn(*args, **kwargs)\n  File "/home/lijiaxing/.conda/envs/api/lib/python3.10/site-packages/triton/language/core.py", line 1654, in arange\n    return _semantic.arange(start, end)\n  File "/home/lijiaxing/.conda/envs/api/lib/python3.10/site-packages/triton/language/semantic.py", line 574, in arange\n    raise ValueError("arange\'s arguments must be of type tl.constexpr")\nValueError: arange\'s arguments must be of type tl.constexpr\n\nThe above exception was the direct cause of the following exception:\n\nTraceback (most recent call last):\n  File "/cpfs01/shared/llm_kernel/hujiakai/KernelLLM/validation_api_server/helpers/evaluations.py", line 720, in run_and_check_correctness\n    output_new = model_new(*inputs)\n  File "/home/lijiaxing/.conda/envs/api/lib/python3.10/site-packages/torch/nn/modules/module.py", line 1773, in _wrapped_call_impl\n    return self._call_impl(*args, **kwargs)\n  File "/home/lijiaxing/.conda/envs/api/lib/python3.10/site-packages/torch/nn/modules/module.py", line 1784, in _call_impl\n    return forward_call(*args, **kwargs)\n  File "/tmp/tmpgc_z9s4w.py", line 77, in forward\n    conv_transpose1d_kernel[grid](\n  File "/home/lijiaxing/.conda/envs/api/lib/python3.10/site-packages/triton/runtime/jit.py", line 390, in <lambda>\n    return lambda *args, **kwargs: self.run(grid=grid, warmup=False, *args, **kwargs)\n  File "/home/lijiaxing/.conda/envs/api/lib/python3.10/site-packages/triton/runtime/jit.py", line 594, in run\n    kernel = self.compile(src, target=target, options=options.__dict__)\n  File "/home/lijiaxing/.conda/envs/api/lib/python3.10/site-packages/triton/compiler/compiler.py", line 339, in compile\n    module = src.make_ir(options, codegen_fns, module_map, context)\n  File "/home/lijiaxing/.conda/envs/api/lib/python3.10/site-packages/triton/compiler/compiler.py", line 83, in make_ir\n    return ast_to_ttir(self.fn, self, context=context, options=options, codegen_fns=codegen_fns,\ntriton.compiler.errors.CompilationError: at 21:60:\n):\n    pid_ol = tl.program_id(0)\n    pid_b = tl.program_id(1)\n    pid_oc = tl.program_id(2)\n\n    ol_offsets = pid_ol * BLOCK_SIZE + tl.arange(0, BLOCK_SIZE)\n    ol_mask = ol_offsets < output_length\n\n    acc = tl.zeros((BLOCK_SIZE,), dtype=tl.float32)\n\n    for ic in range(in_channels):\n        w_offsets = ic * stride_wic + pid_oc * stride_woc + tl.arange(0, kernel_size)\n                                                            ^\n\n\nThe above exception was the direct cause of the following exception:\n\nTraceback (most recent call last):\n  File "/home/lijiaxing/.conda/envs/api/lib/python3.10/site-packages/triton/language/core.py", line 42, in wrapper\n    return fn(*args, **kwargs)\n  File "/home/lijiaxing/.conda/envs/api/lib/python3.10/site-packages/triton/language/core.py", line 1654, in arange\n    return _semantic.arange(start, end)\n  File "/home/lijiaxing/.conda/envs/api/lib/python3.10/site-packages/triton/language/semantic.py", line 574, in arange\n    raise ValueError("arange\'s arguments must be of type tl.constexpr")\nValueError: arange\'s arguments must be of type tl.constexpr\n', 'runtime_error_name': 'triton.compiler.errors.CompilationError', 'reference_timing_ms': 0.0612, 'speed_up': -1.0, 'custom_timing': -1.0}, 'runtime': -1.0, 'runtime_stats': {}}}
2025-08-08 18:13:23,697 - openevolve.llm.ensemble - INFO - Sampled model: deepseek
2025-08-08 18:13:23,715 - openevolve.threaded_parallel - INFO - Iteration 6: Program 68630893-35b6-4821-a623-a5ccbf191460 (parent: 344da7f5-82be-4cb5-91b2-1bbe38400325) completed in 424.68s
2025-08-08 18:13:23,716 - openevolve.threaded_parallel - INFO - Metrics: compiled=1.0000, correctness=0.0000, score=10.0000, stage=wrong_answer, verify_payload={'id': 'level1_74_conv_transposed_1D_dilated', 'result': {'compiled': True, 'correctness': False, 'metadata': {'hardware': 'NVIDIA L20Y', 'device': 'cuda:1', 'runtime_error': 'Traceback (most recent call last):\n  File "/home/lijiaxing/.conda/envs/api/lib/python3.10/site-packages/triton/language/core.py", line 42, in wrapper\n    return fn(*args, **kwargs)\n  File "/home/lijiaxing/.conda/envs/api/lib/python3.10/site-packages/triton/language/core.py", line 1654, in arange\n    return _semantic.arange(start, end)\n  File "/home/lijiaxing/.conda/envs/api/lib/python3.10/site-packages/triton/language/semantic.py", line 574, in arange\n    raise ValueError("arange\'s arguments must be of type tl.constexpr")\nValueError: arange\'s arguments must be of type tl.constexpr\n\nThe above exception was the direct cause of the following exception:\n\nTraceback (most recent call last):\n  File "/cpfs01/shared/llm_kernel/hujiakai/KernelLLM/validation_api_server/helpers/evaluations.py", line 720, in run_and_check_correctness\n    output_new = model_new(*inputs)\n  File "/home/lijiaxing/.conda/envs/api/lib/python3.10/site-packages/torch/nn/modules/module.py", line 1773, in _wrapped_call_impl\n    return self._call_impl(*args, **kwargs)\n  File "/home/lijiaxing/.conda/envs/api/lib/python3.10/site-packages/torch/nn/modules/module.py", line 1784, in _call_impl\n    return forward_call(*args, **kwargs)\n  File "/tmp/tmpgc_z9s4w.py", line 77, in forward\n    conv_transpose1d_kernel[grid](\n  File "/home/lijiaxing/.conda/envs/api/lib/python3.10/site-packages/triton/runtime/jit.py", line 390, in <lambda>\n    return lambda *args, **kwargs: self.run(grid=grid, warmup=False, *args, **kwargs)\n  File "/home/lijiaxing/.conda/envs/api/lib/python3.10/site-packages/triton/runtime/jit.py", line 594, in run\n    kernel = self.compile(src, target=target, options=options.__dict__)\n  File "/home/lijiaxing/.conda/envs/api/lib/python3.10/site-packages/triton/compiler/compiler.py", line 339, in compile\n    module = src.make_ir(options, codegen_fns, module_map, context)\n  File "/home/lijiaxing/.conda/envs/api/lib/python3.10/site-packages/triton/compiler/compiler.py", line 83, in make_ir\n    return ast_to_ttir(self.fn, self, context=context, options=options, codegen_fns=codegen_fns,\ntriton.compiler.errors.CompilationError: at 21:60:\n):\n    pid_ol = tl.program_id(0)\n    pid_b = tl.program_id(1)\n    pid_oc = tl.program_id(2)\n\n    ol_offsets = pid_ol * BLOCK_SIZE + tl.arange(0, BLOCK_SIZE)\n    ol_mask = ol_offsets < output_length\n\n    acc = tl.zeros((BLOCK_SIZE,), dtype=tl.float32)\n\n    for ic in range(in_channels):\n        w_offsets = ic * stride_wic + pid_oc * stride_woc + tl.arange(0, kernel_size)\n                                                            ^\n\n\nThe above exception was the direct cause of the following exception:\n\nTraceback (most recent call last):\n  File "/home/lijiaxing/.conda/envs/api/lib/python3.10/site-packages/triton/language/core.py", line 42, in wrapper\n    return fn(*args, **kwargs)\n  File "/home/lijiaxing/.conda/envs/api/lib/python3.10/site-packages/triton/language/core.py", line 1654, in arange\n    return _semantic.arange(start, end)\n  File "/home/lijiaxing/.conda/envs/api/lib/python3.10/site-packages/triton/language/semantic.py", line 574, in arange\n    raise ValueError("arange\'s arguments must be of type tl.constexpr")\nValueError: arange\'s arguments must be of type tl.constexpr\n', 'runtime_error_name': 'triton.compiler.errors.CompilationError', 'reference_timing_ms': 0.0612, 'speed_up': -1.0, 'custom_timing': -1.0}, 'runtime': -1.0, 'runtime_stats': {}}}
2025-08-08 18:13:23,716 - openevolve.threaded_parallel - INFO - Checkpoint interval reached at iteration 6
2025-08-08 18:13:23,716 - openevolve.database - INFO - Island Status:
2025-08-08 18:13:23,716 - openevolve.database - INFO -    Island 0: 5 programs, best=10.0000, avg=-15.8000, diversity=900.77, gen=3 (best: ffadcf52-d969-4762-9a6a-9d9358fa6a13)
2025-08-08 18:13:23,716 - openevolve.database - INFO -    Island 1: 2 programs, best=10.0000, avg=10.0000, diversity=370.90, gen=2 (best: 2d10f64c-69fe-4d63-a57c-0309e33b3a79)
2025-08-08 18:13:23,716 - openevolve.database - INFO -  * Island 2: 1 programs, best=-100.0000, avg=-100.0000, diversity=0.00, gen=2 (best: b64530d5-571d-4f72-8298-19ca5eccc799)
2025-08-08 18:13:23,811 - openevolve.database - INFO - Saved database with 8 programs to openevolve_output/level1_74_conv_transposed_1D_dilated/checkpoints/checkpoint_6
2025-08-08 18:13:23,821 - openevolve.controller - INFO - Saved best program at checkpoint 6 with metrics: compiled=1.0000, correctness=0.0000, score=10.0000, stage=wrong_answer, verify_payload={'id': 'level1_74_conv_transposed_1D_dilated', 'result': {'compiled': True, 'correctness': False, 'metadata': {'hardware': 'NVIDIA L20Y', 'device': 'cuda:4', 'runtime_error': 'Traceback (most recent call last):\n  File "/cpfs01/shared/llm_kernel/hujiakai/KernelLLM/validation_api_server/helpers/evaluations.py", line 720, in run_and_check_correctness\n    output_new = model_new(*inputs)\n  File "/home/lijiaxing/.conda/envs/api/lib/python3.10/site-packages/torch/nn/modules/module.py", line 1773, in _wrapped_call_impl\n    return self._call_impl(*args, **kwargs)\n  File "/home/lijiaxing/.conda/envs/api/lib/python3.10/site-packages/torch/nn/modules/module.py", line 1784, in _call_impl\n    return forward_call(*args, **kwargs)\n  File "/tmp/tmphxtc9iir.py", line 69, in forward\n    conv_transpose1d_kernel[grid](\n  File "/home/lijiaxing/.conda/envs/api/lib/python3.10/site-packages/triton/runtime/jit.py", line 390, in <lambda>\n    return lambda *args, **kwargs: self.run(grid=grid, warmup=False, *args, **kwargs)\n  File "/home/lijiaxing/.conda/envs/api/lib/python3.10/site-packages/triton/runtime/jit.py", line 594, in run\n    kernel = self.compile(src, target=target, options=options.__dict__)\n  File "/home/lijiaxing/.conda/envs/api/lib/python3.10/site-packages/triton/compiler/compiler.py", line 339, in compile\n    module = src.make_ir(options, codegen_fns, module_map, context)\n  File "/home/lijiaxing/.conda/envs/api/lib/python3.10/site-packages/triton/compiler/compiler.py", line 83, in make_ir\n    return ast_to_ttir(self.fn, self, context=context, options=options, codegen_fns=codegen_fns,\ntriton.compiler.errors.CompilationError: at 14:28:\n    w_ptr,\n    output_ptr,\n    B, C_in, L_in, C_out, L_out, K, \n    stride, padding, dilation,\n    stride_xb, stride_xc, stride_xl,\n    stride_wic, stride_woc, stride_wk,\n    stride_ob, stride_oc, stride_ol,\n    BLOCK_SIZE: tl.constexpr,\n    BLOCK_K: tl.constexpr,\n):\n    pid = tl.program_id(0)\n    pid_b = pid // (C_out * triton.cdiv(L_out, BLOCK_SIZE))\n                            ^\nValueError(\'Did you forget to add @triton.jit ? (`_semantic` argument must be provided outside of JIT functions.)\')\n\n\nThe above exception was the direct cause of the following exception:\n\nTraceback (most recent call last):\n  File "/home/lijiaxing/.conda/envs/api/lib/python3.10/site-packages/triton/__init__.py", line 63, in cdiv\n    return (x + y - 1) // y\n  File "/home/lijiaxing/.conda/envs/api/lib/python3.10/site-packages/triton/language/core.py", line 40, in wrapper\n    raise ValueError("Did you forget to add @triton.jit ? "\nValueError: Did you forget to add @triton.jit ? (`_semantic` argument must be provided outside of JIT functions.)\n', 'runtime_error_name': 'triton.compiler.errors.CompilationError', 'reference_timing_ms': 0.0612, 'speed_up': -1.0, 'custom_timing': -1.0}, 'runtime': -1.0, 'runtime_stats': {}}}
2025-08-08 18:13:23,821 - openevolve.controller - INFO - Saved checkpoint at iteration 6 to openevolve_output/level1_74_conv_transposed_1D_dilated/checkpoints/checkpoint_6
2025-08-08 18:14:28,125 - openevolve.RemoteSpeedupEvaluator - INFO - [level1_74_conv_transposed_1D_dilated] triton key words check pass
2025-08-08 18:14:28,126 - openevolve.RemoteSpeedupEvaluator - INFO - [level1_74_conv_transposed_1D_dilated] verify_plus payload: reference_code(1788 chars) + custom_code(4145 chars)
2025-08-08 18:14:31,139 - openevolve.RemoteSpeedupEvaluator - INFO - [level1_74_conv_transposed_1D_dilated] verify_plus request success
2025-08-08 18:14:31,140 - openevolve.RemoteSpeedupEvaluator - INFO - [level1_74_conv_transposed_1D_dilated] verify_plus response: {"id":"level1_74_conv_transposed_1D_dilated","result":{"compiled":true,"correctness":false,"metadata":{"hardware":"NVIDIA L20Y","device":"cuda:7","runtime_error":"Traceback (most recent call last):\n  File \"/cpfs01/shared/llm_kernel/hujiakai/KernelLLM/validation_api_server/helpers/evaluations.py\", line 720, in run_and_check_correctness\n    output_new = model_new(*inputs)\n  File \"/home/lijiaxing/.conda/envs/api/lib/python3.10/site-packages/torch/nn/modules/module.py\", line 1773, in _wrapped_call_impl\n    return self._call_impl(*args, **kwargs)\n  File \"/home/lijiaxing/.conda/envs/api/lib/python3.10/site-packages/torch/nn/modules/module.py\", line 1784, in _call_impl\n    return forward_call(*args, **kwargs)\n  File \"/tmp/tmpwu2ejb5v.py\", line 100, in forward\n    _conv_transpose1d
2025-08-08 18:14:31,140 - openevolve.RemoteSpeedupEvaluator - INFO - [level1_74_conv_transposed_1D_dilated] âœ˜ wrong_answer
2025-08-08 18:14:31,140 - openevolve.evaluator - INFO - Evaluated program eeefeec1-d7eb-4ae7-933d-08af9e41f24d in 3.02s: compiled=1.0000, correctness=0.0000, score=10.0000, stage=wrong_answer, verify_payload={'id': 'level1_74_conv_transposed_1D_dilated', 'result': {'compiled': True, 'correctness': False, 'metadata': {'hardware': 'NVIDIA L20Y', 'device': 'cuda:7', 'runtime_error': 'Traceback (most recent call last):\n  File "/cpfs01/shared/llm_kernel/hujiakai/KernelLLM/validation_api_server/helpers/evaluations.py", line 720, in run_and_check_correctness\n    output_new = model_new(*inputs)\n  File "/home/lijiaxing/.conda/envs/api/lib/python3.10/site-packages/torch/nn/modules/module.py", line 1773, in _wrapped_call_impl\n    return self._call_impl(*args, **kwargs)\n  File "/home/lijiaxing/.conda/envs/api/lib/python3.10/site-packages/torch/nn/modules/module.py", line 1784, in _call_impl\n    return forward_call(*args, **kwargs)\n  File "/tmp/tmpwu2ejb5v.py", line 100, in forward\n    _conv_transpose1d_forward[grid](\n  File "/home/lijiaxing/.conda/envs/api/lib/python3.10/site-packages/triton/runtime/jit.py", line 390, in <lambda>\n    return lambda *args, **kwargs: self.run(grid=grid, warmup=False, *args, **kwargs)\n  File "/home/lijiaxing/.conda/envs/api/lib/python3.10/site-packages/triton/runtime/jit.py", line 594, in run\n    kernel = self.compile(src, target=target, options=options.__dict__)\n  File "/home/lijiaxing/.conda/envs/api/lib/python3.10/site-packages/triton/compiler/compiler.py", line 339, in compile\n    module = src.make_ir(options, codegen_fns, module_map, context)\n  File "/home/lijiaxing/.conda/envs/api/lib/python3.10/site-packages/triton/compiler/compiler.py", line 83, in make_ir\n    return ast_to_ttir(self.fn, self, context=context, options=options, codegen_fns=codegen_fns,\ntriton.compiler.errors.UnsupportedLanguageConstruct: at 28:16:\n    o_idx_end = tl.minimum(o_idx_start + BLOCK_SIZE, out_length)\n\n    weight_ptr += pid_oc * in_channels * kernel_size\n\n    for o_idx in range(o_idx_start, o_idx_end):\n        acc = 0.0\n\n        # Replace static_range with regular range\n        for k in range(0, kernel_size):\n            pos = o_idx + padding - k * dilation\n            if pos < 0:\n                continue\n                ^\nunsupported AST node type: Continue\n', 'runtime_error_name': 'triton.compiler.errors.UnsupportedLanguageConstruct', 'reference_timing_ms': 0.0612, 'speed_up': -1.0, 'custom_timing': -1.0}, 'runtime': -1.0, 'runtime_stats': {}}}
2025-08-08 18:14:31,143 - openevolve.llm.ensemble - INFO - Sampled model: deepseek
2025-08-08 18:14:31,154 - openevolve.threaded_parallel - INFO - Iteration 8: Program eeefeec1-d7eb-4ae7-933d-08af9e41f24d (parent: 3aa5b006-d8d1-40f2-b497-1cb44f6bc8ad) completed in 255.14s
2025-08-08 18:14:31,154 - openevolve.threaded_parallel - INFO - Metrics: compiled=1.0000, correctness=0.0000, score=10.0000, stage=wrong_answer, verify_payload={'id': 'level1_74_conv_transposed_1D_dilated', 'result': {'compiled': True, 'correctness': False, 'metadata': {'hardware': 'NVIDIA L20Y', 'device': 'cuda:7', 'runtime_error': 'Traceback (most recent call last):\n  File "/cpfs01/shared/llm_kernel/hujiakai/KernelLLM/validation_api_server/helpers/evaluations.py", line 720, in run_and_check_correctness\n    output_new = model_new(*inputs)\n  File "/home/lijiaxing/.conda/envs/api/lib/python3.10/site-packages/torch/nn/modules/module.py", line 1773, in _wrapped_call_impl\n    return self._call_impl(*args, **kwargs)\n  File "/home/lijiaxing/.conda/envs/api/lib/python3.10/site-packages/torch/nn/modules/module.py", line 1784, in _call_impl\n    return forward_call(*args, **kwargs)\n  File "/tmp/tmpwu2ejb5v.py", line 100, in forward\n    _conv_transpose1d_forward[grid](\n  File "/home/lijiaxing/.conda/envs/api/lib/python3.10/site-packages/triton/runtime/jit.py", line 390, in <lambda>\n    return lambda *args, **kwargs: self.run(grid=grid, warmup=False, *args, **kwargs)\n  File "/home/lijiaxing/.conda/envs/api/lib/python3.10/site-packages/triton/runtime/jit.py", line 594, in run\n    kernel = self.compile(src, target=target, options=options.__dict__)\n  File "/home/lijiaxing/.conda/envs/api/lib/python3.10/site-packages/triton/compiler/compiler.py", line 339, in compile\n    module = src.make_ir(options, codegen_fns, module_map, context)\n  File "/home/lijiaxing/.conda/envs/api/lib/python3.10/site-packages/triton/compiler/compiler.py", line 83, in make_ir\n    return ast_to_ttir(self.fn, self, context=context, options=options, codegen_fns=codegen_fns,\ntriton.compiler.errors.UnsupportedLanguageConstruct: at 28:16:\n    o_idx_end = tl.minimum(o_idx_start + BLOCK_SIZE, out_length)\n\n    weight_ptr += pid_oc * in_channels * kernel_size\n\n    for o_idx in range(o_idx_start, o_idx_end):\n        acc = 0.0\n\n        # Replace static_range with regular range\n        for k in range(0, kernel_size):\n            pos = o_idx + padding - k * dilation\n            if pos < 0:\n                continue\n                ^\nunsupported AST node type: Continue\n', 'runtime_error_name': 'triton.compiler.errors.UnsupportedLanguageConstruct', 'reference_timing_ms': 0.0612, 'speed_up': -1.0, 'custom_timing': -1.0}, 'runtime': -1.0, 'runtime_stats': {}}}
2025-08-08 18:17:08,968 - openevolve.RemoteSpeedupEvaluator - INFO - [level1_74_conv_transposed_1D_dilated] triton key words check pass
2025-08-08 18:17:08,969 - openevolve.RemoteSpeedupEvaluator - INFO - [level1_74_conv_transposed_1D_dilated] verify_plus payload: reference_code(1788 chars) + custom_code(3939 chars)
2025-08-08 18:17:12,326 - openevolve.RemoteSpeedupEvaluator - INFO - [level1_74_conv_transposed_1D_dilated] verify_plus request success
2025-08-08 18:17:12,327 - openevolve.RemoteSpeedupEvaluator - INFO - [level1_74_conv_transposed_1D_dilated] verify_plus response: {"id":"level1_74_conv_transposed_1D_dilated","result":{"compiled":true,"correctness":true,"metadata":{"hardware":"NVIDIA L20Y","device":"cuda:0","correctness_trials":"(5 / 5)","reference_timing_ms":0.0612,"speed_up":0.981,"custom_timing":0.0624},"runtime":0.0624,"runtime_stats":{"mean":0.0624,"std":0.0026,"min":0.058,"max":0.0767,"num_trials":100,"hardware":"NVIDIA L20Y","device":"cuda:0"}}}
2025-08-08 18:17:12,327 - openevolve.RemoteSpeedupEvaluator - INFO - [level1_74_conv_transposed_1D_dilated] âœ” success | speed_up=0.981  score=20.00
2025-08-08 18:17:12,327 - openevolve.evaluator - INFO - Evaluated program 3fe97380-3e64-440e-b62d-344bcbfa7f0a in 3.36s: compiled=1.0000, correctness=1.0000, stage=success, passed=0.0000, score=20.0000, speed_up=0.9810, runtime_ms=0.0624, meta={'hardware': 'NVIDIA L20Y', 'device': 'cuda:0', 'correctness_trials': '(5 / 5)', 'reference_timing_ms': 0.0612, 'speed_up': 0.981, 'custom_timing': 0.0624}
2025-08-08 18:17:12,333 - openevolve.llm.ensemble - INFO - Sampled model: deepseek
2025-08-08 18:17:12,338 - openevolve.database - INFO - MAP-Elites cell improved: {'score': 9, 'complexity': 8} (fitness: 10.000 -> 20.000)
2025-08-08 18:17:12,338 - openevolve.database - INFO - New best program 3fe97380-3e64-440e-b62d-344bcbfa7f0a replaces ffadcf52-d969-4762-9a6a-9d9358fa6a13
2025-08-08 18:17:12,350 - openevolve.threaded_parallel - INFO - Iteration 7: Program 3fe97380-3e64-440e-b62d-344bcbfa7f0a (parent: 927e0d6d-bfeb-477e-a470-241000fd5ff2) completed in 559.93s
2025-08-08 18:17:12,350 - openevolve.threaded_parallel - INFO - Metrics: compiled=1.0000, correctness=1.0000, stage=success, passed=0.0000, score=20.0000, speed_up=0.9810, runtime_ms=0.0624, meta={'hardware': 'NVIDIA L20Y', 'device': 'cuda:0', 'correctness_trials': '(5 / 5)', 'reference_timing_ms': 0.0612, 'speed_up': 0.981, 'custom_timing': 0.0624}
2025-08-08 18:17:12,351 - openevolve.threaded_parallel - INFO - ðŸŒŸ New best solution found at iteration 7: 3fe97380-3e64-440e-b62d-344bcbfa7f0a
2025-08-08 18:22:18,962 - openevolve.RemoteSpeedupEvaluator - INFO - [level1_74_conv_transposed_1D_dilated] triton key words check pass
2025-08-08 18:22:18,964 - openevolve.RemoteSpeedupEvaluator - INFO - [level1_74_conv_transposed_1D_dilated] verify_plus payload: reference_code(1788 chars) + custom_code(4163 chars)
2025-08-08 18:22:22,174 - openevolve.RemoteSpeedupEvaluator - INFO - [level1_74_conv_transposed_1D_dilated] verify_plus request success
2025-08-08 18:22:22,174 - openevolve.RemoteSpeedupEvaluator - INFO - [level1_74_conv_transposed_1D_dilated] verify_plus response: {"id":"level1_74_conv_transposed_1D_dilated","result":{"compiled":true,"correctness":false,"metadata":{"hardware":"NVIDIA L20Y","device":"cuda:4","runtime_error":"Traceback (most recent call last):\n  File \"/cpfs01/shared/llm_kernel/hujiakai/KernelLLM/validation_api_server/helpers/evaluations.py\", line 720, in run_and_check_correctness\n    output_new = model_new(*inputs)\n  File \"/home/lijiaxing/.conda/envs/api/lib/python3.10/site-packages/torch/nn/modules/module.py\", line 1773, in _wrapped_call_impl\n    return self._call_impl(*args, **kwargs)\n  File \"/home/lijiaxing/.conda/envs/api/lib/python3.10/site-packages/torch/nn/modules/module.py\", line 1784, in _call_impl\n    return forward_call(*args, **kwargs)\n  File \"/tmp/tmpnorbfhh9.py\", line 102, in forward\n    _conv_transpose1d
2025-08-08 18:22:22,175 - openevolve.RemoteSpeedupEvaluator - INFO - [level1_74_conv_transposed_1D_dilated] âœ˜ wrong_answer
2025-08-08 18:22:22,175 - openevolve.evaluator - INFO - Evaluated program 7b6b2c4e-02da-48a7-b980-1db3b129612b in 3.21s: compiled=1.0000, correctness=0.0000, score=10.0000, stage=wrong_answer, verify_payload={'id': 'level1_74_conv_transposed_1D_dilated', 'result': {'compiled': True, 'correctness': False, 'metadata': {'hardware': 'NVIDIA L20Y', 'device': 'cuda:4', 'runtime_error': 'Traceback (most recent call last):\n  File "/cpfs01/shared/llm_kernel/hujiakai/KernelLLM/validation_api_server/helpers/evaluations.py", line 720, in run_and_check_correctness\n    output_new = model_new(*inputs)\n  File "/home/lijiaxing/.conda/envs/api/lib/python3.10/site-packages/torch/nn/modules/module.py", line 1773, in _wrapped_call_impl\n    return self._call_impl(*args, **kwargs)\n  File "/home/lijiaxing/.conda/envs/api/lib/python3.10/site-packages/torch/nn/modules/module.py", line 1784, in _call_impl\n    return forward_call(*args, **kwargs)\n  File "/tmp/tmpnorbfhh9.py", line 102, in forward\n    _conv_transpose1d_forward[grid](\n  File "/home/lijiaxing/.conda/envs/api/lib/python3.10/site-packages/triton/runtime/jit.py", line 390, in <lambda>\n    return lambda *args, **kwargs: self.run(grid=grid, warmup=False, *args, **kwargs)\n  File "/home/lijiaxing/.conda/envs/api/lib/python3.10/site-packages/triton/runtime/jit.py", line 594, in run\n    kernel = self.compile(src, target=target, options=options.__dict__)\n  File "/home/lijiaxing/.conda/envs/api/lib/python3.10/site-packages/triton/compiler/compiler.py", line 339, in compile\n    module = src.make_ir(options, codegen_fns, module_map, context)\n  File "/home/lijiaxing/.conda/envs/api/lib/python3.10/site-packages/triton/compiler/compiler.py", line 83, in make_ir\n    return ast_to_ttir(self.fn, self, context=context, options=options, codegen_fns=codegen_fns,\ntriton.compiler.errors.UnsupportedLanguageConstruct: at 30:16:\n    o_idx_start = pid_block * BLOCK_SIZE\n    o_idx_end = tl.minimum(o_idx_start + BLOCK_SIZE, out_length)\n\n    weight_ptr += pid_oc * in_channels * kernel_size\n\n    for o_idx in range(o_idx_start, o_idx_end):\n        acc = 0.0\n\n        for k in range(0, kernel_size):\n            pos = o_idx + padding - k * dilation\n            if pos < 0:\n                continue\n                ^\nunsupported AST node type: Continue\n', 'runtime_error_name': 'triton.compiler.errors.UnsupportedLanguageConstruct', 'reference_timing_ms': 0.0612, 'speed_up': -1.0, 'custom_timing': -1.0}, 'runtime': -1.0, 'runtime_stats': {}}}
2025-08-08 18:22:22,178 - openevolve.llm.ensemble - INFO - Sampled model: deepseek
2025-08-08 18:22:22,195 - openevolve.threaded_parallel - INFO - Iteration 11: Program 7b6b2c4e-02da-48a7-b980-1db3b129612b (parent: 78c1d2f8-c3dd-4b7f-b979-0ff71f3a4a9b) completed in 309.84s
2025-08-08 18:22:22,196 - openevolve.threaded_parallel - INFO - Metrics: compiled=1.0000, correctness=0.0000, score=10.0000, stage=wrong_answer, verify_payload={'id': 'level1_74_conv_transposed_1D_dilated', 'result': {'compiled': True, 'correctness': False, 'metadata': {'hardware': 'NVIDIA L20Y', 'device': 'cuda:4', 'runtime_error': 'Traceback (most recent call last):\n  File "/cpfs01/shared/llm_kernel/hujiakai/KernelLLM/validation_api_server/helpers/evaluations.py", line 720, in run_and_check_correctness\n    output_new = model_new(*inputs)\n  File "/home/lijiaxing/.conda/envs/api/lib/python3.10/site-packages/torch/nn/modules/module.py", line 1773, in _wrapped_call_impl\n    return self._call_impl(*args, **kwargs)\n  File "/home/lijiaxing/.conda/envs/api/lib/python3.10/site-packages/torch/nn/modules/module.py", line 1784, in _call_impl\n    return forward_call(*args, **kwargs)\n  File "/tmp/tmpnorbfhh9.py", line 102, in forward\n    _conv_transpose1d_forward[grid](\n  File "/home/lijiaxing/.conda/envs/api/lib/python3.10/site-packages/triton/runtime/jit.py", line 390, in <lambda>\n    return lambda *args, **kwargs: self.run(grid=grid, warmup=False, *args, **kwargs)\n  File "/home/lijiaxing/.conda/envs/api/lib/python3.10/site-packages/triton/runtime/jit.py", line 594, in run\n    kernel = self.compile(src, target=target, options=options.__dict__)\n  File "/home/lijiaxing/.conda/envs/api/lib/python3.10/site-packages/triton/compiler/compiler.py", line 339, in compile\n    module = src.make_ir(options, codegen_fns, module_map, context)\n  File "/home/lijiaxing/.conda/envs/api/lib/python3.10/site-packages/triton/compiler/compiler.py", line 83, in make_ir\n    return ast_to_ttir(self.fn, self, context=context, options=options, codegen_fns=codegen_fns,\ntriton.compiler.errors.UnsupportedLanguageConstruct: at 30:16:\n    o_idx_start = pid_block * BLOCK_SIZE\n    o_idx_end = tl.minimum(o_idx_start + BLOCK_SIZE, out_length)\n\n    weight_ptr += pid_oc * in_channels * kernel_size\n\n    for o_idx in range(o_idx_start, o_idx_end):\n        acc = 0.0\n\n        for k in range(0, kernel_size):\n            pos = o_idx + padding - k * dilation\n            if pos < 0:\n                continue\n                ^\nunsupported AST node type: Continue\n', 'runtime_error_name': 'triton.compiler.errors.UnsupportedLanguageConstruct', 'reference_timing_ms': 0.0612, 'speed_up': -1.0, 'custom_timing': -1.0}, 'runtime': -1.0, 'runtime_stats': {}}}
2025-08-08 18:27:03,957 - openevolve.RemoteSpeedupEvaluator - INFO - [level1_74_conv_transposed_1D_dilated] triton key words check pass
2025-08-08 18:27:03,958 - openevolve.RemoteSpeedupEvaluator - INFO - [level1_74_conv_transposed_1D_dilated] verify_plus payload: reference_code(1788 chars) + custom_code(4658 chars)
2025-08-08 18:27:06,919 - openevolve.RemoteSpeedupEvaluator - INFO - [level1_74_conv_transposed_1D_dilated] verify_plus request success
2025-08-08 18:27:06,920 - openevolve.RemoteSpeedupEvaluator - INFO - [level1_74_conv_transposed_1D_dilated] verify_plus response: {"id":"level1_74_conv_transposed_1D_dilated","result":{"compiled":true,"correctness":false,"metadata":{"hardware":"NVIDIA L20Y","device":"cuda:6","runtime_error":"Traceback (most recent call last):\n  File \"/home/lijiaxing/.conda/envs/api/lib/python3.10/site-packages/triton/language/core.py\", line 42, in wrapper\n    return fn(*args, **kwargs)\n  File \"/home/lijiaxing/.conda/envs/api/lib/python3.10/site-packages/triton/language/core.py\", line 2150, in load\n    return _semantic.load(pointer, mask, other, boundary_check, padding_option, cache_modifier, eviction_policy,\n  File \"/home/lijiaxing/.conda/envs/api/lib/python3.10/site-packages/triton/language/semantic.py\", line 1086, in load\n    return self._load_legacy(ptr, mask, other, boundary_check, padding, cache, eviction, is_volatil
2025-08-08 18:27:06,920 - openevolve.RemoteSpeedupEvaluator - INFO - [level1_74_conv_transposed_1D_dilated] âœ˜ wrong_answer
2025-08-08 18:27:06,920 - openevolve.evaluator - INFO - Evaluated program 3dd2639b-f9d9-4855-9d25-561161efb60f in 2.96s: compiled=1.0000, correctness=0.0000, score=10.0000, stage=wrong_answer, verify_payload={'id': 'level1_74_conv_transposed_1D_dilated', 'result': {'compiled': True, 'correctness': False, 'metadata': {'hardware': 'NVIDIA L20Y', 'device': 'cuda:6', 'runtime_error': 'Traceback (most recent call last):\n  File "/home/lijiaxing/.conda/envs/api/lib/python3.10/site-packages/triton/language/core.py", line 42, in wrapper\n    return fn(*args, **kwargs)\n  File "/home/lijiaxing/.conda/envs/api/lib/python3.10/site-packages/triton/language/core.py", line 2150, in load\n    return _semantic.load(pointer, mask, other, boundary_check, padding_option, cache_modifier, eviction_policy,\n  File "/home/lijiaxing/.conda/envs/api/lib/python3.10/site-packages/triton/language/semantic.py", line 1086, in load\n    return self._load_legacy(ptr, mask, other, boundary_check, padding, cache, eviction, is_volatile)\n  File "/home/lijiaxing/.conda/envs/api/lib/python3.10/site-packages/triton/language/semantic.py", line 1017, in _load_legacy\n    raise ValueError(f"Unsupported ptr type {ptr.type.__repr__()} in `tl.load`")\nValueError: Unsupported ptr type <[\'128\'], int64> in `tl.load`\n\nThe above exception was the direct cause of the following exception:\n\nTraceback (most recent call last):\n  File "/cpfs01/shared/llm_kernel/hujiakai/KernelLLM/validation_api_server/helpers/evaluations.py", line 720, in run_and_check_correctness\n    output_new = model_new(*inputs)\n  File "/home/lijiaxing/.conda/envs/api/lib/python3.10/site-packages/torch/nn/modules/module.py", line 1773, in _wrapped_call_impl\n    return self._call_impl(*args, **kwargs)\n  File "/home/lijiaxing/.conda/envs/api/lib/python3.10/site-packages/torch/nn/modules/module.py", line 1784, in _call_impl\n    return forward_call(*args, **kwargs)\n  File "/tmp/tmpcy5ns2ch.py", line 118, in forward\n    _conv_transpose1d_kernel[grid](\n  File "/home/lijiaxing/.conda/envs/api/lib/python3.10/site-packages/triton/runtime/jit.py", line 390, in <lambda>\n    return lambda *args, **kwargs: self.run(grid=grid, warmup=False, *args, **kwargs)\n  File "/home/lijiaxing/.conda/envs/api/lib/python3.10/site-packages/triton/runtime/jit.py", line 594, in run\n    kernel = self.compile(src, target=target, options=options.__dict__)\n  File "/home/lijiaxing/.conda/envs/api/lib/python3.10/site-packages/triton/compiler/compiler.py", line 339, in compile\n    module = src.make_ir(options, codegen_fns, module_map, context)\n  File "/home/lijiaxing/.conda/envs/api/lib/python3.10/site-packages/triton/compiler/compiler.py", line 83, in make_ir\n    return ast_to_ttir(self.fn, self, context=context, options=options, codegen_fns=codegen_fns,\ntriton.compiler.errors.CompilationError: at 39:24:\n            # Compute input index and remainder\n            input_idx = (output_idx + padding - dilation * k) // stride\n            remainder = (output_idx + padding - dilation * k) % stride\n\n            # Cast input index to int64 for pointer arithmetic\n            input_idx = input_idx.to(tl.int64)\n\n            # Create validity mask\n            valid = (remainder == 0) & (input_idx >= 0) & (input_idx < in_length) & mask\n\n            # Load input value with proper casting\n            input_val = tl.load(\n                        ^\n\n\nThe above exception was the direct cause of the following exception:\n\nTraceback (most recent call last):\n  File "/home/lijiaxing/.conda/envs/api/lib/python3.10/site-packages/triton/language/core.py", line 42, in wrapper\n    return fn(*args, **kwargs)\n  File "/home/lijiaxing/.conda/envs/api/lib/python3.10/site-packages/triton/language/core.py", line 2150, in load\n    return _semantic.load(pointer, mask, other, boundary_check, padding_option, cache_modifier, eviction_policy,\n  File "/home/lijiaxing/.conda/envs/api/lib/python3.10/site-packages/triton/language/semantic.py", line 1086, in load\n    return self._load_legacy(ptr, mask, other, boundary_check, padding, cache, eviction, is_volatile)\n  File "/home/lijiaxing/.conda/envs/api/lib/python3.10/site-packages/triton/language/semantic.py", line 1017, in _load_legacy\n    raise ValueError(f"Unsupported ptr type {ptr.type.__repr__()} in `tl.load`")\nValueError: Unsupported ptr type <[\'128\'], int64> in `tl.load`\n', 'runtime_error_name': 'triton.compiler.errors.CompilationError', 'reference_timing_ms': 0.0612, 'speed_up': -1.0, 'custom_timing': -1.0}, 'runtime': -1.0, 'runtime_stats': {}}}
2025-08-08 18:27:06,923 - openevolve.llm.ensemble - INFO - Sampled model: deepseek
2025-08-08 18:27:06,931 - openevolve.database - INFO - MAP-Elites cell improved: {'score': 9, 'complexity': 9} (fitness: 1.000 -> 10.000)
2025-08-08 18:27:06,945 - openevolve.threaded_parallel - INFO - Iteration 9: Program 3dd2639b-f9d9-4855-9d25-561161efb60f (parent: 2d10f64c-69fe-4d63-a57c-0309e33b3a79) completed in 823.22s
2025-08-08 18:27:06,945 - openevolve.threaded_parallel - INFO - Metrics: compiled=1.0000, correctness=0.0000, score=10.0000, stage=wrong_answer, verify_payload={'id': 'level1_74_conv_transposed_1D_dilated', 'result': {'compiled': True, 'correctness': False, 'metadata': {'hardware': 'NVIDIA L20Y', 'device': 'cuda:6', 'runtime_error': 'Traceback (most recent call last):\n  File "/home/lijiaxing/.conda/envs/api/lib/python3.10/site-packages/triton/language/core.py", line 42, in wrapper\n    return fn(*args, **kwargs)\n  File "/home/lijiaxing/.conda/envs/api/lib/python3.10/site-packages/triton/language/core.py", line 2150, in load\n    return _semantic.load(pointer, mask, other, boundary_check, padding_option, cache_modifier, eviction_policy,\n  File "/home/lijiaxing/.conda/envs/api/lib/python3.10/site-packages/triton/language/semantic.py", line 1086, in load\n    return self._load_legacy(ptr, mask, other, boundary_check, padding, cache, eviction, is_volatile)\n  File "/home/lijiaxing/.conda/envs/api/lib/python3.10/site-packages/triton/language/semantic.py", line 1017, in _load_legacy\n    raise ValueError(f"Unsupported ptr type {ptr.type.__repr__()} in `tl.load`")\nValueError: Unsupported ptr type <[\'128\'], int64> in `tl.load`\n\nThe above exception was the direct cause of the following exception:\n\nTraceback (most recent call last):\n  File "/cpfs01/shared/llm_kernel/hujiakai/KernelLLM/validation_api_server/helpers/evaluations.py", line 720, in run_and_check_correctness\n    output_new = model_new(*inputs)\n  File "/home/lijiaxing/.conda/envs/api/lib/python3.10/site-packages/torch/nn/modules/module.py", line 1773, in _wrapped_call_impl\n    return self._call_impl(*args, **kwargs)\n  File "/home/lijiaxing/.conda/envs/api/lib/python3.10/site-packages/torch/nn/modules/module.py", line 1784, in _call_impl\n    return forward_call(*args, **kwargs)\n  File "/tmp/tmpcy5ns2ch.py", line 118, in forward\n    _conv_transpose1d_kernel[grid](\n  File "/home/lijiaxing/.conda/envs/api/lib/python3.10/site-packages/triton/runtime/jit.py", line 390, in <lambda>\n    return lambda *args, **kwargs: self.run(grid=grid, warmup=False, *args, **kwargs)\n  File "/home/lijiaxing/.conda/envs/api/lib/python3.10/site-packages/triton/runtime/jit.py", line 594, in run\n    kernel = self.compile(src, target=target, options=options.__dict__)\n  File "/home/lijiaxing/.conda/envs/api/lib/python3.10/site-packages/triton/compiler/compiler.py", line 339, in compile\n    module = src.make_ir(options, codegen_fns, module_map, context)\n  File "/home/lijiaxing/.conda/envs/api/lib/python3.10/site-packages/triton/compiler/compiler.py", line 83, in make_ir\n    return ast_to_ttir(self.fn, self, context=context, options=options, codegen_fns=codegen_fns,\ntriton.compiler.errors.CompilationError: at 39:24:\n            # Compute input index and remainder\n            input_idx = (output_idx + padding - dilation * k) // stride\n            remainder = (output_idx + padding - dilation * k) % stride\n\n            # Cast input index to int64 for pointer arithmetic\n            input_idx = input_idx.to(tl.int64)\n\n            # Create validity mask\n            valid = (remainder == 0) & (input_idx >= 0) & (input_idx < in_length) & mask\n\n            # Load input value with proper casting\n            input_val = tl.load(\n                        ^\n\n\nThe above exception was the direct cause of the following exception:\n\nTraceback (most recent call last):\n  File "/home/lijiaxing/.conda/envs/api/lib/python3.10/site-packages/triton/language/core.py", line 42, in wrapper\n    return fn(*args, **kwargs)\n  File "/home/lijiaxing/.conda/envs/api/lib/python3.10/site-packages/triton/language/core.py", line 2150, in load\n    return _semantic.load(pointer, mask, other, boundary_check, padding_option, cache_modifier, eviction_policy,\n  File "/home/lijiaxing/.conda/envs/api/lib/python3.10/site-packages/triton/language/semantic.py", line 1086, in load\n    return self._load_legacy(ptr, mask, other, boundary_check, padding, cache, eviction, is_volatile)\n  File "/home/lijiaxing/.conda/envs/api/lib/python3.10/site-packages/triton/language/semantic.py", line 1017, in _load_legacy\n    raise ValueError(f"Unsupported ptr type {ptr.type.__repr__()} in `tl.load`")\nValueError: Unsupported ptr type <[\'128\'], int64> in `tl.load`\n', 'runtime_error_name': 'triton.compiler.errors.CompilationError', 'reference_timing_ms': 0.0612, 'speed_up': -1.0, 'custom_timing': -1.0}, 'runtime': -1.0, 'runtime_stats': {}}}
2025-08-08 18:27:06,945 - openevolve.threaded_parallel - INFO - Checkpoint interval reached at iteration 9
2025-08-08 18:27:06,946 - openevolve.database - INFO - Island Status:
2025-08-08 18:27:06,946 - openevolve.database - INFO -  * Island 0: 6 programs, best=20.0000, avg=-9.8333, diversity=743.35, gen=5 (best: 3fe97380-3e64-440e-b62d-344bcbfa7f0a)
2025-08-08 18:27:06,946 - openevolve.database - INFO -    Island 1: 3 programs, best=10.0000, avg=10.0000, diversity=248.27, gen=3 (best: 2d10f64c-69fe-4d63-a57c-0309e33b3a79)
2025-08-08 18:27:06,946 - openevolve.database - INFO -    Island 2: 3 programs, best=10.0000, avg=-26.6667, diversity=1234.93, gen=3 (best: eeefeec1-d7eb-4ae7-933d-08af9e41f24d)
2025-08-08 18:27:07,087 - openevolve.database - INFO - Saved database with 12 programs to openevolve_output/level1_74_conv_transposed_1D_dilated/checkpoints/checkpoint_9
2025-08-08 18:27:07,098 - openevolve.controller - INFO - Saved best program at checkpoint 9 with metrics: compiled=1.0000, correctness=1.0000, stage=success, passed=0.0000, score=20.0000, speed_up=0.9810, runtime_ms=0.0624, meta={'hardware': 'NVIDIA L20Y', 'device': 'cuda:0', 'correctness_trials': '(5 / 5)', 'reference_timing_ms': 0.0612, 'speed_up': 0.981, 'custom_timing': 0.0624}
2025-08-08 18:27:07,098 - openevolve.controller - INFO - Saved checkpoint at iteration 9 to openevolve_output/level1_74_conv_transposed_1D_dilated/checkpoints/checkpoint_9
2025-08-08 18:29:35,813 - openevolve.RemoteSpeedupEvaluator - INFO - [level1_74_conv_transposed_1D_dilated] triton key words check pass
2025-08-08 18:29:35,814 - openevolve.RemoteSpeedupEvaluator - INFO - [level1_74_conv_transposed_1D_dilated] verify_plus payload: reference_code(1788 chars) + custom_code(3055 chars)
2025-08-08 18:29:38,875 - openevolve.RemoteSpeedupEvaluator - INFO - [level1_74_conv_transposed_1D_dilated] verify_plus request success
2025-08-08 18:29:38,875 - openevolve.RemoteSpeedupEvaluator - INFO - [level1_74_conv_transposed_1D_dilated] verify_plus response: {"id":"level1_74_conv_transposed_1D_dilated","result":{"compiled":true,"correctness":false,"metadata":{"hardware":"NVIDIA L20Y","device":"cuda:6","runtime_error":"Traceback (most recent call last):\n  File \"/cpfs01/shared/llm_kernel/hujiakai/KernelLLM/validation_api_server/helpers/evaluations.py\", line 720, in run_and_check_correctness\n    output_new = model_new(*inputs)\n  File \"/home/lijiaxing/.conda/envs/api/lib/python3.10/site-packages/torch/nn/modules/module.py\", line 1773, in _wrapped_call_impl\n    return self._call_impl(*args, **kwargs)\n  File \"/home/lijiaxing/.conda/envs/api/lib/python3.10/site-packages/torch/nn/modules/module.py\", line 1784, in _call_impl\n    return forward_call(*args, **kwargs)\n  File \"/tmp/tmpx09z182n.py\", line 80, in forward\n    _conv_transpose1d_
2025-08-08 18:29:38,875 - openevolve.RemoteSpeedupEvaluator - INFO - [level1_74_conv_transposed_1D_dilated] âœ˜ wrong_answer
2025-08-08 18:29:38,876 - openevolve.evaluator - INFO - Evaluated program 4231edc6-6b23-4ce4-a6d0-be18516b0c0a in 3.06s: compiled=1.0000, correctness=0.0000, score=10.0000, stage=wrong_answer, verify_payload={'id': 'level1_74_conv_transposed_1D_dilated', 'result': {'compiled': True, 'correctness': False, 'metadata': {'hardware': 'NVIDIA L20Y', 'device': 'cuda:6', 'runtime_error': 'Traceback (most recent call last):\n  File "/cpfs01/shared/llm_kernel/hujiakai/KernelLLM/validation_api_server/helpers/evaluations.py", line 720, in run_and_check_correctness\n    output_new = model_new(*inputs)\n  File "/home/lijiaxing/.conda/envs/api/lib/python3.10/site-packages/torch/nn/modules/module.py", line 1773, in _wrapped_call_impl\n    return self._call_impl(*args, **kwargs)\n  File "/home/lijiaxing/.conda/envs/api/lib/python3.10/site-packages/torch/nn/modules/module.py", line 1784, in _call_impl\n    return forward_call(*args, **kwargs)\n  File "/tmp/tmpx09z182n.py", line 80, in forward\n    _conv_transpose1d_forward[grid](\n  File "/home/lijiaxing/.conda/envs/api/lib/python3.10/site-packages/triton/runtime/jit.py", line 390, in <lambda>\n    return lambda *args, **kwargs: self.run(grid=grid, warmup=False, *args, **kwargs)\n  File "/home/lijiaxing/.conda/envs/api/lib/python3.10/site-packages/triton/runtime/jit.py", line 594, in run\n    kernel = self.compile(src, target=target, options=options.__dict__)\n  File "/home/lijiaxing/.conda/envs/api/lib/python3.10/site-packages/triton/compiler/compiler.py", line 339, in compile\n    module = src.make_ir(options, codegen_fns, module_map, context)\n  File "/home/lijiaxing/.conda/envs/api/lib/python3.10/site-packages/triton/compiler/compiler.py", line 83, in make_ir\n    return ast_to_ttir(self.fn, self, context=context, options=options, codegen_fns=codegen_fns,\ntriton.compiler.errors.UnsupportedLanguageConstruct: at 30:16:\n    pid_i = tl.program_id(2)\n\n    value = 0.0\n    if has_bias:\n        bias_offset = pid_c\n        value = tl.load(bias_ptr + bias_offset)\n\n    for c_in in range(0, in_channels):\n        for k in range(0, kernel_size):\n            j = pid_i + padding - k * dilation\n            if j < 0:\n                continue\n                ^\nunsupported AST node type: Continue\n', 'runtime_error_name': 'triton.compiler.errors.UnsupportedLanguageConstruct', 'reference_timing_ms': 0.0612, 'speed_up': -1.0, 'custom_timing': -1.0}, 'runtime': -1.0, 'runtime_stats': {}}}
2025-08-08 18:29:38,880 - openevolve.llm.ensemble - INFO - Sampled model: deepseek
2025-08-08 18:29:38,939 - openevolve.threaded_parallel - INFO - Iteration 10: Program 4231edc6-6b23-4ce4-a6d0-be18516b0c0a (parent: b64530d5-571d-4f72-8298-19ca5eccc799) completed in 907.73s
2025-08-08 18:29:38,939 - openevolve.threaded_parallel - INFO - Metrics: compiled=1.0000, correctness=0.0000, score=10.0000, stage=wrong_answer, verify_payload={'id': 'level1_74_conv_transposed_1D_dilated', 'result': {'compiled': True, 'correctness': False, 'metadata': {'hardware': 'NVIDIA L20Y', 'device': 'cuda:6', 'runtime_error': 'Traceback (most recent call last):\n  File "/cpfs01/shared/llm_kernel/hujiakai/KernelLLM/validation_api_server/helpers/evaluations.py", line 720, in run_and_check_correctness\n    output_new = model_new(*inputs)\n  File "/home/lijiaxing/.conda/envs/api/lib/python3.10/site-packages/torch/nn/modules/module.py", line 1773, in _wrapped_call_impl\n    return self._call_impl(*args, **kwargs)\n  File "/home/lijiaxing/.conda/envs/api/lib/python3.10/site-packages/torch/nn/modules/module.py", line 1784, in _call_impl\n    return forward_call(*args, **kwargs)\n  File "/tmp/tmpx09z182n.py", line 80, in forward\n    _conv_transpose1d_forward[grid](\n  File "/home/lijiaxing/.conda/envs/api/lib/python3.10/site-packages/triton/runtime/jit.py", line 390, in <lambda>\n    return lambda *args, **kwargs: self.run(grid=grid, warmup=False, *args, **kwargs)\n  File "/home/lijiaxing/.conda/envs/api/lib/python3.10/site-packages/triton/runtime/jit.py", line 594, in run\n    kernel = self.compile(src, target=target, options=options.__dict__)\n  File "/home/lijiaxing/.conda/envs/api/lib/python3.10/site-packages/triton/compiler/compiler.py", line 339, in compile\n    module = src.make_ir(options, codegen_fns, module_map, context)\n  File "/home/lijiaxing/.conda/envs/api/lib/python3.10/site-packages/triton/compiler/compiler.py", line 83, in make_ir\n    return ast_to_ttir(self.fn, self, context=context, options=options, codegen_fns=codegen_fns,\ntriton.compiler.errors.UnsupportedLanguageConstruct: at 30:16:\n    pid_i = tl.program_id(2)\n\n    value = 0.0\n    if has_bias:\n        bias_offset = pid_c\n        value = tl.load(bias_ptr + bias_offset)\n\n    for c_in in range(0, in_channels):\n        for k in range(0, kernel_size):\n            j = pid_i + padding - k * dilation\n            if j < 0:\n                continue\n                ^\nunsupported AST node type: Continue\n', 'runtime_error_name': 'triton.compiler.errors.UnsupportedLanguageConstruct', 'reference_timing_ms': 0.0612, 'speed_up': -1.0, 'custom_timing': -1.0}, 'runtime': -1.0, 'runtime_stats': {}}}
2025-08-08 18:31:44,537 - openevolve.RemoteSpeedupEvaluator - INFO - [level1_74_conv_transposed_1D_dilated] triton key words check pass
2025-08-08 18:31:44,538 - openevolve.RemoteSpeedupEvaluator - INFO - [level1_74_conv_transposed_1D_dilated] verify_plus payload: reference_code(1788 chars) + custom_code(4295 chars)
2025-08-08 18:31:48,367 - openevolve.RemoteSpeedupEvaluator - INFO - [level1_74_conv_transposed_1D_dilated] verify_plus request success
2025-08-08 18:31:48,367 - openevolve.RemoteSpeedupEvaluator - INFO - [level1_74_conv_transposed_1D_dilated] verify_plus response: {"id":"level1_74_conv_transposed_1D_dilated","result":{"compiled":true,"correctness":false,"metadata":{"hardware":"NVIDIA L20Y","device":"cuda:0","max_difference":["2.978926","3.038022","3.021031","3.136066","3.082586"],"avg_difference":["0.453066","0.452398","0.456090","0.456094","0.456335"],"correctness_issue":"Output mismatch","correctness_trials":"(0 / 5)","reference_timing_ms":0.0612,"speed_up":-1.0,"custom_timing":-1.0},"runtime":-1.0,"runtime_stats":{}}}
2025-08-08 18:31:48,367 - openevolve.RemoteSpeedupEvaluator - INFO - [level1_74_conv_transposed_1D_dilated] âœ˜ wrong_answer
2025-08-08 18:31:48,367 - openevolve.evaluator - INFO - Evaluated program 2f36dce8-560f-4665-b206-ae25a3e78184 in 3.83s: compiled=1.0000, correctness=0.0000, score=10.0000, stage=wrong_answer, verify_payload={'id': 'level1_74_conv_transposed_1D_dilated', 'result': {'compiled': True, 'correctness': False, 'metadata': {'hardware': 'NVIDIA L20Y', 'device': 'cuda:0', 'max_difference': ['2.978926', '3.038022', '3.021031', '3.136066', '3.082586'], 'avg_difference': ['0.453066', '0.452398', '0.456090', '0.456094', '0.456335'], 'correctness_issue': 'Output mismatch', 'correctness_trials': '(0 / 5)', 'reference_timing_ms': 0.0612, 'speed_up': -1.0, 'custom_timing': -1.0}, 'runtime': -1.0, 'runtime_stats': {}}}
2025-08-08 18:31:48,371 - openevolve.llm.ensemble - INFO - Sampled model: deepseek
2025-08-08 18:31:48,387 - openevolve.threaded_parallel - INFO - Iteration 13: Program 2f36dce8-560f-4665-b206-ae25a3e78184 (parent: eeefeec1-d7eb-4ae7-933d-08af9e41f24d) completed in 281.44s
2025-08-08 18:31:48,388 - openevolve.threaded_parallel - INFO - Metrics: compiled=1.0000, correctness=0.0000, score=10.0000, stage=wrong_answer, verify_payload={'id': 'level1_74_conv_transposed_1D_dilated', 'result': {'compiled': True, 'correctness': False, 'metadata': {'hardware': 'NVIDIA L20Y', 'device': 'cuda:0', 'max_difference': ['2.978926', '3.038022', '3.021031', '3.136066', '3.082586'], 'avg_difference': ['0.453066', '0.452398', '0.456090', '0.456094', '0.456335'], 'correctness_issue': 'Output mismatch', 'correctness_trials': '(0 / 5)', 'reference_timing_ms': 0.0612, 'speed_up': -1.0, 'custom_timing': -1.0}, 'runtime': -1.0, 'runtime_stats': {}}}
2025-08-08 18:31:55,796 - openevolve.RemoteSpeedupEvaluator - INFO - [level1_74_conv_transposed_1D_dilated] triton key words check pass
2025-08-08 18:31:55,796 - openevolve.RemoteSpeedupEvaluator - INFO - [level1_74_conv_transposed_1D_dilated] verify_plus payload: reference_code(1788 chars) + custom_code(4847 chars)
2025-08-08 18:31:59,094 - openevolve.RemoteSpeedupEvaluator - INFO - [level1_74_conv_transposed_1D_dilated] verify_plus request success
2025-08-08 18:31:59,094 - openevolve.RemoteSpeedupEvaluator - INFO - [level1_74_conv_transposed_1D_dilated] verify_plus response: {"id":"level1_74_conv_transposed_1D_dilated","result":{"compiled":true,"correctness":false,"metadata":{"hardware":"NVIDIA L20Y","device":"cuda:3","runtime_error":"Traceback (most recent call last):\n  File \"/home/lijiaxing/.conda/envs/api/lib/python3.10/site-packages/triton/language/core.py\", line 42, in wrapper\n    return fn(*args, **kwargs)\n  File \"/home/lijiaxing/.conda/envs/api/lib/python3.10/site-packages/triton/language/core.py\", line 2150, in load\n    return _semantic.load(pointer, mask, other, boundary_check, padding_option, cache_modifier, eviction_policy,\n  File \"/home/lijiaxing/.conda/envs/api/lib/python3.10/site-packages/triton/language/semantic.py\", line 1086, in load\n    return self._load_legacy(ptr, mask, other, boundary_check, padding, cache, eviction, is_volatil
2025-08-08 18:31:59,094 - openevolve.RemoteSpeedupEvaluator - INFO - [level1_74_conv_transposed_1D_dilated] âœ˜ wrong_answer
2025-08-08 18:31:59,095 - openevolve.evaluator - INFO - Evaluated program 3eb35fd8-2407-410d-b878-9bb6c5aca045 in 3.30s: compiled=1.0000, correctness=0.0000, score=10.0000, stage=wrong_answer, verify_payload={'id': 'level1_74_conv_transposed_1D_dilated', 'result': {'compiled': True, 'correctness': False, 'metadata': {'hardware': 'NVIDIA L20Y', 'device': 'cuda:3', 'runtime_error': 'Traceback (most recent call last):\n  File "/home/lijiaxing/.conda/envs/api/lib/python3.10/site-packages/triton/language/core.py", line 42, in wrapper\n    return fn(*args, **kwargs)\n  File "/home/lijiaxing/.conda/envs/api/lib/python3.10/site-packages/triton/language/core.py", line 2150, in load\n    return _semantic.load(pointer, mask, other, boundary_check, padding_option, cache_modifier, eviction_policy,\n  File "/home/lijiaxing/.conda/envs/api/lib/python3.10/site-packages/triton/language/semantic.py", line 1086, in load\n    return self._load_legacy(ptr, mask, other, boundary_check, padding, cache, eviction, is_volatile)\n  File "/home/lijiaxing/.conda/envs/api/lib/python3.10/site-packages/triton/language/semantic.py", line 1017, in _load_legacy\n    raise ValueError(f"Unsupported ptr type {ptr.type.__repr__()} in `tl.load`")\nValueError: Unsupported ptr type <[\'128\'], int64> in `tl.load`\n\nThe above exception was the direct cause of the following exception:\n\nTraceback (most recent call last):\n  File "/cpfs01/shared/llm_kernel/hujiakai/KernelLLM/validation_api_server/helpers/evaluations.py", line 720, in run_and_check_correctness\n    output_new = model_new(*inputs)\n  File "/home/lijiaxing/.conda/envs/api/lib/python3.10/site-packages/torch/nn/modules/module.py", line 1773, in _wrapped_call_impl\n    return self._call_impl(*args, **kwargs)\n  File "/home/lijiaxing/.conda/envs/api/lib/python3.10/site-packages/torch/nn/modules/module.py", line 1784, in _call_impl\n    return forward_call(*args, **kwargs)\n  File "/tmp/tmpioh4brnb.py", line 121, in forward\n    _conv_transpose1d_kernel[grid](\n  File "/home/lijiaxing/.conda/envs/api/lib/python3.10/site-packages/triton/runtime/jit.py", line 390, in <lambda>\n    return lambda *args, **kwargs: self.run(grid=grid, warmup=False, *args, **kwargs)\n  File "/home/lijiaxing/.conda/envs/api/lib/python3.10/site-packages/triton/runtime/jit.py", line 594, in run\n    kernel = self.compile(src, target=target, options=options.__dict__)\n  File "/home/lijiaxing/.conda/envs/api/lib/python3.10/site-packages/triton/compiler/compiler.py", line 339, in compile\n    module = src.make_ir(options, codegen_fns, module_map, context)\n  File "/home/lijiaxing/.conda/envs/api/lib/python3.10/site-packages/triton/compiler/compiler.py", line 83, in make_ir\n    return ast_to_ttir(self.fn, self, context=context, options=options, codegen_fns=codegen_fns,\ntriton.compiler.errors.CompilationError: at 44:24:\n    accumulator = tl.zeros((BLOCK_SIZE,), dtype=tl.float32)\n\n    for ic in range(in_channels):\n        for k in range(kernel_size):\n            input_idx = (output_idx + padding - dilation * k) // stride\n            remainder = (output_idx + padding - dilation * k) % stride\n\n            valid = (remainder == 0) & (input_idx >= 0) & (input_idx < in_length) & mask\n\n            # Compute input address using tensor strides\n            x_offset = pid_b * stride_xb + ic * stride_xc + input_idx * stride_xl\n            input_val = tl.load(\n                        ^\n\n\nThe above exception was the direct cause of the following exception:\n\nTraceback (most recent call last):\n  File "/home/lijiaxing/.conda/envs/api/lib/python3.10/site-packages/triton/language/core.py", line 42, in wrapper\n    return fn(*args, **kwargs)\n  File "/home/lijiaxing/.conda/envs/api/lib/python3.10/site-packages/triton/language/core.py", line 2150, in load\n    return _semantic.load(pointer, mask, other, boundary_check, padding_option, cache_modifier, eviction_policy,\n  File "/home/lijiaxing/.conda/envs/api/lib/python3.10/site-packages/triton/language/semantic.py", line 1086, in load\n    return self._load_legacy(ptr, mask, other, boundary_check, padding, cache, eviction, is_volatile)\n  File "/home/lijiaxing/.conda/envs/api/lib/python3.10/site-packages/triton/language/semantic.py", line 1017, in _load_legacy\n    raise ValueError(f"Unsupported ptr type {ptr.type.__repr__()} in `tl.load`")\nValueError: Unsupported ptr type <[\'128\'], int64> in `tl.load`\n', 'runtime_error_name': 'triton.compiler.errors.CompilationError', 'reference_timing_ms': 0.0612, 'speed_up': -1.0, 'custom_timing': -1.0}, 'runtime': -1.0, 'runtime_stats': {}}}
2025-08-08 18:31:59,100 - openevolve.llm.ensemble - INFO - Sampled model: deepseek
2025-08-08 18:31:59,116 - openevolve.threaded_parallel - INFO - Iteration 12: Program 3eb35fd8-2407-410d-b878-9bb6c5aca045 (parent: 2d10f64c-69fe-4d63-a57c-0309e33b3a79) completed in 576.92s
2025-08-08 18:31:59,116 - openevolve.threaded_parallel - INFO - Metrics: compiled=1.0000, correctness=0.0000, score=10.0000, stage=wrong_answer, verify_payload={'id': 'level1_74_conv_transposed_1D_dilated', 'result': {'compiled': True, 'correctness': False, 'metadata': {'hardware': 'NVIDIA L20Y', 'device': 'cuda:3', 'runtime_error': 'Traceback (most recent call last):\n  File "/home/lijiaxing/.conda/envs/api/lib/python3.10/site-packages/triton/language/core.py", line 42, in wrapper\n    return fn(*args, **kwargs)\n  File "/home/lijiaxing/.conda/envs/api/lib/python3.10/site-packages/triton/language/core.py", line 2150, in load\n    return _semantic.load(pointer, mask, other, boundary_check, padding_option, cache_modifier, eviction_policy,\n  File "/home/lijiaxing/.conda/envs/api/lib/python3.10/site-packages/triton/language/semantic.py", line 1086, in load\n    return self._load_legacy(ptr, mask, other, boundary_check, padding, cache, eviction, is_volatile)\n  File "/home/lijiaxing/.conda/envs/api/lib/python3.10/site-packages/triton/language/semantic.py", line 1017, in _load_legacy\n    raise ValueError(f"Unsupported ptr type {ptr.type.__repr__()} in `tl.load`")\nValueError: Unsupported ptr type <[\'128\'], int64> in `tl.load`\n\nThe above exception was the direct cause of the following exception:\n\nTraceback (most recent call last):\n  File "/cpfs01/shared/llm_kernel/hujiakai/KernelLLM/validation_api_server/helpers/evaluations.py", line 720, in run_and_check_correctness\n    output_new = model_new(*inputs)\n  File "/home/lijiaxing/.conda/envs/api/lib/python3.10/site-packages/torch/nn/modules/module.py", line 1773, in _wrapped_call_impl\n    return self._call_impl(*args, **kwargs)\n  File "/home/lijiaxing/.conda/envs/api/lib/python3.10/site-packages/torch/nn/modules/module.py", line 1784, in _call_impl\n    return forward_call(*args, **kwargs)\n  File "/tmp/tmpioh4brnb.py", line 121, in forward\n    _conv_transpose1d_kernel[grid](\n  File "/home/lijiaxing/.conda/envs/api/lib/python3.10/site-packages/triton/runtime/jit.py", line 390, in <lambda>\n    return lambda *args, **kwargs: self.run(grid=grid, warmup=False, *args, **kwargs)\n  File "/home/lijiaxing/.conda/envs/api/lib/python3.10/site-packages/triton/runtime/jit.py", line 594, in run\n    kernel = self.compile(src, target=target, options=options.__dict__)\n  File "/home/lijiaxing/.conda/envs/api/lib/python3.10/site-packages/triton/compiler/compiler.py", line 339, in compile\n    module = src.make_ir(options, codegen_fns, module_map, context)\n  File "/home/lijiaxing/.conda/envs/api/lib/python3.10/site-packages/triton/compiler/compiler.py", line 83, in make_ir\n    return ast_to_ttir(self.fn, self, context=context, options=options, codegen_fns=codegen_fns,\ntriton.compiler.errors.CompilationError: at 44:24:\n    accumulator = tl.zeros((BLOCK_SIZE,), dtype=tl.float32)\n\n    for ic in range(in_channels):\n        for k in range(kernel_size):\n            input_idx = (output_idx + padding - dilation * k) // stride\n            remainder = (output_idx + padding - dilation * k) % stride\n\n            valid = (remainder == 0) & (input_idx >= 0) & (input_idx < in_length) & mask\n\n            # Compute input address using tensor strides\n            x_offset = pid_b * stride_xb + ic * stride_xc + input_idx * stride_xl\n            input_val = tl.load(\n                        ^\n\n\nThe above exception was the direct cause of the following exception:\n\nTraceback (most recent call last):\n  File "/home/lijiaxing/.conda/envs/api/lib/python3.10/site-packages/triton/language/core.py", line 42, in wrapper\n    return fn(*args, **kwargs)\n  File "/home/lijiaxing/.conda/envs/api/lib/python3.10/site-packages/triton/language/core.py", line 2150, in load\n    return _semantic.load(pointer, mask, other, boundary_check, padding_option, cache_modifier, eviction_policy,\n  File "/home/lijiaxing/.conda/envs/api/lib/python3.10/site-packages/triton/language/semantic.py", line 1086, in load\n    return self._load_legacy(ptr, mask, other, boundary_check, padding, cache, eviction, is_volatile)\n  File "/home/lijiaxing/.conda/envs/api/lib/python3.10/site-packages/triton/language/semantic.py", line 1017, in _load_legacy\n    raise ValueError(f"Unsupported ptr type {ptr.type.__repr__()} in `tl.load`")\nValueError: Unsupported ptr type <[\'128\'], int64> in `tl.load`\n', 'runtime_error_name': 'triton.compiler.errors.CompilationError', 'reference_timing_ms': 0.0612, 'speed_up': -1.0, 'custom_timing': -1.0}, 'runtime': -1.0, 'runtime_stats': {}}}
2025-08-08 18:31:59,117 - openevolve.threaded_parallel - INFO - Checkpoint interval reached at iteration 12
2025-08-08 18:31:59,118 - openevolve.database - INFO - Island Status:
2025-08-08 18:31:59,118 - openevolve.database - INFO -  * Island 0: 7 programs, best=20.0000, avg=-7.0000, diversity=442.18, gen=6 (best: 3fe97380-3e64-440e-b62d-344bcbfa7f0a)
2025-08-08 18:31:59,118 - openevolve.database - INFO -    Island 1: 4 programs, best=10.0000, avg=10.0000, diversity=198.87, gen=4 (best: 2d10f64c-69fe-4d63-a57c-0309e33b3a79)
2025-08-08 18:31:59,118 - openevolve.database - INFO -    Island 2: 4 programs, best=10.0000, avg=-17.5000, diversity=1017.87, gen=4 (best: eeefeec1-d7eb-4ae7-933d-08af9e41f24d)
2025-08-08 18:31:59,288 - openevolve.database - INFO - Saved database with 15 programs to openevolve_output/level1_74_conv_transposed_1D_dilated/checkpoints/checkpoint_12
2025-08-08 18:31:59,298 - openevolve.controller - INFO - Saved best program at checkpoint 12 with metrics: compiled=1.0000, correctness=1.0000, stage=success, passed=0.0000, score=20.0000, speed_up=0.9810, runtime_ms=0.0624, meta={'hardware': 'NVIDIA L20Y', 'device': 'cuda:0', 'correctness_trials': '(5 / 5)', 'reference_timing_ms': 0.0612, 'speed_up': 0.981, 'custom_timing': 0.0624}
2025-08-08 18:31:59,299 - openevolve.controller - INFO - Saved checkpoint at iteration 12 to openevolve_output/level1_74_conv_transposed_1D_dilated/checkpoints/checkpoint_12
2025-08-08 18:38:28,772 - openevolve.RemoteSpeedupEvaluator - INFO - [level1_74_conv_transposed_1D_dilated] triton key words check pass
2025-08-08 18:38:28,773 - openevolve.RemoteSpeedupEvaluator - INFO - [level1_74_conv_transposed_1D_dilated] verify_plus payload: reference_code(1788 chars) + custom_code(3939 chars)
2025-08-08 18:38:31,812 - openevolve.RemoteSpeedupEvaluator - INFO - [level1_74_conv_transposed_1D_dilated] verify_plus request success
2025-08-08 18:38:31,813 - openevolve.RemoteSpeedupEvaluator - INFO - [level1_74_conv_transposed_1D_dilated] verify_plus response: {"id":"level1_74_conv_transposed_1D_dilated","result":{"compiled":true,"correctness":true,"metadata":{"hardware":"NVIDIA L20Y","device":"cuda:6","correctness_trials":"(5 / 5)","reference_timing_ms":0.0612,"speed_up":0.998,"custom_timing":0.0613},"runtime":0.0613,"runtime_stats":{"mean":0.0613,"std":0.00224,"min":0.058,"max":0.0721,"num_trials":100,"hardware":"NVIDIA L20Y","device":"cuda:6"}}}
2025-08-08 18:38:31,813 - openevolve.RemoteSpeedupEvaluator - INFO - [level1_74_conv_transposed_1D_dilated] âœ” success | speed_up=0.998  score=20.00
2025-08-08 18:38:31,813 - openevolve.evaluator - INFO - Evaluated program 783f06b3-bed1-4aed-b645-3030dedf7149 in 3.04s: compiled=1.0000, correctness=1.0000, stage=success, passed=0.0000, score=20.0000, speed_up=0.9980, runtime_ms=0.0613, meta={'hardware': 'NVIDIA L20Y', 'device': 'cuda:6', 'correctness_trials': '(5 / 5)', 'reference_timing_ms': 0.0612, 'speed_up': 0.998, 'custom_timing': 0.0613}
2025-08-08 18:38:31,819 - openevolve.llm.ensemble - INFO - Sampled model: deepseek
2025-08-08 18:38:31,835 - openevolve.threaded_parallel - INFO - Iteration 14: Program 783f06b3-bed1-4aed-b645-3030dedf7149 (parent: 344da7f5-82be-4cb5-91b2-1bbe38400325) completed in 532.93s
2025-08-08 18:38:31,835 - openevolve.threaded_parallel - INFO - Metrics: compiled=1.0000, correctness=1.0000, stage=success, passed=0.0000, score=20.0000, speed_up=0.9980, runtime_ms=0.0613, meta={'hardware': 'NVIDIA L20Y', 'device': 'cuda:6', 'correctness_trials': '(5 / 5)', 'reference_timing_ms': 0.0612, 'speed_up': 0.998, 'custom_timing': 0.0613}
2025-08-08 18:39:28,839 - openevolve.RemoteSpeedupEvaluator - INFO - [level1_74_conv_transposed_1D_dilated] triton key words check pass
2025-08-08 18:39:28,840 - openevolve.RemoteSpeedupEvaluator - INFO - [level1_74_conv_transposed_1D_dilated] verify_plus payload: reference_code(1788 chars) + custom_code(4256 chars)
2025-08-08 18:39:32,088 - openevolve.RemoteSpeedupEvaluator - INFO - [level1_74_conv_transposed_1D_dilated] verify_plus request success
2025-08-08 18:39:32,088 - openevolve.RemoteSpeedupEvaluator - INFO - [level1_74_conv_transposed_1D_dilated] verify_plus response: {"id":"level1_74_conv_transposed_1D_dilated","result":{"compiled":true,"correctness":false,"metadata":{"hardware":"NVIDIA L20Y","device":"cuda:4","max_difference":["2.978926","3.038022","3.021031","3.136066","3.082586"],"avg_difference":["0.453066","0.452398","0.456090","0.456094","0.456335"],"correctness_issue":"Output mismatch","correctness_trials":"(0 / 5)","reference_timing_ms":0.0612,"speed_up":-1.0,"custom_timing":-1.0},"runtime":-1.0,"runtime_stats":{}}}
2025-08-08 18:39:32,088 - openevolve.RemoteSpeedupEvaluator - INFO - [level1_74_conv_transposed_1D_dilated] âœ˜ wrong_answer
2025-08-08 18:39:32,089 - openevolve.evaluator - INFO - Evaluated program e04e045b-74fa-4ed1-85b9-72a03d8d6955 in 3.25s: compiled=1.0000, correctness=0.0000, score=10.0000, stage=wrong_answer, verify_payload={'id': 'level1_74_conv_transposed_1D_dilated', 'result': {'compiled': True, 'correctness': False, 'metadata': {'hardware': 'NVIDIA L20Y', 'device': 'cuda:4', 'max_difference': ['2.978926', '3.038022', '3.021031', '3.136066', '3.082586'], 'avg_difference': ['0.453066', '0.452398', '0.456090', '0.456094', '0.456335'], 'correctness_issue': 'Output mismatch', 'correctness_trials': '(0 / 5)', 'reference_timing_ms': 0.0612, 'speed_up': -1.0, 'custom_timing': -1.0}, 'runtime': -1.0, 'runtime_stats': {}}}
2025-08-08 18:39:32,092 - openevolve.llm.ensemble - INFO - Sampled model: deepseek
2025-08-08 18:39:32,107 - openevolve.threaded_parallel - INFO - Iteration 16: Program e04e045b-74fa-4ed1-85b9-72a03d8d6955 (parent: eeefeec1-d7eb-4ae7-933d-08af9e41f24d) completed in 452.99s
2025-08-08 18:39:32,107 - openevolve.threaded_parallel - INFO - Metrics: compiled=1.0000, correctness=0.0000, score=10.0000, stage=wrong_answer, verify_payload={'id': 'level1_74_conv_transposed_1D_dilated', 'result': {'compiled': True, 'correctness': False, 'metadata': {'hardware': 'NVIDIA L20Y', 'device': 'cuda:4', 'max_difference': ['2.978926', '3.038022', '3.021031', '3.136066', '3.082586'], 'avg_difference': ['0.453066', '0.452398', '0.456090', '0.456094', '0.456335'], 'correctness_issue': 'Output mismatch', 'correctness_trials': '(0 / 5)', 'reference_timing_ms': 0.0612, 'speed_up': -1.0, 'custom_timing': -1.0}, 'runtime': -1.0, 'runtime_stats': {}}}
2025-08-08 18:43:13,654 - openevolve.RemoteSpeedupEvaluator - INFO - [level1_74_conv_transposed_1D_dilated] triton key words check pass
2025-08-08 18:43:13,655 - openevolve.RemoteSpeedupEvaluator - INFO - [level1_74_conv_transposed_1D_dilated] verify_plus payload: reference_code(1788 chars) + custom_code(4684 chars)
2025-08-08 18:43:16,689 - openevolve.RemoteSpeedupEvaluator - INFO - [level1_74_conv_transposed_1D_dilated] verify_plus request success
2025-08-08 18:43:16,689 - openevolve.RemoteSpeedupEvaluator - INFO - [level1_74_conv_transposed_1D_dilated] verify_plus response: {"id":"level1_74_conv_transposed_1D_dilated","result":{"compiled":true,"correctness":false,"metadata":{"hardware":"NVIDIA L20Y","device":"cuda:2","runtime_error":"Traceback (most recent call last):\n  File \"/home/lijiaxing/.conda/envs/api/lib/python3.10/site-packages/triton/language/core.py\", line 42, in wrapper\n    return fn(*args, **kwargs)\n  File \"/home/lijiaxing/.conda/envs/api/lib/python3.10/site-packages/triton/language/core.py\", line 2150, in load\n    return _semantic.load(pointer, mask, other, boundary_check, padding_option, cache_modifier, eviction_policy,\n  File \"/home/lijiaxing/.conda/envs/api/lib/python3.10/site-packages/triton/language/semantic.py\", line 1086, in load\n    return self._load_legacy(ptr, mask, other, boundary_check, padding, cache, eviction, is_volatil
2025-08-08 18:43:16,689 - openevolve.RemoteSpeedupEvaluator - INFO - [level1_74_conv_transposed_1D_dilated] âœ˜ wrong_answer
2025-08-08 18:43:16,690 - openevolve.evaluator - INFO - Evaluated program 49598663-9674-49ef-969d-17b3008fe682 in 3.04s: compiled=1.0000, correctness=0.0000, score=10.0000, stage=wrong_answer, verify_payload={'id': 'level1_74_conv_transposed_1D_dilated', 'result': {'compiled': True, 'correctness': False, 'metadata': {'hardware': 'NVIDIA L20Y', 'device': 'cuda:2', 'runtime_error': 'Traceback (most recent call last):\n  File "/home/lijiaxing/.conda/envs/api/lib/python3.10/site-packages/triton/language/core.py", line 42, in wrapper\n    return fn(*args, **kwargs)\n  File "/home/lijiaxing/.conda/envs/api/lib/python3.10/site-packages/triton/language/core.py", line 2150, in load\n    return _semantic.load(pointer, mask, other, boundary_check, padding_option, cache_modifier, eviction_policy,\n  File "/home/lijiaxing/.conda/envs/api/lib/python3.10/site-packages/triton/language/semantic.py", line 1086, in load\n    return self._load_legacy(ptr, mask, other, boundary_check, padding, cache, eviction, is_volatile)\n  File "/home/lijiaxing/.conda/envs/api/lib/python3.10/site-packages/triton/language/semantic.py", line 1017, in _load_legacy\n    raise ValueError(f"Unsupported ptr type {ptr.type.__repr__()} in `tl.load`")\nValueError: Unsupported ptr type <[\'128\'], int64> in `tl.load`\n\nThe above exception was the direct cause of the following exception:\n\nTraceback (most recent call last):\n  File "/cpfs01/shared/llm_kernel/hujiakai/KernelLLM/validation_api_server/helpers/evaluations.py", line 720, in run_and_check_correctness\n    output_new = model_new(*inputs)\n  File "/home/lijiaxing/.conda/envs/api/lib/python3.10/site-packages/torch/nn/modules/module.py", line 1773, in _wrapped_call_impl\n    return self._call_impl(*args, **kwargs)\n  File "/home/lijiaxing/.conda/envs/api/lib/python3.10/site-packages/torch/nn/modules/module.py", line 1784, in _call_impl\n    return forward_call(*args, **kwargs)\n  File "/tmp/tmp7zuagrje.py", line 122, in forward\n    _conv_transpose1d_kernel[grid](\n  File "/home/lijiaxing/.conda/envs/api/lib/python3.10/site-packages/triton/runtime/jit.py", line 390, in <lambda>\n    return lambda *args, **kwargs: self.run(grid=grid, warmup=False, *args, **kwargs)\n  File "/home/lijiaxing/.conda/envs/api/lib/python3.10/site-packages/triton/runtime/jit.py", line 594, in run\n    kernel = self.compile(src, target=target, options=options.__dict__)\n  File "/home/lijiaxing/.conda/envs/api/lib/python3.10/site-packages/triton/compiler/compiler.py", line 339, in compile\n    module = src.make_ir(options, codegen_fns, module_map, context)\n  File "/home/lijiaxing/.conda/envs/api/lib/python3.10/site-packages/triton/compiler/compiler.py", line 83, in make_ir\n    return ast_to_ttir(self.fn, self, context=context, options=options, codegen_fns=codegen_fns,\ntriton.compiler.errors.CompilationError: at 44:24:\n        w_ic_ptr = w_oc_ptr + ic * out_channels * kernel_size\n\n        for k in range(kernel_size):\n            # Compute input positions\n            input_idx = (output_idx + padding - dilation * k) // stride\n            remainder = (output_idx + padding - dilation * k) % stride\n\n            # Create validity mask\n            valid = (remainder == 0) & (input_idx >= 0) & (input_idx < in_length) & mask\n\n            # Vectorized load with mask\n            input_val = tl.load(\n                        ^\n\n\nThe above exception was the direct cause of the following exception:\n\nTraceback (most recent call last):\n  File "/home/lijiaxing/.conda/envs/api/lib/python3.10/site-packages/triton/language/core.py", line 42, in wrapper\n    return fn(*args, **kwargs)\n  File "/home/lijiaxing/.conda/envs/api/lib/python3.10/site-packages/triton/language/core.py", line 2150, in load\n    return _semantic.load(pointer, mask, other, boundary_check, padding_option, cache_modifier, eviction_policy,\n  File "/home/lijiaxing/.conda/envs/api/lib/python3.10/site-packages/triton/language/semantic.py", line 1086, in load\n    return self._load_legacy(ptr, mask, other, boundary_check, padding, cache, eviction, is_volatile)\n  File "/home/lijiaxing/.conda/envs/api/lib/python3.10/site-packages/triton/language/semantic.py", line 1017, in _load_legacy\n    raise ValueError(f"Unsupported ptr type {ptr.type.__repr__()} in `tl.load`")\nValueError: Unsupported ptr type <[\'128\'], int64> in `tl.load`\n', 'runtime_error_name': 'triton.compiler.errors.CompilationError', 'reference_timing_ms': 0.0612, 'speed_up': -1.0, 'custom_timing': -1.0}, 'runtime': -1.0, 'runtime_stats': {}}}
2025-08-08 18:43:16,693 - openevolve.llm.ensemble - INFO - Sampled model: deepseek
2025-08-08 18:43:16,707 - openevolve.threaded_parallel - INFO - Iteration 15: Program 49598663-9674-49ef-969d-17b3008fe682 (parent: 2d10f64c-69fe-4d63-a57c-0309e33b3a79) completed in 688.32s
2025-08-08 18:43:16,707 - openevolve.threaded_parallel - INFO - Metrics: compiled=1.0000, correctness=0.0000, score=10.0000, stage=wrong_answer, verify_payload={'id': 'level1_74_conv_transposed_1D_dilated', 'result': {'compiled': True, 'correctness': False, 'metadata': {'hardware': 'NVIDIA L20Y', 'device': 'cuda:2', 'runtime_error': 'Traceback (most recent call last):\n  File "/home/lijiaxing/.conda/envs/api/lib/python3.10/site-packages/triton/language/core.py", line 42, in wrapper\n    return fn(*args, **kwargs)\n  File "/home/lijiaxing/.conda/envs/api/lib/python3.10/site-packages/triton/language/core.py", line 2150, in load\n    return _semantic.load(pointer, mask, other, boundary_check, padding_option, cache_modifier, eviction_policy,\n  File "/home/lijiaxing/.conda/envs/api/lib/python3.10/site-packages/triton/language/semantic.py", line 1086, in load\n    return self._load_legacy(ptr, mask, other, boundary_check, padding, cache, eviction, is_volatile)\n  File "/home/lijiaxing/.conda/envs/api/lib/python3.10/site-packages/triton/language/semantic.py", line 1017, in _load_legacy\n    raise ValueError(f"Unsupported ptr type {ptr.type.__repr__()} in `tl.load`")\nValueError: Unsupported ptr type <[\'128\'], int64> in `tl.load`\n\nThe above exception was the direct cause of the following exception:\n\nTraceback (most recent call last):\n  File "/cpfs01/shared/llm_kernel/hujiakai/KernelLLM/validation_api_server/helpers/evaluations.py", line 720, in run_and_check_correctness\n    output_new = model_new(*inputs)\n  File "/home/lijiaxing/.conda/envs/api/lib/python3.10/site-packages/torch/nn/modules/module.py", line 1773, in _wrapped_call_impl\n    return self._call_impl(*args, **kwargs)\n  File "/home/lijiaxing/.conda/envs/api/lib/python3.10/site-packages/torch/nn/modules/module.py", line 1784, in _call_impl\n    return forward_call(*args, **kwargs)\n  File "/tmp/tmp7zuagrje.py", line 122, in forward\n    _conv_transpose1d_kernel[grid](\n  File "/home/lijiaxing/.conda/envs/api/lib/python3.10/site-packages/triton/runtime/jit.py", line 390, in <lambda>\n    return lambda *args, **kwargs: self.run(grid=grid, warmup=False, *args, **kwargs)\n  File "/home/lijiaxing/.conda/envs/api/lib/python3.10/site-packages/triton/runtime/jit.py", line 594, in run\n    kernel = self.compile(src, target=target, options=options.__dict__)\n  File "/home/lijiaxing/.conda/envs/api/lib/python3.10/site-packages/triton/compiler/compiler.py", line 339, in compile\n    module = src.make_ir(options, codegen_fns, module_map, context)\n  File "/home/lijiaxing/.conda/envs/api/lib/python3.10/site-packages/triton/compiler/compiler.py", line 83, in make_ir\n    return ast_to_ttir(self.fn, self, context=context, options=options, codegen_fns=codegen_fns,\ntriton.compiler.errors.CompilationError: at 44:24:\n        w_ic_ptr = w_oc_ptr + ic * out_channels * kernel_size\n\n        for k in range(kernel_size):\n            # Compute input positions\n            input_idx = (output_idx + padding - dilation * k) // stride\n            remainder = (output_idx + padding - dilation * k) % stride\n\n            # Create validity mask\n            valid = (remainder == 0) & (input_idx >= 0) & (input_idx < in_length) & mask\n\n            # Vectorized load with mask\n            input_val = tl.load(\n                        ^\n\n\nThe above exception was the direct cause of the following exception:\n\nTraceback (most recent call last):\n  File "/home/lijiaxing/.conda/envs/api/lib/python3.10/site-packages/triton/language/core.py", line 42, in wrapper\n    return fn(*args, **kwargs)\n  File "/home/lijiaxing/.conda/envs/api/lib/python3.10/site-packages/triton/language/core.py", line 2150, in load\n    return _semantic.load(pointer, mask, other, boundary_check, padding_option, cache_modifier, eviction_policy,\n  File "/home/lijiaxing/.conda/envs/api/lib/python3.10/site-packages/triton/language/semantic.py", line 1086, in load\n    return self._load_legacy(ptr, mask, other, boundary_check, padding, cache, eviction, is_volatile)\n  File "/home/lijiaxing/.conda/envs/api/lib/python3.10/site-packages/triton/language/semantic.py", line 1017, in _load_legacy\n    raise ValueError(f"Unsupported ptr type {ptr.type.__repr__()} in `tl.load`")\nValueError: Unsupported ptr type <[\'128\'], int64> in `tl.load`\n', 'runtime_error_name': 'triton.compiler.errors.CompilationError', 'reference_timing_ms': 0.0612, 'speed_up': -1.0, 'custom_timing': -1.0}, 'runtime': -1.0, 'runtime_stats': {}}}
2025-08-08 18:43:16,707 - openevolve.threaded_parallel - INFO - Checkpoint interval reached at iteration 15
2025-08-08 18:43:16,708 - openevolve.database - INFO - Island Status:
2025-08-08 18:43:16,709 - openevolve.database - INFO -  * Island 0: 8 programs, best=20.0000, avg=-3.6250, diversity=196.47, gen=7 (best: 3fe97380-3e64-440e-b62d-344bcbfa7f0a)
2025-08-08 18:43:16,709 - openevolve.database - INFO -    Island 1: 5 programs, best=10.0000, avg=10.0000, diversity=188.10, gen=5 (best: 2d10f64c-69fe-4d63-a57c-0309e33b3a79)
2025-08-08 18:43:16,709 - openevolve.database - INFO -    Island 2: 5 programs, best=10.0000, avg=-12.0000, diversity=709.05, gen=5 (best: eeefeec1-d7eb-4ae7-933d-08af9e41f24d)
2025-08-08 18:43:16,905 - openevolve.database - INFO - Saved database with 18 programs to openevolve_output/level1_74_conv_transposed_1D_dilated/checkpoints/checkpoint_15
2025-08-08 18:43:16,916 - openevolve.controller - INFO - Saved best program at checkpoint 15 with metrics: compiled=1.0000, correctness=1.0000, stage=success, passed=0.0000, score=20.0000, speed_up=0.9810, runtime_ms=0.0624, meta={'hardware': 'NVIDIA L20Y', 'device': 'cuda:0', 'correctness_trials': '(5 / 5)', 'reference_timing_ms': 0.0612, 'speed_up': 0.981, 'custom_timing': 0.0624}
2025-08-08 18:43:16,916 - openevolve.controller - INFO - Saved checkpoint at iteration 15 to openevolve_output/level1_74_conv_transposed_1D_dilated/checkpoints/checkpoint_15
2025-08-08 18:45:58,546 - openevolve.RemoteSpeedupEvaluator - INFO - [level1_74_conv_transposed_1D_dilated] triton key words check pass
2025-08-08 18:45:58,547 - openevolve.RemoteSpeedupEvaluator - INFO - [level1_74_conv_transposed_1D_dilated] verify_plus payload: reference_code(1788 chars) + custom_code(3939 chars)
2025-08-08 18:46:01,580 - openevolve.RemoteSpeedupEvaluator - INFO - [level1_74_conv_transposed_1D_dilated] verify_plus request success
2025-08-08 18:46:01,580 - openevolve.RemoteSpeedupEvaluator - INFO - [level1_74_conv_transposed_1D_dilated] verify_plus response: {"id":"level1_74_conv_transposed_1D_dilated","result":{"compiled":true,"correctness":true,"metadata":{"hardware":"NVIDIA L20Y","device":"cuda:7","correctness_trials":"(5 / 5)","reference_timing_ms":0.0612,"speed_up":0.981,"custom_timing":0.0624},"runtime":0.0624,"runtime_stats":{"mean":0.0624,"std":0.00259,"min":0.059,"max":0.0741,"num_trials":100,"hardware":"NVIDIA L20Y","device":"cuda:7"}}}
2025-08-08 18:46:01,580 - openevolve.RemoteSpeedupEvaluator - INFO - [level1_74_conv_transposed_1D_dilated] âœ” success | speed_up=0.981  score=20.00
2025-08-08 18:46:01,580 - openevolve.evaluator - INFO - Evaluated program 89162179-c820-44ba-bbcc-91ad5058a92f in 3.04s: compiled=1.0000, correctness=1.0000, stage=success, passed=0.0000, score=20.0000, speed_up=0.9810, runtime_ms=0.0624, meta={'hardware': 'NVIDIA L20Y', 'device': 'cuda:7', 'correctness_trials': '(5 / 5)', 'reference_timing_ms': 0.0612, 'speed_up': 0.981, 'custom_timing': 0.0624}
2025-08-08 18:46:01,585 - openevolve.llm.ensemble - INFO - Sampled model: deepseek
2025-08-08 18:46:01,597 - openevolve.threaded_parallel - INFO - Iteration 17: Program 89162179-c820-44ba-bbcc-91ad5058a92f (parent: 344da7f5-82be-4cb5-91b2-1bbe38400325) completed in 449.76s
2025-08-08 18:46:01,597 - openevolve.threaded_parallel - INFO - Metrics: compiled=1.0000, correctness=1.0000, stage=success, passed=0.0000, score=20.0000, speed_up=0.9810, runtime_ms=0.0624, meta={'hardware': 'NVIDIA L20Y', 'device': 'cuda:7', 'correctness_trials': '(5 / 5)', 'reference_timing_ms': 0.0612, 'speed_up': 0.981, 'custom_timing': 0.0624}
2025-08-08 18:46:31,363 - openevolve.RemoteSpeedupEvaluator - INFO - [level1_74_conv_transposed_1D_dilated] triton key words check pass
2025-08-08 18:46:31,365 - openevolve.RemoteSpeedupEvaluator - INFO - [level1_74_conv_transposed_1D_dilated] verify_plus payload: reference_code(1788 chars) + custom_code(3955 chars)
2025-08-08 18:46:34,283 - openevolve.RemoteSpeedupEvaluator - INFO - [level1_74_conv_transposed_1D_dilated] verify_plus request success
2025-08-08 18:46:34,283 - openevolve.RemoteSpeedupEvaluator - INFO - [level1_74_conv_transposed_1D_dilated] verify_plus response: {"id":"level1_74_conv_transposed_1D_dilated","result":{"compiled":true,"correctness":false,"metadata":{"hardware":"NVIDIA L20Y","device":"cuda:2","runtime_error":"Traceback (most recent call last):\n  File \"/home/lijiaxing/.conda/envs/api/lib/python3.10/site-packages/triton/language/core.py\", line 42, in wrapper\n    return fn(*args, **kwargs)\n  File \"/home/lijiaxing/.conda/envs/api/lib/python3.10/site-packages/triton/language/core.py\", line 1654, in arange\n    return _semantic.arange(start, end)\n  File \"/home/lijiaxing/.conda/envs/api/lib/python3.10/site-packages/triton/language/semantic.py\", line 583, in arange\n    raise ValueError(\"arange's range must be a power of 2\")\nValueError: arange's range must be a power of 2\n\nThe above exception was the direct cause of the followi
2025-08-08 18:46:34,283 - openevolve.RemoteSpeedupEvaluator - INFO - [level1_74_conv_transposed_1D_dilated] âœ˜ wrong_answer
2025-08-08 18:46:34,283 - openevolve.evaluator - INFO - Evaluated program 4caaebe6-147a-4faa-83c2-419a66f20ee1 in 2.92s: compiled=1.0000, correctness=0.0000, score=10.0000, stage=wrong_answer, verify_payload={'id': 'level1_74_conv_transposed_1D_dilated', 'result': {'compiled': True, 'correctness': False, 'metadata': {'hardware': 'NVIDIA L20Y', 'device': 'cuda:2', 'runtime_error': 'Traceback (most recent call last):\n  File "/home/lijiaxing/.conda/envs/api/lib/python3.10/site-packages/triton/language/core.py", line 42, in wrapper\n    return fn(*args, **kwargs)\n  File "/home/lijiaxing/.conda/envs/api/lib/python3.10/site-packages/triton/language/core.py", line 1654, in arange\n    return _semantic.arange(start, end)\n  File "/home/lijiaxing/.conda/envs/api/lib/python3.10/site-packages/triton/language/semantic.py", line 583, in arange\n    raise ValueError("arange\'s range must be a power of 2")\nValueError: arange\'s range must be a power of 2\n\nThe above exception was the direct cause of the following exception:\n\nTraceback (most recent call last):\n  File "/cpfs01/shared/llm_kernel/hujiakai/KernelLLM/validation_api_server/helpers/evaluations.py", line 720, in run_and_check_correctness\n    output_new = model_new(*inputs)\n  File "/home/lijiaxing/.conda/envs/api/lib/python3.10/site-packages/torch/nn/modules/module.py", line 1773, in _wrapped_call_impl\n    return self._call_impl(*args, **kwargs)\n  File "/home/lijiaxing/.conda/envs/api/lib/python3.10/site-packages/torch/nn/modules/module.py", line 1784, in _call_impl\n    return forward_call(*args, **kwargs)\n  File "/tmp/tmp1sr54nq8.py", line 77, in forward\n    conv_transpose1d_kernel[grid](\n  File "/home/lijiaxing/.conda/envs/api/lib/python3.10/site-packages/triton/runtime/jit.py", line 390, in <lambda>\n    return lambda *args, **kwargs: self.run(grid=grid, warmup=False, *args, **kwargs)\n  File "/home/lijiaxing/.conda/envs/api/lib/python3.10/site-packages/triton/runtime/jit.py", line 594, in run\n    kernel = self.compile(src, target=target, options=options.__dict__)\n  File "/home/lijiaxing/.conda/envs/api/lib/python3.10/site-packages/triton/compiler/compiler.py", line 339, in compile\n    module = src.make_ir(options, codegen_fns, module_map, context)\n  File "/home/lijiaxing/.conda/envs/api/lib/python3.10/site-packages/triton/compiler/compiler.py", line 83, in make_ir\n    return ast_to_ttir(self.fn, self, context=context, options=options, codegen_fns=codegen_fns,\ntriton.compiler.errors.CompilationError: at 21:60:\n):\n    pid_ol = tl.program_id(0)\n    pid_b = tl.program_id(1)\n    pid_oc = tl.program_id(2)\n\n    ol_offsets = pid_ol * BLOCK_SIZE + tl.arange(0, BLOCK_SIZE)\n    ol_mask = ol_offsets < output_length\n\n    acc = tl.zeros((BLOCK_SIZE,), dtype=tl.float32)\n\n    for ic in range(in_channels):\n        w_offsets = ic * stride_wic + pid_oc * stride_woc + tl.arange(0, kernel_size)\n                                                            ^\n\n\nThe above exception was the direct cause of the following exception:\n\nTraceback (most recent call last):\n  File "/home/lijiaxing/.conda/envs/api/lib/python3.10/site-packages/triton/language/core.py", line 42, in wrapper\n    return fn(*args, **kwargs)\n  File "/home/lijiaxing/.conda/envs/api/lib/python3.10/site-packages/triton/language/core.py", line 1654, in arange\n    return _semantic.arange(start, end)\n  File "/home/lijiaxing/.conda/envs/api/lib/python3.10/site-packages/triton/language/semantic.py", line 583, in arange\n    raise ValueError("arange\'s range must be a power of 2")\nValueError: arange\'s range must be a power of 2\n', 'runtime_error_name': 'triton.compiler.errors.CompilationError', 'reference_timing_ms': 0.0612, 'speed_up': -1.0, 'custom_timing': -1.0}, 'runtime': -1.0, 'runtime_stats': {}}}
2025-08-08 18:46:34,287 - openevolve.llm.ensemble - INFO - Sampled model: deepseek
2025-08-08 18:46:34,326 - openevolve.threaded_parallel - INFO - Iteration 18: Program 4caaebe6-147a-4faa-83c2-419a66f20ee1 (parent: 68630893-35b6-4821-a623-a5ccbf191460) completed in 422.19s
2025-08-08 18:46:34,326 - openevolve.threaded_parallel - INFO - Metrics: compiled=1.0000, correctness=0.0000, score=10.0000, stage=wrong_answer, verify_payload={'id': 'level1_74_conv_transposed_1D_dilated', 'result': {'compiled': True, 'correctness': False, 'metadata': {'hardware': 'NVIDIA L20Y', 'device': 'cuda:2', 'runtime_error': 'Traceback (most recent call last):\n  File "/home/lijiaxing/.conda/envs/api/lib/python3.10/site-packages/triton/language/core.py", line 42, in wrapper\n    return fn(*args, **kwargs)\n  File "/home/lijiaxing/.conda/envs/api/lib/python3.10/site-packages/triton/language/core.py", line 1654, in arange\n    return _semantic.arange(start, end)\n  File "/home/lijiaxing/.conda/envs/api/lib/python3.10/site-packages/triton/language/semantic.py", line 583, in arange\n    raise ValueError("arange\'s range must be a power of 2")\nValueError: arange\'s range must be a power of 2\n\nThe above exception was the direct cause of the following exception:\n\nTraceback (most recent call last):\n  File "/cpfs01/shared/llm_kernel/hujiakai/KernelLLM/validation_api_server/helpers/evaluations.py", line 720, in run_and_check_correctness\n    output_new = model_new(*inputs)\n  File "/home/lijiaxing/.conda/envs/api/lib/python3.10/site-packages/torch/nn/modules/module.py", line 1773, in _wrapped_call_impl\n    return self._call_impl(*args, **kwargs)\n  File "/home/lijiaxing/.conda/envs/api/lib/python3.10/site-packages/torch/nn/modules/module.py", line 1784, in _call_impl\n    return forward_call(*args, **kwargs)\n  File "/tmp/tmp1sr54nq8.py", line 77, in forward\n    conv_transpose1d_kernel[grid](\n  File "/home/lijiaxing/.conda/envs/api/lib/python3.10/site-packages/triton/runtime/jit.py", line 390, in <lambda>\n    return lambda *args, **kwargs: self.run(grid=grid, warmup=False, *args, **kwargs)\n  File "/home/lijiaxing/.conda/envs/api/lib/python3.10/site-packages/triton/runtime/jit.py", line 594, in run\n    kernel = self.compile(src, target=target, options=options.__dict__)\n  File "/home/lijiaxing/.conda/envs/api/lib/python3.10/site-packages/triton/compiler/compiler.py", line 339, in compile\n    module = src.make_ir(options, codegen_fns, module_map, context)\n  File "/home/lijiaxing/.conda/envs/api/lib/python3.10/site-packages/triton/compiler/compiler.py", line 83, in make_ir\n    return ast_to_ttir(self.fn, self, context=context, options=options, codegen_fns=codegen_fns,\ntriton.compiler.errors.CompilationError: at 21:60:\n):\n    pid_ol = tl.program_id(0)\n    pid_b = tl.program_id(1)\n    pid_oc = tl.program_id(2)\n\n    ol_offsets = pid_ol * BLOCK_SIZE + tl.arange(0, BLOCK_SIZE)\n    ol_mask = ol_offsets < output_length\n\n    acc = tl.zeros((BLOCK_SIZE,), dtype=tl.float32)\n\n    for ic in range(in_channels):\n        w_offsets = ic * stride_wic + pid_oc * stride_woc + tl.arange(0, kernel_size)\n                                                            ^\n\n\nThe above exception was the direct cause of the following exception:\n\nTraceback (most recent call last):\n  File "/home/lijiaxing/.conda/envs/api/lib/python3.10/site-packages/triton/language/core.py", line 42, in wrapper\n    return fn(*args, **kwargs)\n  File "/home/lijiaxing/.conda/envs/api/lib/python3.10/site-packages/triton/language/core.py", line 1654, in arange\n    return _semantic.arange(start, end)\n  File "/home/lijiaxing/.conda/envs/api/lib/python3.10/site-packages/triton/language/semantic.py", line 583, in arange\n    raise ValueError("arange\'s range must be a power of 2")\nValueError: arange\'s range must be a power of 2\n', 'runtime_error_name': 'triton.compiler.errors.CompilationError', 'reference_timing_ms': 0.0612, 'speed_up': -1.0, 'custom_timing': -1.0}, 'runtime': -1.0, 'runtime_stats': {}}}
2025-08-08 18:46:34,326 - openevolve.threaded_parallel - INFO - Checkpoint interval reached at iteration 18
2025-08-08 18:46:34,328 - openevolve.database - INFO - Island Status:
2025-08-08 18:46:34,328 - openevolve.database - INFO -    Island 0: 9 programs, best=20.0000, avg=-1.0000, diversity=196.47, gen=7 (best: 3fe97380-3e64-440e-b62d-344bcbfa7f0a)
2025-08-08 18:46:34,328 - openevolve.database - INFO -    Island 1: 6 programs, best=10.0000, avg=10.0000, diversity=241.58, gen=6 (best: 2d10f64c-69fe-4d63-a57c-0309e33b3a79)
2025-08-08 18:46:34,328 - openevolve.database - INFO -  * Island 2: 5 programs, best=10.0000, avg=-12.0000, diversity=709.05, gen=6 (best: eeefeec1-d7eb-4ae7-933d-08af9e41f24d)
2025-08-08 18:46:34,586 - openevolve.database - INFO - Saved database with 20 programs to openevolve_output/level1_74_conv_transposed_1D_dilated/checkpoints/checkpoint_18
2025-08-08 18:46:34,596 - openevolve.controller - INFO - Saved best program at checkpoint 18 with metrics: compiled=1.0000, correctness=1.0000, stage=success, passed=0.0000, score=20.0000, speed_up=0.9810, runtime_ms=0.0624, meta={'hardware': 'NVIDIA L20Y', 'device': 'cuda:0', 'correctness_trials': '(5 / 5)', 'reference_timing_ms': 0.0612, 'speed_up': 0.981, 'custom_timing': 0.0624}
2025-08-08 18:46:34,597 - openevolve.controller - INFO - Saved checkpoint at iteration 18 to openevolve_output/level1_74_conv_transposed_1D_dilated/checkpoints/checkpoint_18
2025-08-08 18:54:21,917 - openevolve.RemoteSpeedupEvaluator - INFO - [level1_74_conv_transposed_1D_dilated] âœ˜ invalid_answer 'import triton' is not found
2025-08-08 18:54:21,920 - openevolve.evaluator - INFO - Evaluated program 8d8f23c6-4e6e-4762-9781-b2a1322efe3d in 0.00s: compiled=0.0000, correctness=0.0000, score=-100.0000, stage=no_valid_triton_code, feedback=You need to generate real and valid triton code for the core function. The key word 'import triton' is not found.
2025-08-08 18:54:21,925 - openevolve.llm.ensemble - INFO - Sampled model: deepseek
2025-08-08 18:54:21,968 - openevolve.threaded_parallel - INFO - Iteration 20: Program 8d8f23c6-4e6e-4762-9781-b2a1322efe3d (parent: 783f06b3-bed1-4aed-b645-3030dedf7149) completed in 500.34s
2025-08-08 18:54:21,969 - openevolve.threaded_parallel - INFO - Metrics: compiled=0.0000, correctness=0.0000, score=-100.0000, stage=no_valid_triton_code, feedback=You need to generate real and valid triton code for the core function. The key word 'import triton' is not found.
2025-08-08 18:54:59,158 - openevolve.RemoteSpeedupEvaluator - INFO - [level1_74_conv_transposed_1D_dilated] triton key words check pass
2025-08-08 18:54:59,159 - openevolve.RemoteSpeedupEvaluator - INFO - [level1_74_conv_transposed_1D_dilated] verify_plus payload: reference_code(1788 chars) + custom_code(4561 chars)
2025-08-08 18:55:03,412 - openevolve.RemoteSpeedupEvaluator - INFO - [level1_74_conv_transposed_1D_dilated] verify_plus request success
2025-08-08 18:55:03,412 - openevolve.RemoteSpeedupEvaluator - INFO - [level1_74_conv_transposed_1D_dilated] verify_plus response: {"id":"level1_74_conv_transposed_1D_dilated","result":{"compiled":true,"correctness":false,"metadata":{"hardware":"NVIDIA L20Y","device":"cuda:0","runtime_error":"Traceback (most recent call last):\n  File \"/home/lijiaxing/.conda/envs/api/lib/python3.10/site-packages/triton/language/core.py\", line 42, in wrapper\n    return fn(*args, **kwargs)\n  File \"/home/lijiaxing/.conda/envs/api/lib/python3.10/site-packages/triton/language/core.py\", line 2150, in load\n    return _semantic.load(pointer, mask, other, boundary_check, padding_option, cache_modifier, eviction_policy,\n  File \"/home/lijiaxing/.conda/envs/api/lib/python3.10/site-packages/triton/language/semantic.py\", line 1086, in load\n    return self._load_legacy(ptr, mask, other, boundary_check, padding, cache, eviction, is_volatil
2025-08-08 18:55:03,412 - openevolve.RemoteSpeedupEvaluator - INFO - [level1_74_conv_transposed_1D_dilated] âœ˜ wrong_answer
2025-08-08 18:55:03,413 - openevolve.evaluator - INFO - Evaluated program 0af33a8d-358c-439f-a69f-daeb1aecf2c2 in 4.26s: compiled=1.0000, correctness=0.0000, score=10.0000, stage=wrong_answer, verify_payload={'id': 'level1_74_conv_transposed_1D_dilated', 'result': {'compiled': True, 'correctness': False, 'metadata': {'hardware': 'NVIDIA L20Y', 'device': 'cuda:0', 'runtime_error': 'Traceback (most recent call last):\n  File "/home/lijiaxing/.conda/envs/api/lib/python3.10/site-packages/triton/language/core.py", line 42, in wrapper\n    return fn(*args, **kwargs)\n  File "/home/lijiaxing/.conda/envs/api/lib/python3.10/site-packages/triton/language/core.py", line 2150, in load\n    return _semantic.load(pointer, mask, other, boundary_check, padding_option, cache_modifier, eviction_policy,\n  File "/home/lijiaxing/.conda/envs/api/lib/python3.10/site-packages/triton/language/semantic.py", line 1086, in load\n    return self._load_legacy(ptr, mask, other, boundary_check, padding, cache, eviction, is_volatile)\n  File "/home/lijiaxing/.conda/envs/api/lib/python3.10/site-packages/triton/language/semantic.py", line 1017, in _load_legacy\n    raise ValueError(f"Unsupported ptr type {ptr.type.__repr__()} in `tl.load`")\nValueError: Unsupported ptr type <[\'128\'], int64> in `tl.load`\n\nThe above exception was the direct cause of the following exception:\n\nTraceback (most recent call last):\n  File "/cpfs01/shared/llm_kernel/hujiakai/KernelLLM/validation_api_server/helpers/evaluations.py", line 720, in run_and_check_correctness\n    output_new = model_new(*inputs)\n  File "/home/lijiaxing/.conda/envs/api/lib/python3.10/site-packages/torch/nn/modules/module.py", line 1773, in _wrapped_call_impl\n    return self._call_impl(*args, **kwargs)\n  File "/home/lijiaxing/.conda/envs/api/lib/python3.10/site-packages/torch/nn/modules/module.py", line 1784, in _call_impl\n    return forward_call(*args, **kwargs)\n  File "/tmp/tmpq6ui20mf.py", line 115, in forward\n    _conv_transpose1d_kernel[grid](\n  File "/home/lijiaxing/.conda/envs/api/lib/python3.10/site-packages/triton/runtime/jit.py", line 390, in <lambda>\n    return lambda *args, **kwargs: self.run(grid=grid, warmup=False, *args, **kwargs)\n  File "/home/lijiaxing/.conda/envs/api/lib/python3.10/site-packages/triton/runtime/jit.py", line 594, in run\n    kernel = self.compile(src, target=target, options=options.__dict__)\n  File "/home/lijiaxing/.conda/envs/api/lib/python3.10/site-packages/triton/compiler/compiler.py", line 339, in compile\n    module = src.make_ir(options, codegen_fns, module_map, context)\n  File "/home/lijiaxing/.conda/envs/api/lib/python3.10/site-packages/triton/compiler/compiler.py", line 83, in make_ir\n    return ast_to_ttir(self.fn, self, context=context, options=options, codegen_fns=codegen_fns,\ntriton.compiler.errors.CompilationError: at 36:24:\n\n    for ic in range(in_channels):\n        for k in range(kernel_size):\n            # Compute input index and remainder\n            input_idx = (output_idx + padding - dilation * k) // stride\n            remainder = (output_idx + padding - dilation * k) % stride\n\n            # Create validity mask\n            valid = (remainder == 0) & (input_idx >= 0) & (input_idx < in_length) & mask\n\n            # Load input value with proper casting\n            input_val = tl.load(\n                        ^\n\n\nThe above exception was the direct cause of the following exception:\n\nTraceback (most recent call last):\n  File "/home/lijiaxing/.conda/envs/api/lib/python3.10/site-packages/triton/language/core.py", line 42, in wrapper\n    return fn(*args, **kwargs)\n  File "/home/lijiaxing/.conda/envs/api/lib/python3.10/site-packages/triton/language/core.py", line 2150, in load\n    return _semantic.load(pointer, mask, other, boundary_check, padding_option, cache_modifier, eviction_policy,\n  File "/home/lijiaxing/.conda/envs/api/lib/python3.10/site-packages/triton/language/semantic.py", line 1086, in load\n    return self._load_legacy(ptr, mask, other, boundary_check, padding, cache, eviction, is_volatile)\n  File "/home/lijiaxing/.conda/envs/api/lib/python3.10/site-packages/triton/language/semantic.py", line 1017, in _load_legacy\n    raise ValueError(f"Unsupported ptr type {ptr.type.__repr__()} in `tl.load`")\nValueError: Unsupported ptr type <[\'128\'], int64> in `tl.load`\n', 'runtime_error_name': 'triton.compiler.errors.CompilationError', 'reference_timing_ms': 0.0612, 'speed_up': -1.0, 'custom_timing': -1.0}, 'runtime': -1.0, 'runtime_stats': {}}}
2025-08-08 18:55:03,418 - openevolve.llm.ensemble - INFO - Sampled model: deepseek
2025-08-08 18:55:03,428 - openevolve.threaded_parallel - INFO - Iteration 19: Program 0af33a8d-358c-439f-a69f-daeb1aecf2c2 (parent: 3dd2639b-f9d9-4855-9d25-561161efb60f) completed in 706.72s
2025-08-08 18:55:03,428 - openevolve.threaded_parallel - INFO - Metrics: compiled=1.0000, correctness=0.0000, score=10.0000, stage=wrong_answer, verify_payload={'id': 'level1_74_conv_transposed_1D_dilated', 'result': {'compiled': True, 'correctness': False, 'metadata': {'hardware': 'NVIDIA L20Y', 'device': 'cuda:0', 'runtime_error': 'Traceback (most recent call last):\n  File "/home/lijiaxing/.conda/envs/api/lib/python3.10/site-packages/triton/language/core.py", line 42, in wrapper\n    return fn(*args, **kwargs)\n  File "/home/lijiaxing/.conda/envs/api/lib/python3.10/site-packages/triton/language/core.py", line 2150, in load\n    return _semantic.load(pointer, mask, other, boundary_check, padding_option, cache_modifier, eviction_policy,\n  File "/home/lijiaxing/.conda/envs/api/lib/python3.10/site-packages/triton/language/semantic.py", line 1086, in load\n    return self._load_legacy(ptr, mask, other, boundary_check, padding, cache, eviction, is_volatile)\n  File "/home/lijiaxing/.conda/envs/api/lib/python3.10/site-packages/triton/language/semantic.py", line 1017, in _load_legacy\n    raise ValueError(f"Unsupported ptr type {ptr.type.__repr__()} in `tl.load`")\nValueError: Unsupported ptr type <[\'128\'], int64> in `tl.load`\n\nThe above exception was the direct cause of the following exception:\n\nTraceback (most recent call last):\n  File "/cpfs01/shared/llm_kernel/hujiakai/KernelLLM/validation_api_server/helpers/evaluations.py", line 720, in run_and_check_correctness\n    output_new = model_new(*inputs)\n  File "/home/lijiaxing/.conda/envs/api/lib/python3.10/site-packages/torch/nn/modules/module.py", line 1773, in _wrapped_call_impl\n    return self._call_impl(*args, **kwargs)\n  File "/home/lijiaxing/.conda/envs/api/lib/python3.10/site-packages/torch/nn/modules/module.py", line 1784, in _call_impl\n    return forward_call(*args, **kwargs)\n  File "/tmp/tmpq6ui20mf.py", line 115, in forward\n    _conv_transpose1d_kernel[grid](\n  File "/home/lijiaxing/.conda/envs/api/lib/python3.10/site-packages/triton/runtime/jit.py", line 390, in <lambda>\n    return lambda *args, **kwargs: self.run(grid=grid, warmup=False, *args, **kwargs)\n  File "/home/lijiaxing/.conda/envs/api/lib/python3.10/site-packages/triton/runtime/jit.py", line 594, in run\n    kernel = self.compile(src, target=target, options=options.__dict__)\n  File "/home/lijiaxing/.conda/envs/api/lib/python3.10/site-packages/triton/compiler/compiler.py", line 339, in compile\n    module = src.make_ir(options, codegen_fns, module_map, context)\n  File "/home/lijiaxing/.conda/envs/api/lib/python3.10/site-packages/triton/compiler/compiler.py", line 83, in make_ir\n    return ast_to_ttir(self.fn, self, context=context, options=options, codegen_fns=codegen_fns,\ntriton.compiler.errors.CompilationError: at 36:24:\n\n    for ic in range(in_channels):\n        for k in range(kernel_size):\n            # Compute input index and remainder\n            input_idx = (output_idx + padding - dilation * k) // stride\n            remainder = (output_idx + padding - dilation * k) % stride\n\n            # Create validity mask\n            valid = (remainder == 0) & (input_idx >= 0) & (input_idx < in_length) & mask\n\n            # Load input value with proper casting\n            input_val = tl.load(\n                        ^\n\n\nThe above exception was the direct cause of the following exception:\n\nTraceback (most recent call last):\n  File "/home/lijiaxing/.conda/envs/api/lib/python3.10/site-packages/triton/language/core.py", line 42, in wrapper\n    return fn(*args, **kwargs)\n  File "/home/lijiaxing/.conda/envs/api/lib/python3.10/site-packages/triton/language/core.py", line 2150, in load\n    return _semantic.load(pointer, mask, other, boundary_check, padding_option, cache_modifier, eviction_policy,\n  File "/home/lijiaxing/.conda/envs/api/lib/python3.10/site-packages/triton/language/semantic.py", line 1086, in load\n    return self._load_legacy(ptr, mask, other, boundary_check, padding, cache, eviction, is_volatile)\n  File "/home/lijiaxing/.conda/envs/api/lib/python3.10/site-packages/triton/language/semantic.py", line 1017, in _load_legacy\n    raise ValueError(f"Unsupported ptr type {ptr.type.__repr__()} in `tl.load`")\nValueError: Unsupported ptr type <[\'128\'], int64> in `tl.load`\n', 'runtime_error_name': 'triton.compiler.errors.CompilationError', 'reference_timing_ms': 0.0612, 'speed_up': -1.0, 'custom_timing': -1.0}, 'runtime': -1.0, 'runtime_stats': {}}}
2025-08-08 18:59:29,063 - openevolve.RemoteSpeedupEvaluator - INFO - [level1_74_conv_transposed_1D_dilated] triton key words check pass
2025-08-08 18:59:29,064 - openevolve.RemoteSpeedupEvaluator - INFO - [level1_74_conv_transposed_1D_dilated] verify_plus payload: reference_code(1788 chars) + custom_code(5043 chars)
2025-08-08 18:59:49,205 - openevolve.RemoteSpeedupEvaluator - INFO - [level1_74_conv_transposed_1D_dilated] verify_plus request success
2025-08-08 18:59:49,206 - openevolve.RemoteSpeedupEvaluator - INFO - [level1_74_conv_transposed_1D_dilated] verify_plus response: {"id":"level1_74_conv_transposed_1D_dilated","result":{"compiled":true,"correctness":false,"metadata":{"hardware":"NVIDIA L20Y","device":"cuda:5","runtime_error":"Traceback (most recent call last):\n  File \"/home/lijiaxing/.conda/envs/api/lib/python3.10/site-packages/triton/language/core.py\", line 42, in wrapper\n    return fn(*args, **kwargs)\n  File \"/home/lijiaxing/.conda/envs/api/lib/python3.10/site-packages/triton/language/core.py\", line 2150, in load\n    return _semantic.load(pointer, mask, other, boundary_check, padding_option, cache_modifier, eviction_policy,\n  File \"/home/lijiaxing/.conda/envs/api/lib/python3.10/site-packages/triton/language/semantic.py\", line 1086, in load\n    return self._load_legacy(ptr, mask, other, boundary_check, padding, cache, eviction, is_volatil
2025-08-08 18:59:49,206 - openevolve.RemoteSpeedupEvaluator - INFO - [level1_74_conv_transposed_1D_dilated] âœ˜ wrong_answer
2025-08-08 18:59:49,206 - openevolve.evaluator - INFO - Evaluated program 689a311d-9c9f-47e9-ace2-edff38c842c4 in 20.14s: compiled=1.0000, correctness=0.0000, score=10.0000, stage=wrong_answer, verify_payload={'id': 'level1_74_conv_transposed_1D_dilated', 'result': {'compiled': True, 'correctness': False, 'metadata': {'hardware': 'NVIDIA L20Y', 'device': 'cuda:5', 'runtime_error': 'Traceback (most recent call last):\n  File "/home/lijiaxing/.conda/envs/api/lib/python3.10/site-packages/triton/language/core.py", line 42, in wrapper\n    return fn(*args, **kwargs)\n  File "/home/lijiaxing/.conda/envs/api/lib/python3.10/site-packages/triton/language/core.py", line 2150, in load\n    return _semantic.load(pointer, mask, other, boundary_check, padding_option, cache_modifier, eviction_policy,\n  File "/home/lijiaxing/.conda/envs/api/lib/python3.10/site-packages/triton/language/semantic.py", line 1086, in load\n    return self._load_legacy(ptr, mask, other, boundary_check, padding, cache, eviction, is_volatile)\n  File "/home/lijiaxing/.conda/envs/api/lib/python3.10/site-packages/triton/language/semantic.py", line 1017, in _load_legacy\n    raise ValueError(f"Unsupported ptr type {ptr.type.__repr__()} in `tl.load`")\nValueError: Unsupported ptr type <[\'128\'], int64> in `tl.load`\n\nThe above exception was the direct cause of the following exception:\n\nTraceback (most recent call last):\n  File "/cpfs01/shared/llm_kernel/hujiakai/KernelLLM/validation_api_server/helpers/evaluations.py", line 720, in run_and_check_correctness\n    output_new = model_new(*inputs)\n  File "/home/lijiaxing/.conda/envs/api/lib/python3.10/site-packages/torch/nn/modules/module.py", line 1773, in _wrapped_call_impl\n    return self._call_impl(*args, **kwargs)\n  File "/home/lijiaxing/.conda/envs/api/lib/python3.10/site-packages/torch/nn/modules/module.py", line 1784, in _call_impl\n    return forward_call(*args, **kwargs)\n  File "/tmp/tmpy6hh0a1i.py", line 125, in forward\n    _conv_transpose1d_kernel[grid](\n  File "/home/lijiaxing/.conda/envs/api/lib/python3.10/site-packages/triton/runtime/jit.py", line 390, in <lambda>\n    return lambda *args, **kwargs: self.run(grid=grid, warmup=False, *args, **kwargs)\n  File "/home/lijiaxing/.conda/envs/api/lib/python3.10/site-packages/triton/runtime/jit.py", line 594, in run\n    kernel = self.compile(src, target=target, options=options.__dict__)\n  File "/home/lijiaxing/.conda/envs/api/lib/python3.10/site-packages/triton/compiler/compiler.py", line 339, in compile\n    module = src.make_ir(options, codegen_fns, module_map, context)\n  File "/home/lijiaxing/.conda/envs/api/lib/python3.10/site-packages/triton/compiler/compiler.py", line 83, in make_ir\n    return ast_to_ttir(self.fn, self, context=context, options=options, codegen_fns=codegen_fns,\ntriton.compiler.errors.CompilationError: at 46:24:\n    for ic in range(in_channels):\n        for k in range(kernel_size):\n            # Calculate input positions\n            input_idx = (output_idx + padding - dilation * k) // stride\n            remainder = (output_idx + padding - dilation * k) % stride\n\n            # Check validity\n            valid = (remainder == 0) & (input_idx >= 0) & (input_idx < in_length) & mask\n\n            # Compute x offsets using explicit strides\n            x_offset = pid_b * stride_xb + ic * stride_xc + input_idx * stride_xl\n            input_val = tl.load(\n                        ^\n\n\nThe above exception was the direct cause of the following exception:\n\nTraceback (most recent call last):\n  File "/home/lijiaxing/.conda/envs/api/lib/python3.10/site-packages/triton/language/core.py", line 42, in wrapper\n    return fn(*args, **kwargs)\n  File "/home/lijiaxing/.conda/envs/api/lib/python3.10/site-packages/triton/language/core.py", line 2150, in load\n    return _semantic.load(pointer, mask, other, boundary_check, padding_option, cache_modifier, eviction_policy,\n  File "/home/lijiaxing/.conda/envs/api/lib/python3.10/site-packages/triton/language/semantic.py", line 1086, in load\n    return self._load_legacy(ptr, mask, other, boundary_check, padding, cache, eviction, is_volatile)\n  File "/home/lijiaxing/.conda/envs/api/lib/python3.10/site-packages/triton/language/semantic.py", line 1017, in _load_legacy\n    raise ValueError(f"Unsupported ptr type {ptr.type.__repr__()} in `tl.load`")\nValueError: Unsupported ptr type <[\'128\'], int64> in `tl.load`\n', 'runtime_error_name': 'triton.compiler.errors.CompilationError', 'reference_timing_ms': 0.0612, 'speed_up': -1.0, 'custom_timing': -1.0}, 'runtime': -1.0, 'runtime_stats': {}}}
2025-08-08 18:59:49,210 - openevolve.llm.ensemble - INFO - Sampled model: deepseek
2025-08-08 18:59:49,222 - openevolve.threaded_parallel - INFO - Iteration 21: Program 689a311d-9c9f-47e9-ace2-edff38c842c4 (parent: 2d10f64c-69fe-4d63-a57c-0309e33b3a79) completed in 794.92s
2025-08-08 18:59:49,223 - openevolve.threaded_parallel - INFO - Metrics: compiled=1.0000, correctness=0.0000, score=10.0000, stage=wrong_answer, verify_payload={'id': 'level1_74_conv_transposed_1D_dilated', 'result': {'compiled': True, 'correctness': False, 'metadata': {'hardware': 'NVIDIA L20Y', 'device': 'cuda:5', 'runtime_error': 'Traceback (most recent call last):\n  File "/home/lijiaxing/.conda/envs/api/lib/python3.10/site-packages/triton/language/core.py", line 42, in wrapper\n    return fn(*args, **kwargs)\n  File "/home/lijiaxing/.conda/envs/api/lib/python3.10/site-packages/triton/language/core.py", line 2150, in load\n    return _semantic.load(pointer, mask, other, boundary_check, padding_option, cache_modifier, eviction_policy,\n  File "/home/lijiaxing/.conda/envs/api/lib/python3.10/site-packages/triton/language/semantic.py", line 1086, in load\n    return self._load_legacy(ptr, mask, other, boundary_check, padding, cache, eviction, is_volatile)\n  File "/home/lijiaxing/.conda/envs/api/lib/python3.10/site-packages/triton/language/semantic.py", line 1017, in _load_legacy\n    raise ValueError(f"Unsupported ptr type {ptr.type.__repr__()} in `tl.load`")\nValueError: Unsupported ptr type <[\'128\'], int64> in `tl.load`\n\nThe above exception was the direct cause of the following exception:\n\nTraceback (most recent call last):\n  File "/cpfs01/shared/llm_kernel/hujiakai/KernelLLM/validation_api_server/helpers/evaluations.py", line 720, in run_and_check_correctness\n    output_new = model_new(*inputs)\n  File "/home/lijiaxing/.conda/envs/api/lib/python3.10/site-packages/torch/nn/modules/module.py", line 1773, in _wrapped_call_impl\n    return self._call_impl(*args, **kwargs)\n  File "/home/lijiaxing/.conda/envs/api/lib/python3.10/site-packages/torch/nn/modules/module.py", line 1784, in _call_impl\n    return forward_call(*args, **kwargs)\n  File "/tmp/tmpy6hh0a1i.py", line 125, in forward\n    _conv_transpose1d_kernel[grid](\n  File "/home/lijiaxing/.conda/envs/api/lib/python3.10/site-packages/triton/runtime/jit.py", line 390, in <lambda>\n    return lambda *args, **kwargs: self.run(grid=grid, warmup=False, *args, **kwargs)\n  File "/home/lijiaxing/.conda/envs/api/lib/python3.10/site-packages/triton/runtime/jit.py", line 594, in run\n    kernel = self.compile(src, target=target, options=options.__dict__)\n  File "/home/lijiaxing/.conda/envs/api/lib/python3.10/site-packages/triton/compiler/compiler.py", line 339, in compile\n    module = src.make_ir(options, codegen_fns, module_map, context)\n  File "/home/lijiaxing/.conda/envs/api/lib/python3.10/site-packages/triton/compiler/compiler.py", line 83, in make_ir\n    return ast_to_ttir(self.fn, self, context=context, options=options, codegen_fns=codegen_fns,\ntriton.compiler.errors.CompilationError: at 46:24:\n    for ic in range(in_channels):\n        for k in range(kernel_size):\n            # Calculate input positions\n            input_idx = (output_idx + padding - dilation * k) // stride\n            remainder = (output_idx + padding - dilation * k) % stride\n\n            # Check validity\n            valid = (remainder == 0) & (input_idx >= 0) & (input_idx < in_length) & mask\n\n            # Compute x offsets using explicit strides\n            x_offset = pid_b * stride_xb + ic * stride_xc + input_idx * stride_xl\n            input_val = tl.load(\n                        ^\n\n\nThe above exception was the direct cause of the following exception:\n\nTraceback (most recent call last):\n  File "/home/lijiaxing/.conda/envs/api/lib/python3.10/site-packages/triton/language/core.py", line 42, in wrapper\n    return fn(*args, **kwargs)\n  File "/home/lijiaxing/.conda/envs/api/lib/python3.10/site-packages/triton/language/core.py", line 2150, in load\n    return _semantic.load(pointer, mask, other, boundary_check, padding_option, cache_modifier, eviction_policy,\n  File "/home/lijiaxing/.conda/envs/api/lib/python3.10/site-packages/triton/language/semantic.py", line 1086, in load\n    return self._load_legacy(ptr, mask, other, boundary_check, padding, cache, eviction, is_volatile)\n  File "/home/lijiaxing/.conda/envs/api/lib/python3.10/site-packages/triton/language/semantic.py", line 1017, in _load_legacy\n    raise ValueError(f"Unsupported ptr type {ptr.type.__repr__()} in `tl.load`")\nValueError: Unsupported ptr type <[\'128\'], int64> in `tl.load`\n', 'runtime_error_name': 'triton.compiler.errors.CompilationError', 'reference_timing_ms': 0.0612, 'speed_up': -1.0, 'custom_timing': -1.0}, 'runtime': -1.0, 'runtime_stats': {}}}
2025-08-08 18:59:49,223 - openevolve.threaded_parallel - INFO - Checkpoint interval reached at iteration 21
2025-08-08 18:59:49,224 - openevolve.database - INFO - Island Status:
2025-08-08 18:59:49,224 - openevolve.database - INFO -    Island 0: 10 programs, best=20.0000, avg=0.1000, diversity=337.90, gen=8 (best: 3fe97380-3e64-440e-b62d-344bcbfa7f0a)
2025-08-08 18:59:49,224 - openevolve.database - INFO -    Island 1: 7 programs, best=10.0000, avg=10.0000, diversity=275.07, gen=7 (best: 2d10f64c-69fe-4d63-a57c-0309e33b3a79)
2025-08-08 18:59:49,224 - openevolve.database - INFO -  * Island 2: 6 programs, best=10.0000, avg=-26.6667, diversity=982.60, gen=7 (best: eeefeec1-d7eb-4ae7-933d-08af9e41f24d)
2025-08-08 18:59:49,484 - openevolve.database - INFO - Saved database with 23 programs to openevolve_output/level1_74_conv_transposed_1D_dilated/checkpoints/checkpoint_21
2025-08-08 18:59:49,494 - openevolve.controller - INFO - Saved best program at checkpoint 21 with metrics: compiled=1.0000, correctness=1.0000, stage=success, passed=0.0000, score=20.0000, speed_up=0.9810, runtime_ms=0.0624, meta={'hardware': 'NVIDIA L20Y', 'device': 'cuda:0', 'correctness_trials': '(5 / 5)', 'reference_timing_ms': 0.0612, 'speed_up': 0.981, 'custom_timing': 0.0624}
2025-08-08 18:59:49,494 - openevolve.controller - INFO - Saved checkpoint at iteration 21 to openevolve_output/level1_74_conv_transposed_1D_dilated/checkpoints/checkpoint_21
2025-08-08 19:02:21,723 - openevolve.RemoteSpeedupEvaluator - INFO - [level1_74_conv_transposed_1D_dilated] triton key words check pass
2025-08-08 19:02:21,725 - openevolve.RemoteSpeedupEvaluator - INFO - [level1_74_conv_transposed_1D_dilated] verify_plus payload: reference_code(1788 chars) + custom_code(4368 chars)
2025-08-08 19:02:24,934 - openevolve.RemoteSpeedupEvaluator - INFO - [level1_74_conv_transposed_1D_dilated] verify_plus request success
2025-08-08 19:02:24,935 - openevolve.RemoteSpeedupEvaluator - INFO - [level1_74_conv_transposed_1D_dilated] verify_plus response: {"id":"level1_74_conv_transposed_1D_dilated","result":{"compiled":true,"correctness":false,"metadata":{"hardware":"NVIDIA L20Y","device":"cuda:3","max_difference":["2.978926","3.038022","3.021031","3.136066","3.082586"],"avg_difference":["0.453066","0.452398","0.456090","0.456094","0.456335"],"correctness_issue":"Output mismatch","correctness_trials":"(0 / 5)","reference_timing_ms":0.0612,"speed_up":-1.0,"custom_timing":-1.0},"runtime":-1.0,"runtime_stats":{}}}
2025-08-08 19:02:24,935 - openevolve.RemoteSpeedupEvaluator - INFO - [level1_74_conv_transposed_1D_dilated] âœ˜ wrong_answer
2025-08-08 19:02:24,935 - openevolve.evaluator - INFO - Evaluated program 14dbf9dc-e303-4bf0-a5ee-2abf3f5aa996 in 3.21s: compiled=1.0000, correctness=0.0000, score=10.0000, stage=wrong_answer, verify_payload={'id': 'level1_74_conv_transposed_1D_dilated', 'result': {'compiled': True, 'correctness': False, 'metadata': {'hardware': 'NVIDIA L20Y', 'device': 'cuda:3', 'max_difference': ['2.978926', '3.038022', '3.021031', '3.136066', '3.082586'], 'avg_difference': ['0.453066', '0.452398', '0.456090', '0.456094', '0.456335'], 'correctness_issue': 'Output mismatch', 'correctness_trials': '(0 / 5)', 'reference_timing_ms': 0.0612, 'speed_up': -1.0, 'custom_timing': -1.0}, 'runtime': -1.0, 'runtime_stats': {}}}
2025-08-08 19:02:24,940 - openevolve.llm.ensemble - INFO - Sampled model: deepseek
2025-08-08 19:02:24,955 - openevolve.threaded_parallel - INFO - Iteration 22: Program 14dbf9dc-e303-4bf0-a5ee-2abf3f5aa996 (parent: eeefeec1-d7eb-4ae7-933d-08af9e41f24d) completed in 483.01s
2025-08-08 19:02:24,955 - openevolve.threaded_parallel - INFO - Metrics: compiled=1.0000, correctness=0.0000, score=10.0000, stage=wrong_answer, verify_payload={'id': 'level1_74_conv_transposed_1D_dilated', 'result': {'compiled': True, 'correctness': False, 'metadata': {'hardware': 'NVIDIA L20Y', 'device': 'cuda:3', 'max_difference': ['2.978926', '3.038022', '3.021031', '3.136066', '3.082586'], 'avg_difference': ['0.453066', '0.452398', '0.456090', '0.456094', '0.456335'], 'correctness_issue': 'Output mismatch', 'correctness_trials': '(0 / 5)', 'reference_timing_ms': 0.0612, 'speed_up': -1.0, 'custom_timing': -1.0}, 'runtime': -1.0, 'runtime_stats': {}}}
2025-08-08 19:12:38,113 - openevolve.RemoteSpeedupEvaluator - INFO - [level1_74_conv_transposed_1D_dilated] triton key words check pass
2025-08-08 19:12:38,113 - openevolve.RemoteSpeedupEvaluator - INFO - [level1_74_conv_transposed_1D_dilated] triton key words check pass
2025-08-08 19:12:38,114 - openevolve.RemoteSpeedupEvaluator - INFO - [level1_74_conv_transposed_1D_dilated] verify_plus payload: reference_code(1788 chars) + custom_code(4291 chars)
2025-08-08 19:12:38,114 - openevolve.RemoteSpeedupEvaluator - INFO - [level1_74_conv_transposed_1D_dilated] verify_plus payload: reference_code(1788 chars) + custom_code(5080 chars)
2025-08-08 19:12:45,325 - openevolve.RemoteSpeedupEvaluator - INFO - [level1_74_conv_transposed_1D_dilated] verify_plus request success
2025-08-08 19:12:45,326 - openevolve.RemoteSpeedupEvaluator - INFO - [level1_74_conv_transposed_1D_dilated] verify_plus response: {"id":"level1_74_conv_transposed_1D_dilated","result":{"compiled":true,"correctness":false,"metadata":{"hardware":"NVIDIA L20Y","device":"cuda:6","max_difference":["2.978926","3.038022","3.021031","3.136066","3.082586"],"avg_difference":["0.453066","0.452398","0.456090","0.456094","0.456335"],"correctness_issue":"Output mismatch","correctness_trials":"(0 / 5)","reference_timing_ms":0.0612,"speed_up":-1.0,"custom_timing":-1.0},"runtime":-1.0,"runtime_stats":{}}}
2025-08-08 19:12:45,326 - openevolve.RemoteSpeedupEvaluator - INFO - [level1_74_conv_transposed_1D_dilated] âœ˜ wrong_answer
2025-08-08 19:12:45,326 - openevolve.evaluator - INFO - Evaluated program cb47b475-0328-46b3-ba8b-a9244ef80f80 in 7.22s: compiled=1.0000, correctness=0.0000, score=10.0000, stage=wrong_answer, verify_payload={'id': 'level1_74_conv_transposed_1D_dilated', 'result': {'compiled': True, 'correctness': False, 'metadata': {'hardware': 'NVIDIA L20Y', 'device': 'cuda:6', 'max_difference': ['2.978926', '3.038022', '3.021031', '3.136066', '3.082586'], 'avg_difference': ['0.453066', '0.452398', '0.456090', '0.456094', '0.456335'], 'correctness_issue': 'Output mismatch', 'correctness_trials': '(0 / 5)', 'reference_timing_ms': 0.0612, 'speed_up': -1.0, 'custom_timing': -1.0}, 'runtime': -1.0, 'runtime_stats': {}}}
2025-08-08 19:12:45,330 - openevolve.llm.ensemble - INFO - Sampled model: deepseek
2025-08-08 19:12:45,348 - openevolve.threaded_parallel - INFO - Iteration 25: Program cb47b475-0328-46b3-ba8b-a9244ef80f80 (parent: eeefeec1-d7eb-4ae7-933d-08af9e41f24d) completed in 620.39s
2025-08-08 19:12:45,348 - openevolve.threaded_parallel - INFO - Metrics: compiled=1.0000, correctness=0.0000, score=10.0000, stage=wrong_answer, verify_payload={'id': 'level1_74_conv_transposed_1D_dilated', 'result': {'compiled': True, 'correctness': False, 'metadata': {'hardware': 'NVIDIA L20Y', 'device': 'cuda:6', 'max_difference': ['2.978926', '3.038022', '3.021031', '3.136066', '3.082586'], 'avg_difference': ['0.453066', '0.452398', '0.456090', '0.456094', '0.456335'], 'correctness_issue': 'Output mismatch', 'correctness_trials': '(0 / 5)', 'reference_timing_ms': 0.0612, 'speed_up': -1.0, 'custom_timing': -1.0}, 'runtime': -1.0, 'runtime_stats': {}}}
2025-08-08 19:12:48,056 - openevolve.RemoteSpeedupEvaluator - INFO - [level1_74_conv_transposed_1D_dilated] verify_plus request success
2025-08-08 19:12:48,057 - openevolve.RemoteSpeedupEvaluator - INFO - [level1_74_conv_transposed_1D_dilated] verify_plus response: {"id":"level1_74_conv_transposed_1D_dilated","result":{"compiled":true,"correctness":false,"metadata":{"hardware":"NVIDIA L20Y","device":"cuda:0","runtime_error":"Traceback (most recent call last):\n  File \"/cpfs01/shared/llm_kernel/hujiakai/KernelLLM/validation_api_server/helpers/evaluations.py\", line 720, in run_and_check_correctness\n    output_new = model_new(*inputs)\n  File \"/home/lijiaxing/.conda/envs/api/lib/python3.10/site-packages/torch/nn/modules/module.py\", line 1773, in _wrapped_call_impl\n    return self._call_impl(*args, **kwargs)\n  File \"/home/lijiaxing/.conda/envs/api/lib/python3.10/site-packages/torch/nn/modules/module.py\", line 1784, in _call_impl\n    return forward_call(*args, **kwargs)\n  File \"/tmp/tmpamj2d9xo.py\", line 114, in forward\n    conv_transpose1d_
2025-08-08 19:12:48,057 - openevolve.RemoteSpeedupEvaluator - INFO - [level1_74_conv_transposed_1D_dilated] âœ˜ wrong_answer
2025-08-08 19:12:48,057 - openevolve.evaluator - INFO - Evaluated program e494f55b-3d61-46e4-820e-17b8f85e888c in 9.95s: compiled=1.0000, correctness=0.0000, score=10.0000, stage=wrong_answer, verify_payload={'id': 'level1_74_conv_transposed_1D_dilated', 'result': {'compiled': True, 'correctness': False, 'metadata': {'hardware': 'NVIDIA L20Y', 'device': 'cuda:0', 'runtime_error': 'Traceback (most recent call last):\n  File "/cpfs01/shared/llm_kernel/hujiakai/KernelLLM/validation_api_server/helpers/evaluations.py", line 720, in run_and_check_correctness\n    output_new = model_new(*inputs)\n  File "/home/lijiaxing/.conda/envs/api/lib/python3.10/site-packages/torch/nn/modules/module.py", line 1773, in _wrapped_call_impl\n    return self._call_impl(*args, **kwargs)\n  File "/home/lijiaxing/.conda/envs/api/lib/python3.10/site-packages/torch/nn/modules/module.py", line 1784, in _call_impl\n    return forward_call(*args, **kwargs)\n  File "/tmp/tmpamj2d9xo.py", line 114, in forward\n    conv_transpose1d_forward[grid](\n  File "/home/lijiaxing/.conda/envs/api/lib/python3.10/site-packages/triton/runtime/jit.py", line 390, in <lambda>\n    return lambda *args, **kwargs: self.run(grid=grid, warmup=False, *args, **kwargs)\n  File "/home/lijiaxing/.conda/envs/api/lib/python3.10/site-packages/triton/runtime/autotuner.py", line 239, in run\n    benchmark()\n  File "/home/lijiaxing/.conda/envs/api/lib/python3.10/site-packages/triton/runtime/autotuner.py", line 228, in benchmark\n    timings = {config: self._bench(*args, config=config, **kwargs) for config in pruned_configs}\n  File "/home/lijiaxing/.conda/envs/api/lib/python3.10/site-packages/triton/runtime/autotuner.py", line 228, in <dictcomp>\n    timings = {config: self._bench(*args, config=config, **kwargs) for config in pruned_configs}\n  File "/home/lijiaxing/.conda/envs/api/lib/python3.10/site-packages/triton/runtime/autotuner.py", line 135, in _bench\n    raise ValueError(f"Conflicting meta-parameters: {\', \'.join(conflicts)}."\nValueError: Conflicting meta-parameters: VEC_SIZE, BLOCK_SIZE. Make sure that you don\'t re-define auto-tuned symbols.\n', 'runtime_error_name': 'builtins.ValueError', 'reference_timing_ms': 0.0612, 'speed_up': -1.0, 'custom_timing': -1.0}, 'runtime': -1.0, 'runtime_stats': {}}}
2025-08-08 19:12:48,061 - openevolve.llm.ensemble - INFO - Sampled model: deepseek
2025-08-08 19:12:48,063 - openevolve.database - INFO - Population size (26) exceeds limit (25), removing 1 programs
2025-08-08 19:12:48,063 - openevolve.database - INFO - Population size after cleanup: 25
2025-08-08 19:12:48,074 - openevolve.threaded_parallel - INFO - Iteration 23: Program e494f55b-3d61-46e4-820e-17b8f85e888c (parent: 783f06b3-bed1-4aed-b645-3030dedf7149) completed in 1064.64s
2025-08-08 19:12:48,075 - openevolve.threaded_parallel - INFO - Metrics: compiled=1.0000, correctness=0.0000, score=10.0000, stage=wrong_answer, verify_payload={'id': 'level1_74_conv_transposed_1D_dilated', 'result': {'compiled': True, 'correctness': False, 'metadata': {'hardware': 'NVIDIA L20Y', 'device': 'cuda:0', 'runtime_error': 'Traceback (most recent call last):\n  File "/cpfs01/shared/llm_kernel/hujiakai/KernelLLM/validation_api_server/helpers/evaluations.py", line 720, in run_and_check_correctness\n    output_new = model_new(*inputs)\n  File "/home/lijiaxing/.conda/envs/api/lib/python3.10/site-packages/torch/nn/modules/module.py", line 1773, in _wrapped_call_impl\n    return self._call_impl(*args, **kwargs)\n  File "/home/lijiaxing/.conda/envs/api/lib/python3.10/site-packages/torch/nn/modules/module.py", line 1784, in _call_impl\n    return forward_call(*args, **kwargs)\n  File "/tmp/tmpamj2d9xo.py", line 114, in forward\n    conv_transpose1d_forward[grid](\n  File "/home/lijiaxing/.conda/envs/api/lib/python3.10/site-packages/triton/runtime/jit.py", line 390, in <lambda>\n    return lambda *args, **kwargs: self.run(grid=grid, warmup=False, *args, **kwargs)\n  File "/home/lijiaxing/.conda/envs/api/lib/python3.10/site-packages/triton/runtime/autotuner.py", line 239, in run\n    benchmark()\n  File "/home/lijiaxing/.conda/envs/api/lib/python3.10/site-packages/triton/runtime/autotuner.py", line 228, in benchmark\n    timings = {config: self._bench(*args, config=config, **kwargs) for config in pruned_configs}\n  File "/home/lijiaxing/.conda/envs/api/lib/python3.10/site-packages/triton/runtime/autotuner.py", line 228, in <dictcomp>\n    timings = {config: self._bench(*args, config=config, **kwargs) for config in pruned_configs}\n  File "/home/lijiaxing/.conda/envs/api/lib/python3.10/site-packages/triton/runtime/autotuner.py", line 135, in _bench\n    raise ValueError(f"Conflicting meta-parameters: {\', \'.join(conflicts)}."\nValueError: Conflicting meta-parameters: VEC_SIZE, BLOCK_SIZE. Make sure that you don\'t re-define auto-tuned symbols.\n', 'runtime_error_name': 'builtins.ValueError', 'reference_timing_ms': 0.0612, 'speed_up': -1.0, 'custom_timing': -1.0}, 'runtime': -1.0, 'runtime_stats': {}}}
2025-08-08 19:13:16,241 - openevolve.RemoteSpeedupEvaluator - INFO - [level1_74_conv_transposed_1D_dilated] triton key words check pass
2025-08-08 19:13:16,243 - openevolve.RemoteSpeedupEvaluator - INFO - [level1_74_conv_transposed_1D_dilated] verify_plus payload: reference_code(1788 chars) + custom_code(4505 chars)
2025-08-08 19:13:38,989 - openevolve.RemoteSpeedupEvaluator - INFO - [level1_74_conv_transposed_1D_dilated] verify_plus request success
2025-08-08 19:13:38,989 - openevolve.RemoteSpeedupEvaluator - INFO - [level1_74_conv_transposed_1D_dilated] verify_plus response: {"id":"level1_74_conv_transposed_1D_dilated","result":{"compiled":true,"correctness":false,"metadata":{"hardware":"NVIDIA L20Y","device":"cuda:6","runtime_error":"Traceback (most recent call last):\n  File \"/home/lijiaxing/.conda/envs/api/lib/python3.10/site-packages/triton/language/core.py\", line 42, in wrapper\n    return fn(*args, **kwargs)\n  File \"/home/lijiaxing/.conda/envs/api/lib/python3.10/site-packages/triton/language/core.py\", line 2150, in load\n    return _semantic.load(pointer, mask, other, boundary_check, padding_option, cache_modifier, eviction_policy,\n  File \"/home/lijiaxing/.conda/envs/api/lib/python3.10/site-packages/triton/language/semantic.py\", line 1086, in load\n    return self._load_legacy(ptr, mask, other, boundary_check, padding, cache, eviction, is_volatil
2025-08-08 19:13:38,990 - openevolve.RemoteSpeedupEvaluator - INFO - [level1_74_conv_transposed_1D_dilated] âœ˜ wrong_answer
2025-08-08 19:13:38,990 - openevolve.evaluator - INFO - Evaluated program d82fd6f9-df42-4fe5-9f67-d515c3a3232f in 22.75s: compiled=1.0000, correctness=0.0000, score=10.0000, stage=wrong_answer, verify_payload={'id': 'level1_74_conv_transposed_1D_dilated', 'result': {'compiled': True, 'correctness': False, 'metadata': {'hardware': 'NVIDIA L20Y', 'device': 'cuda:6', 'runtime_error': 'Traceback (most recent call last):\n  File "/home/lijiaxing/.conda/envs/api/lib/python3.10/site-packages/triton/language/core.py", line 42, in wrapper\n    return fn(*args, **kwargs)\n  File "/home/lijiaxing/.conda/envs/api/lib/python3.10/site-packages/triton/language/core.py", line 2150, in load\n    return _semantic.load(pointer, mask, other, boundary_check, padding_option, cache_modifier, eviction_policy,\n  File "/home/lijiaxing/.conda/envs/api/lib/python3.10/site-packages/triton/language/semantic.py", line 1086, in load\n    return self._load_legacy(ptr, mask, other, boundary_check, padding, cache, eviction, is_volatile)\n  File "/home/lijiaxing/.conda/envs/api/lib/python3.10/site-packages/triton/language/semantic.py", line 1017, in _load_legacy\n    raise ValueError(f"Unsupported ptr type {ptr.type.__repr__()} in `tl.load`")\nValueError: Unsupported ptr type <[\'128\'], int64> in `tl.load`\n\nThe above exception was the direct cause of the following exception:\n\nTraceback (most recent call last):\n  File "/cpfs01/shared/llm_kernel/hujiakai/KernelLLM/validation_api_server/helpers/evaluations.py", line 720, in run_and_check_correctness\n    output_new = model_new(*inputs)\n  File "/home/lijiaxing/.conda/envs/api/lib/python3.10/site-packages/torch/nn/modules/module.py", line 1773, in _wrapped_call_impl\n    return self._call_impl(*args, **kwargs)\n  File "/home/lijiaxing/.conda/envs/api/lib/python3.10/site-packages/torch/nn/modules/module.py", line 1784, in _call_impl\n    return forward_call(*args, **kwargs)\n  File "/tmp/tmpbjo0uq2s.py", line 114, in forward\n    _conv_transpose1d_kernel[grid](\n  File "/home/lijiaxing/.conda/envs/api/lib/python3.10/site-packages/triton/runtime/jit.py", line 390, in <lambda>\n    return lambda *args, **kwargs: self.run(grid=grid, warmup=False, *args, **kwargs)\n  File "/home/lijiaxing/.conda/envs/api/lib/python3.10/site-packages/triton/runtime/jit.py", line 594, in run\n    kernel = self.compile(src, target=target, options=options.__dict__)\n  File "/home/lijiaxing/.conda/envs/api/lib/python3.10/site-packages/triton/compiler/compiler.py", line 339, in compile\n    module = src.make_ir(options, codegen_fns, module_map, context)\n  File "/home/lijiaxing/.conda/envs/api/lib/python3.10/site-packages/triton/compiler/compiler.py", line 83, in make_ir\n    return ast_to_ttir(self.fn, self, context=context, options=options, codegen_fns=codegen_fns,\ntriton.compiler.errors.CompilationError: at 43:24:\n\n    accumulator = tl.zeros((BLOCK_SIZE,), dtype=tl.float32)\n\n    for ic in range(in_channels):\n        for k in range(kernel_size):\n            pos = output_idx + padding - dilation * k\n            input_idx = pos // stride\n            remainder = pos % stride\n\n            valid = (remainder == 0) & (input_idx >= 0) & (input_idx < in_length) & mask\n            x_offset = pid_b * stride_xb + ic * stride_xc + input_idx * stride_xl\n            input_val = tl.load(\n                        ^\n\n\nThe above exception was the direct cause of the following exception:\n\nTraceback (most recent call last):\n  File "/home/lijiaxing/.conda/envs/api/lib/python3.10/site-packages/triton/language/core.py", line 42, in wrapper\n    return fn(*args, **kwargs)\n  File "/home/lijiaxing/.conda/envs/api/lib/python3.10/site-packages/triton/language/core.py", line 2150, in load\n    return _semantic.load(pointer, mask, other, boundary_check, padding_option, cache_modifier, eviction_policy,\n  File "/home/lijiaxing/.conda/envs/api/lib/python3.10/site-packages/triton/language/semantic.py", line 1086, in load\n    return self._load_legacy(ptr, mask, other, boundary_check, padding, cache, eviction, is_volatile)\n  File "/home/lijiaxing/.conda/envs/api/lib/python3.10/site-packages/triton/language/semantic.py", line 1017, in _load_legacy\n    raise ValueError(f"Unsupported ptr type {ptr.type.__repr__()} in `tl.load`")\nValueError: Unsupported ptr type <[\'128\'], int64> in `tl.load`\n', 'runtime_error_name': 'triton.compiler.errors.CompilationError', 'reference_timing_ms': 0.0612, 'speed_up': -1.0, 'custom_timing': -1.0}, 'runtime': -1.0, 'runtime_stats': {}}}
2025-08-08 19:13:38,996 - openevolve.llm.ensemble - INFO - Sampled model: deepseek
2025-08-08 19:13:39,000 - openevolve.database - INFO - Population size (26) exceeds limit (25), removing 1 programs
2025-08-08 19:13:39,000 - openevolve.database - INFO - Population size after cleanup: 25
2025-08-08 19:13:39,012 - openevolve.threaded_parallel - INFO - Iteration 24: Program d82fd6f9-df42-4fe5-9f67-d515c3a3232f (parent: 2d10f64c-69fe-4d63-a57c-0309e33b3a79) completed in 829.78s
2025-08-08 19:13:39,012 - openevolve.threaded_parallel - INFO - Metrics: compiled=1.0000, correctness=0.0000, score=10.0000, stage=wrong_answer, verify_payload={'id': 'level1_74_conv_transposed_1D_dilated', 'result': {'compiled': True, 'correctness': False, 'metadata': {'hardware': 'NVIDIA L20Y', 'device': 'cuda:6', 'runtime_error': 'Traceback (most recent call last):\n  File "/home/lijiaxing/.conda/envs/api/lib/python3.10/site-packages/triton/language/core.py", line 42, in wrapper\n    return fn(*args, **kwargs)\n  File "/home/lijiaxing/.conda/envs/api/lib/python3.10/site-packages/triton/language/core.py", line 2150, in load\n    return _semantic.load(pointer, mask, other, boundary_check, padding_option, cache_modifier, eviction_policy,\n  File "/home/lijiaxing/.conda/envs/api/lib/python3.10/site-packages/triton/language/semantic.py", line 1086, in load\n    return self._load_legacy(ptr, mask, other, boundary_check, padding, cache, eviction, is_volatile)\n  File "/home/lijiaxing/.conda/envs/api/lib/python3.10/site-packages/triton/language/semantic.py", line 1017, in _load_legacy\n    raise ValueError(f"Unsupported ptr type {ptr.type.__repr__()} in `tl.load`")\nValueError: Unsupported ptr type <[\'128\'], int64> in `tl.load`\n\nThe above exception was the direct cause of the following exception:\n\nTraceback (most recent call last):\n  File "/cpfs01/shared/llm_kernel/hujiakai/KernelLLM/validation_api_server/helpers/evaluations.py", line 720, in run_and_check_correctness\n    output_new = model_new(*inputs)\n  File "/home/lijiaxing/.conda/envs/api/lib/python3.10/site-packages/torch/nn/modules/module.py", line 1773, in _wrapped_call_impl\n    return self._call_impl(*args, **kwargs)\n  File "/home/lijiaxing/.conda/envs/api/lib/python3.10/site-packages/torch/nn/modules/module.py", line 1784, in _call_impl\n    return forward_call(*args, **kwargs)\n  File "/tmp/tmpbjo0uq2s.py", line 114, in forward\n    _conv_transpose1d_kernel[grid](\n  File "/home/lijiaxing/.conda/envs/api/lib/python3.10/site-packages/triton/runtime/jit.py", line 390, in <lambda>\n    return lambda *args, **kwargs: self.run(grid=grid, warmup=False, *args, **kwargs)\n  File "/home/lijiaxing/.conda/envs/api/lib/python3.10/site-packages/triton/runtime/jit.py", line 594, in run\n    kernel = self.compile(src, target=target, options=options.__dict__)\n  File "/home/lijiaxing/.conda/envs/api/lib/python3.10/site-packages/triton/compiler/compiler.py", line 339, in compile\n    module = src.make_ir(options, codegen_fns, module_map, context)\n  File "/home/lijiaxing/.conda/envs/api/lib/python3.10/site-packages/triton/compiler/compiler.py", line 83, in make_ir\n    return ast_to_ttir(self.fn, self, context=context, options=options, codegen_fns=codegen_fns,\ntriton.compiler.errors.CompilationError: at 43:24:\n\n    accumulator = tl.zeros((BLOCK_SIZE,), dtype=tl.float32)\n\n    for ic in range(in_channels):\n        for k in range(kernel_size):\n            pos = output_idx + padding - dilation * k\n            input_idx = pos // stride\n            remainder = pos % stride\n\n            valid = (remainder == 0) & (input_idx >= 0) & (input_idx < in_length) & mask\n            x_offset = pid_b * stride_xb + ic * stride_xc + input_idx * stride_xl\n            input_val = tl.load(\n                        ^\n\n\nThe above exception was the direct cause of the following exception:\n\nTraceback (most recent call last):\n  File "/home/lijiaxing/.conda/envs/api/lib/python3.10/site-packages/triton/language/core.py", line 42, in wrapper\n    return fn(*args, **kwargs)\n  File "/home/lijiaxing/.conda/envs/api/lib/python3.10/site-packages/triton/language/core.py", line 2150, in load\n    return _semantic.load(pointer, mask, other, boundary_check, padding_option, cache_modifier, eviction_policy,\n  File "/home/lijiaxing/.conda/envs/api/lib/python3.10/site-packages/triton/language/semantic.py", line 1086, in load\n    return self._load_legacy(ptr, mask, other, boundary_check, padding, cache, eviction, is_volatile)\n  File "/home/lijiaxing/.conda/envs/api/lib/python3.10/site-packages/triton/language/semantic.py", line 1017, in _load_legacy\n    raise ValueError(f"Unsupported ptr type {ptr.type.__repr__()} in `tl.load`")\nValueError: Unsupported ptr type <[\'128\'], int64> in `tl.load`\n', 'runtime_error_name': 'triton.compiler.errors.CompilationError', 'reference_timing_ms': 0.0612, 'speed_up': -1.0, 'custom_timing': -1.0}, 'runtime': -1.0, 'runtime_stats': {}}}
2025-08-08 19:13:39,012 - openevolve.threaded_parallel - INFO - Checkpoint interval reached at iteration 24
2025-08-08 19:13:39,013 - openevolve.database - INFO - Island Status:
2025-08-08 19:13:39,013 - openevolve.database - INFO -  * Island 0: 10 programs, best=20.0000, avg=11.1000, diversity=337.90, gen=10 (best: 3fe97380-3e64-440e-b62d-344bcbfa7f0a)
2025-08-08 19:13:39,013 - openevolve.database - INFO -    Island 1: 8 programs, best=10.0000, avg=10.0000, diversity=275.07, gen=8 (best: 2d10f64c-69fe-4d63-a57c-0309e33b3a79)
2025-08-08 19:13:39,013 - openevolve.database - INFO -    Island 2: 7 programs, best=10.0000, avg=-5.7143, diversity=447.92, gen=8 (best: eeefeec1-d7eb-4ae7-933d-08af9e41f24d)
2025-08-08 19:13:39,292 - openevolve.database - INFO - Saved database with 25 programs to openevolve_output/level1_74_conv_transposed_1D_dilated/checkpoints/checkpoint_24
2025-08-08 19:13:39,303 - openevolve.controller - INFO - Saved best program at checkpoint 24 with metrics: compiled=1.0000, correctness=1.0000, stage=success, passed=0.0000, score=20.0000, speed_up=0.9810, runtime_ms=0.0624, meta={'hardware': 'NVIDIA L20Y', 'device': 'cuda:0', 'correctness_trials': '(5 / 5)', 'reference_timing_ms': 0.0612, 'speed_up': 0.981, 'custom_timing': 0.0624}
2025-08-08 19:13:39,303 - openevolve.controller - INFO - Saved checkpoint at iteration 24 to openevolve_output/level1_74_conv_transposed_1D_dilated/checkpoints/checkpoint_24
